2026-02-22 13:05:44.106  1021-1201  InputReader             system_server                        I  Touch event's action is 0x0 (id=3, t=0) [pCnt=1, s=0.31963 ] when=248567.664550
2026-02-22 13:05:44.108  1021-1021  InputDispatcher         system_server                        D  Inject motion (0/0): action=0x0, time=248567664550000, f=0x0, d=0 dsdx=1.000000 dtdx=0.000000
2026-02-22 13:05:44.111   751-751   Layer                   surfaceflinger                       I  Layer [Sprite#54446] hidden!! flag(0)
2026-02-22 13:05:44.111  1021-1200  InputDispatcher         system_server                        I  Delivering touch to (1478): action: 0x4, f=0x0, d=0, '168efb ', t=1 
2026-02-22 13:05:44.111  1021-1200  InputDispatcher         system_server                        I  Delivering touch to (8764): action: 0x0, f=0x0, d=0, '81cdcc1', t=1 
2026-02-22 13:05:44.111  8764-8764  ViewRootIm...tyDefault] com.linkedin.android                 I  ViewPostIme pointer 0
2026-02-22 13:05:44.112  1988-1988  HoneySpace...putHandler com.sec.android.app.launcher         I  inputConsumers = [com.honeyspace.gesture.inputconsumer.InputConsumer$Companion$NO_OP$1@c9d3a01]
2026-02-22 13:05:44.113  1021-1065  GestureDetector         system_server                        I  obtain mCurrentDownEvent. id: 197272698 caller: com.android.server.wm.SystemGesturesPointerEventListener.onPointerEvent:204 com.android.server.wm.PointerEventDispatcher.onInputEvent:53 android.view.InputEventReceiver.dispatchInputEvent:337 
2026-02-22 13:05:44.113  1988-1988  HoneySpace.InputSession com.sec.android.app.launcher         I  inputConsumers = NO_OP
2026-02-22 13:05:44.113  1021-1065  GestureDetector         system_server                        I  obtain mCurrentDownEvent. id: 197272698 caller: com.android.server.wm.SystemPerformancePointerEventListener.onPointerEvent:89 com.android.server.wm.PointerEventDispatcher.onInputEvent:53 android.view.InputEventReceiver.dispatchInputEvent:337 
2026-02-22 13:05:44.115  1988-1988  HoneySpace.InputSession com.sec.android.app.launcher         I  open
2026-02-22 13:05:44.127  1021-1065  GestureDetector         system_server                        I  obtain mCurrentMotionEventRaw. action: 2 id: 374406100
2026-02-22 13:05:44.127   751-751   SurfaceFlinger          surfaceflinger                       D  Display 4633128672291735931 HWC layers:
                                                                                                         DEVICE | 0xb4000073ee4e3380 | 0102 | RGBA_8888    |    0.0    0.0 1080.0 2408.0 |    0    0 1080 2408 | com.linkedin.android/com.linkedin.an[...]or.LaunchActivityDefault$_8764#57070
                                                                                                         DEVICE | 0xb4000073ea0e5d80 | 0100 | RGBA_8888    |    0.0    0.0 1080.0   65.0 |    0    0 1080   65 | StatusBar$_1478#89
                                                                                                         DEVICE | 0xb4000074016e2d00 | 0100 | RGBA_8888    |    0.0    0.0  388.0   90.0 |  692 2318 1080 2408 | SGestureOverlayWindow$_1988#56576
                                                                                                         DEVICE | 0xb4000073ee4d8600 | 0100 | RGBA_8888    |    0.0    0.0 1080.0  135.0 |    0 2273 1080 2408 | NavigationBar0$_1478#81
                                                                                                         DEVICE | 0xb4000073ee4da880 | 0100 | RGBA_8888    |    0.0    0.0   68.0   68.0 |  891 1611  959 1679 | bbq-wrapper#54449
2026-02-22 13:05:44.127  1021-1065  GestureDetector         system_server                        I  obtain mCurrentMotionEventRaw. action: 2 id: 374406100
2026-02-22 13:05:44.139  1021-1358  SemWifiServiceDetector  system_server                        I  NSD results: [0, 0, 2, 0, 0, 1, 2, 1, 1] Traff. type 1 Thr 15
2026-02-22 13:05:44.155   751-2377  NativeSemDvfsManager    surfaceflinger                       D  acquire:: timeout = 2000 mIsAcquired = 1  mTagName : SurfaceFlinger 
2026-02-22 13:05:44.156   751-2377  NativeCust...ncyManager surfaceflinger                       E  [NativeCFMS] BpCustomFrequencyManager::acquire()
2026-02-22 13:05:44.156   676-723   HYPER-HAL               ven...amsung.hardware.hyper-service  I  [RequestManager.cpp]acquire(): Acquired ID : 1534876  [751 / 1000]    HINT : SF_GPU_MINLOCK    list : [TIMEOUT / 2000] 
2026-02-22 13:05:44.305  1021-1385  WifiConnec...tsAnalyzer system_server                        D  Backhaul result - RSSI:-60, CE:12, PE:12, TI:17, PTI:17, TW:2, PTW:2, Tx:966, Rx:807, TxS:923, RxS:805, RESULT:true, IC:0, ICT:5, WC:0, WCT:5, R:0, RC:0, IE:0, EC:0
2026-02-22 13:05:44.440   909-939   bauth_FPBAuthService    ven...iometrics.fingerprint-service  I  pcf : 0x1012, 0 ,2 ,0 ,0 ,0 ,2, 8.0.0.3
2026-02-22 13:05:44.440   909-939   bauth_FPBAuthService    ven...iometrics.fingerprint-service  I  thread id : 2, preenroll_flag : 0, nd cnt : 1, cso : 1, et : 0
2026-02-22 13:05:44.440   909-939   bauth_FPBAuthService    ven...iometrics.fingerprint-service  I  FPBAuthService::timerHandler complete
2026-02-22 13:05:44.447   751-751   SurfaceFlinger          surfaceflinger                       D  GPIS:: requestGPISForClientComposition
2026-02-22 13:05:44.456  1021-1200  PowerManagerService     system_server                        D  [api] userActivityFromNative : touch displayId=0 eventTime=248568013
2026-02-22 13:05:44.537  1021-1201  InputReader             system_server                        D  Btn_touch(7): value=0 when=248568.096231
2026-02-22 13:05:44.537  1021-1201  InputReader             system_server                        I  Touch event's action is 0x1 (id=3, t=0) [pCnt=1, s=] when=248568.096231
2026-02-22 13:05:44.538  1021-1021  InputDispatcher         system_server                        D  Inject motion (0/0): action=0x1, time=248568096231000, f=0x0, d=0 dsdx=1.000000 dtdx=0.000000
2026-02-22 13:05:44.539  1021-1200  InputDispatcher         system_server                        I  Delivering touch to (8764): action: 0x1, f=0x0, d=0, '81cdcc1', t=1 
2026-02-22 13:05:44.539  8764-8764  ViewRootIm...tyDefault] com.linkedin.android                 I  ViewPostIme pointer 1
2026-02-22 13:05:44.540  1988-1988  HoneySpace...putHandler com.sec.android.app.launcher         I  reset
2026-02-22 13:05:44.540  1988-1988  HoneySpace.InputSession com.sec.android.app.launcher         I  close
2026-02-22 13:05:44.541  1021-1021  SemDvfsHyPerManager     system_server                        I  acquire hyper - GESTURE_DETECTED/1021@23, type = -999
2026-02-22 13:05:44.542  1021-1021  SemDvfsHyPerManager     system_server                        I  acquire hyper - GESTURE_DETECTED/1021@23, type = -999
2026-02-22 13:05:44.542   676-723   HYPER-HAL               ven...amsung.hardware.hyper-service  I  [RequestManager.cpp]acquire(): Acquired ID : 545513  [1021 / 23]    HINT : GESTURE_DETECTED    list : [TIMEOUT / 310] 
2026-02-22 13:05:44.543   676-723   HYPER-HAL               ven...amsung.hardware.hyper-service  I  [RequestManager.cpp]acquire(): Acquired ID : 545513  [1021 / 23]    HINT : GESTURE_DETECTED    list : [TIMEOUT / 310] 
2026-02-22 13:05:44.774   751-751   Layer                   surfaceflinger                       I  Layer [Sprite#54446] hidden!! flag(1)
2026-02-22 13:05:44.774   462-462   io_stats                iod                                  D  !@ 179,0 r 39044 1426594 w 21 521 d 0 0 f 0 0 iot 81892 0 th 0 0 0 pt 0 inp 0 0 248568.333
2026-02-22 13:05:44.774   462-462   io_stats                iod                                  D  !@   8,0 r 160430278 2507982562 w 50452784 423269932 d 3106897 371800756 f 1474937 4717348 iot 59802528 0 th 0 0 0 pt 0 inp 0 0 248568.333
2026-02-22 13:05:44.787   751-751   SurfaceFlinger          surfaceflinger                       D  Display 4633128672291735931 HWC layers:
                                                                                                         DEVICE | 0xb4000073ee4e3380 | 0102 | RGBA_8888    |    0.0    0.0 1080.0 2408.0 |    0    0 1080 2408 | com.linkedin.android/com.linkedin.an[...]or.LaunchActivityDefault$_8764#57070
                                                                                                         DEVICE | 0xb4000073ea0e5d80 | 0100 | RGBA_8888    |    0.0    0.0 1080.0   65.0 |    0    0 1080   65 | StatusBar$_1478#89
                                                                                                         DEVICE | 0xb4000074016e2d00 | 0100 | RGBA_8888    |    0.0    0.0  388.0   90.0 |  692 2318 1080 2408 | SGestureOverlayWindow$_1988#56576
                                                                                                         DEVICE | 0xb4000073ee4d8600 | 0100 | RGBA_8888    |    0.0    0.0 1080.0  135.0 |    0 2273 1080 2408 | NavigationBar0$_1478#81
2026-02-22 13:05:44.801  1021-4651  ProcessStats            system_server                        W  Tracking association SourceState{a637eeb com.google.android.gms.persistent/10188 ImpBg #1371003} whose proc state 6 is better than process ProcessState{410bb8c com.google.android.gms/10188 pkg=com.google.android.gms} proc state 14 (2 skipped)
2026-02-22 13:05:44.811 15115-13916 NetworkScheduler.Stats  com.google.android.gms.persistent    I  (REDACTED) Task %s/%s started execution. cause:%s exec_start_elapsed_seconds: %s
2026-02-22 13:05:44.822 15115-14343 NetworkScheduler.Stats  com.google.android.gms.persistent    I  (REDACTED) Task %s/%s finished executing. cause:%s result: %s elapsed_millis: %s uptime_millis: %s exec_start_elapsed_seconds: %s
2026-02-22 13:05:44.854   676-14460 HYPER-HAL               ven...amsung.hardware.hyper-service  I  [RequestManager.cpp]releaseLocked(): Released ID : 545513
2026-02-22 13:05:45.061 26842-26842 wpa_supplicant          wpa_supplicant                       I  Heartbeat 1539
2026-02-22 13:05:45.291   751-751   SurfaceFlinger          surfaceflinger                       D  GPIS:: requestGPISForClientComposition
2026-02-22 13:05:45.441   909-939   bauth_FPBAuthService    ven...iometrics.fingerprint-service  I  pcf : 0x1012, 0 ,2 ,0 ,0 ,0 ,2, 8.0.0.3
2026-02-22 13:05:45.441   909-939   bauth_FPBAuthService    ven...iometrics.fingerprint-service  I  thread id : 2, preenroll_flag : 0, nd cnt : 1, cso : 1, et : 0
2026-02-22 13:05:45.441   909-939   bauth_FPBAuthService    ven...iometrics.fingerprint-service  I  FPBAuthService::timerHandler complete
2026-02-22 13:05:45.863   672-735   SensorsHub              and....sensors@2.0-service.multihal  I  DeviceOrientation(0): event = 1, time = 732022641441528
2026-02-22 13:05:45.864  1021-1065  WindowOrie...onListener system_server                        D  onSensorChanged device orientation: 1
2026-02-22 13:05:45.865  1478-1478  AppController           com.android.systemui                 D  AppControlSensorListener.onSensorChanged, Rotation: 1
2026-02-22 13:05:45.866  1021-1065  WindowManager           system_server                        V  rotationForOrientation(orient=SCREEN_ORIENTATION_UNSPECIFIED (-1), last=ROTATION_0 (0)); user=ROTATION_0 (0) 
2026-02-22 13:05:45.866  1021-1065  WindowManager           system_server                        D  rotationForOrientation, orientationSource=ActivityRecord{8489e88 u0 com.linkedin.android/.authenticator.LaunchActivityDefault t24386}
2026-02-22 13:05:45.867  1021-1065  WindowManager           system_server                        V  Computed rotation=ROTATION_90 (1) for display id=0 based on lastOrientation=SCREEN_ORIENTATION_UNSPECIFIED (-1) and oldRotation=ROTATION_0 (0), caller=com.android.server.wm.DisplayContent.updateRotationUnchecked:2674 com.android.server.wm.WindowManagerService.updateRotationUnchecked:4859 com.android.server.wm.WindowManagerService.updateRotation:4840 com.android.server.wm.DisplayRotation$OrientationListener.onProposedRotationChanged:2348 com.android.server.wm.WindowOrientationListener$OrientationSensorJudge.finalizeRotation:1398 com.android.server.wm.WindowOrientationListener$OrientationSensorJudge.onSensorChanged:1325 
2026-02-22 13:05:45.867  1021-1065  PhoneWindowManagerExt   system_server                        D  setRotation: rotation=1
2026-02-22 13:05:45.867  1021-1065  PhoneWindowManagerExt   system_server                        D  HINT_PWM_ROTATION acquire()
2026-02-22 13:05:45.867  1021-1065  SemDvfsHyPerManager     system_server                        I  acquire hyper - PWM_ROTATION/1021@25, type = -999
2026-02-22 13:05:45.868   676-723   HYPER-HAL               ven...amsung.hardware.hyper-service  I  [RequestManager.cpp]acquire(): Acquired ID : 547606  [1021 / 25]    HINT : PWM_ROTATION    list : 
2026-02-22 13:05:45.870  1021-1065  WindowManager           system_server                        D  Transition is created, t=TransitionRecord{7a80124 id=-1 type=CHANGE flags=0x0}, caller=com.android.server.wm.TransitionController.createTransition:339 com.android.server.wm.TransitionController.requestTransitionIfNeeded:814 com.android.server.wm.DisplayContent.requestChangeTransitionIfNeeded:4352 com.android.server.wm.DisplayRotation.updateRotationUnchecked:708 com.android.server.wm.DisplayContent.updateRotationUnchecked:2674 
2026-02-22 13:05:45.871  1021-1065  WindowManager           system_server                        D  SyncGroup is created, id=3388, name=Transition, caller=com.android.server.wm.BLASTSyncEngine$SyncGroup.<init>:0 com.android.server.wm.BLASTSyncEngine.prepareSyncSet:513 com.android.server.wm.BLASTSyncEngine.startSyncSet:518 com.android.server.wm.Transition.startCollecting:710 com.android.server.wm.TransitionController.moveToCollecting:360 com.android.server.wm.TransitionController.createTransition:341 com.android.server.wm.TransitionController.requestTransitionIfNeeded:814 
2026-02-22 13:05:45.871  1021-1065  WindowManager           system_server                        W  setSyncMethod, id=3388, method=0, caller=com.android.server.wm.Transition.startCollecting:712 com.android.server.wm.TransitionController.moveToCollecting:360 com.android.server.wm.TransitionController.createTransition:341 
2026-02-22 13:05:45.872  1021-1065  WindowManager           system_server                        V  Start collecting in Transition: TransitionRecord{7a80124 id=3388 type=CHANGE flags=0x0}, caller=com.android.server.wm.TransitionController.createTransition:341 com.android.server.wm.TransitionController.requestTransitionIfNeeded:814 com.android.server.wm.DisplayContent.requestChangeTransitionIfNeeded:4352 com.android.server.wm.DisplayRotation.updateRotationUnchecked:708 com.android.server.wm.DisplayContent.updateRotationUnchecked:2674 
2026-02-22 13:05:45.872  1021-1065  WindowManager           system_server                        V  Requesting StartTransition: TransitionRecord{7a80124 id=3388 type=CHANGE flags=0x0}, caller=com.android.server.wm.TransitionController.requestTransitionIfNeeded:814 com.android.server.wm.DisplayContent.requestChangeTransitionIfNeeded:4352 com.android.server.wm.DisplayRotation.updateRotationUnchecked:708 com.android.server.wm.DisplayContent.updateRotationUnchecked:2674 com.android.server.wm.WindowManagerService.updateRotationUnchecked:4859 
2026-02-22 13:05:45.873  1021-1065  WindowManager           system_server                        V  Collecting in transition 3388: Display{#0 state=ON size=1080x2408 ROTATION_0}, caller=com.android.server.wm.Transition.collect:759 com.android.server.wm.TransitionController.collect:935 com.android.server.wm.TransitionController.requestTransitionIfNeeded:831 com.android.server.wm.DisplayContent.requestChangeTransitionIfNeeded:4352 com.android.server.wm.DisplayRotation.updateRotationUnchecked:708 
2026-02-22 13:05:45.873  1021-1065  WindowManager           system_server                        D  prepareSync <SYNC_STATE_WAITING_FOR_DRAW>, mPrepareSyncSeqId=0, win=Window{ebcf022 u0 LockscreenShortcutBlur}
2026-02-22 13:05:45.873  1021-1065  WindowManager           system_server                        D  prepareSync <SYNC_STATE_WAITING_FOR_DRAW>, mPrepareSyncSeqId=0, win=Window{d7263c1 u0 NotificationShade}
2026-02-22 13:05:45.873  1021-1065  WindowManager           system_server                        D  prepareSync <SYNC_STATE_WAITING_FOR_DRAW>, mPrepareSyncSeqId=0, win=Window{a585178 u0 InputMethod}
2026-02-22 13:05:45.873  1021-1065  WindowManager           system_server                        D  prepareSync <SYNC_STATE_WAITING_FOR_DRAW>, mPrepareSyncSeqId=0, win=Window{83faca u0 RecentsTransitionOverlay}
2026-02-22 13:05:45.873  1021-1065  WindowManager           system_server                        D  prepareSync <SYNC_STATE_WAITING_FOR_DRAW>, mPrepareSyncSeqId=0, win=Window{81cdcc1 u0 com.linkedin.android/com.linkedin.android.authenticator.LaunchActivityDefault}
2026-02-22 13:05:45.873  1021-1065  WindowManager           system_server                        D  prepareSync <SYNC_STATE_WAITING_FOR_DRAW>, mPrepareSyncSeqId=0, win=Window{7828cdb u0 com.sec.android.app.launcher/com.sec.android.app.launcher.activities.LauncherActivity}
2026-02-22 13:05:45.873  1021-1065  WindowManager           system_server                        D  prepareSync <SYNC_STATE_WAITING_FOR_DRAW>, mPrepareSyncSeqId=0, win=Window{e8081ef u0 com.android.settings/com.android.settings.SubSettings}
2026-02-22 13:05:45.873  1021-1065  WindowManager           system_server                        D  prepareSync <SYNC_STATE_WAITING_FOR_DRAW>, mPrepareSyncSeqId=0, win=Window{e578803 u0 com.android.settings/com.android.settings.SubSettings}
2026-02-22 13:05:45.873  1021-1065  WindowManager           system_server                        D  prepareSync <SYNC_STATE_WAITING_FOR_DRAW>, mPrepareSyncSeqId=0, win=Window{91c5ac9 u0 com.android.settings/com.android.settings.homepage.SettingsHomepageActivity}
2026-02-22 13:05:45.873  1021-1065  WindowManager           system_server                        D  prepareSync <SYNC_STATE_WAITING_FOR_DRAW>, mPrepareSyncSeqId=0, win=Window{7dcfb11 u0 com.sec.android.app.launcher/com.android.quickstep.RecentsActivity}
2026-02-22 13:05:45.873  1478-1563  WindowManagerShell      com.android.systemui                 V  Transition requested: android.os.BinderProxy@f9e6de TransitionRequestInfo { type = CHANGE, triggerTask = null, remoteTransition = null, displayChange = DisplayChange { displayId = 0, startAbsBounds = null, endAbsBounds = null, startRotation = 0, endRotation = 1, physicalDisplayChanged = false, uiModeChanged = false } }
2026-02-22 13:05:45.874  1021-1065  WindowManager           system_server                        D  applyWithNextDraw, mSyncSeqId=589, win=Window{168efb u0 NavigationBar0}, caller=com.android.server.wm.WindowState.applyWithNextDraw:7271 com.android.server.wm.AsyncRotationController.keepAppearanceInPreviousRotation:313 com.android.server.wm.AsyncRotationController.<init>:198 com.android.server.wm.DisplayContent.startAsyncRotation:2613 com.android.server.wm.DisplayContent.requestChangeTransitionIfNeeded:4384 com.android.server.wm.DisplayRotation.updateRotationUnchecked:708 
2026-02-22 13:05:45.874  1021-1065  AsyncRotat...dowManager system_server                        D  Sync draw for Window{168efb u0 NavigationBar0}
2026-02-22 13:05:45.874  1021-1065  AsyncRotat...dowManager system_server                        D  Requested to sync draw transaction
2026-02-22 13:05:45.874  1021-1065  WindowManager           system_server                        D  fadeWindowToken, show=false, animationType=token_transform, topWindow=Window{41cebee u0 SGestureOverlayWindow}, token=WindowToken{b723569 type=2274 android.os.BinderProxy@e6f1bf0}, caller=com.android.server.wm.FadeAnimationController.fadeWindowToken:71 com.android.server.wm.AsyncRotationController.fadeWindowToken:880 com.android.server.wm.AsyncRotationController.start:481 com.android.server.wm.DisplayContent.startAsyncRotation:2614 com.android.server.wm.DisplayContent.requestChangeTransitionIfNeeded:4384 
2026-02-22 13:05:45.874  1021-1065  WindowManager           system_server                        I  Reparenting to leash, surface=Surface(name=WindowToken{b723569 type=2274 android.os.BinderProxy@e6f1bf0})/@0xd4a504e, leashParent=Surface(name=Leaf:18:23)/@0x770256f
2026-02-22 13:05:45.875   751-776   SurfaceFlinger          surfaceflinger                       I  id=57084 createSurf, flag=24000, Surface(name=WindowToken{b723569 type=2274 android.os.BinderProxy@e6f1bf0})/@0xd4a504e - animation-leash of token_transform#57084
2026-02-22 13:05:45.876  1021-1065  WindowManager           system_server                        D  makeSurface duration=1 leash=Surface(name=Surface(name=WindowToken{b723569 type=2274 android.os.BinderProxy@e6f1bf0})/@0xd4a504e - animation-leash of token_transform)/@0x93c3642
2026-02-22 13:05:45.876  1021-1065  AsyncRotat...dowManager system_server                        D  Start fade-out Window{41cebee u0 SGestureOverlayWindow}
2026-02-22 13:05:45.876  1021-1065  AsyncRotat...dowManager system_server                        D  Start seamless Window{168efb u0 NavigationBar0}
2026-02-22 13:05:45.877  1021-1065  WindowManager           system_server                        D  fadeWindowToken, show=false, animationType=token_transform, topWindow=Window{bf12ebb u0 StatusBar}, token=WindowToken{7a7bf4a type=2000 android.os.BinderProxy@6f0d0ec}, caller=com.android.server.wm.FadeAnimationController.fadeWindowToken:71 com.android.server.wm.AsyncRotationController.fadeWindowToken:880 com.android.server.wm.AsyncRotationController.start:481 com.android.server.wm.DisplayContent.startAsyncRotation:2614 com.android.server.wm.DisplayContent.requestChangeTransitionIfNeeded:4384 
2026-02-22 13:05:45.877  1021-1065  WindowManager           system_server                        I  Reparenting to leash, surface=Surface(name=WindowToken{7a7bf4a type=2000 android.os.BinderProxy@6f0d0ec})/@0x27189ad, leashParent=Surface(name=Leaf:15:15)/@0xbff235a
2026-02-22 13:05:45.877   751-776   SurfaceFlinger          surfaceflinger                       I  id=57085 createSurf, flag=24000, Surface(name=WindowToken{7a7bf4a type=2000 android.os.BinderProxy@6f0d0ec})/@0x27189ad - animation-leash of token_transform#57085
2026-02-22 13:05:45.878  1021-1065  WindowManager           system_server                        D  makeSurface duration=1 leash=Surface(name=Surface(name=WindowToken{7a7bf4a type=2000 android.os.BinderProxy@6f0d0ec})/@0x27189ad - animation-leash of token_transform)/@0x376653
2026-02-22 13:05:45.878  1021-1065  AsyncRotat...dowManager system_server                        D  Start fade-out Window{bf12ebb u0 StatusBar}
2026-02-22 13:05:45.878  1021-557   AudioManager            system_server                        I  setParameters keyValuePairs = g_hw_display_rotation=1
2026-02-22 13:05:45.879  1021-3726  WindowManager           system_server                        V  Starting Transition 3388, caller=com.android.server.wm.WindowOrganizerController.startTransition:384 com.android.server.wm.WindowOrganizerController.startTransition:315 android.window.IWindowOrganizerController$Stub.onTransact:257 
2026-02-22 13:05:45.879  1021-3726  Transition              system_server                        V   allReady query: used=false, override=false, defer=0, states=
2026-02-22 13:05:45.879   661-692   sec_audio_hw            android.hardware.audio.service       V  sec_dev_set_parameters : g_hw_display_rotation=1
2026-02-22 13:05:45.879   661-692   audio_hw_primary        android.hardware.audio.service       D  device-adev_set_parameters: enter
2026-02-22 13:05:45.879   661-692   audio_hw_primary        android.hardware.audio.service       D  device-adev_set_parameters: param (g_hw_display_rotation=1)
2026-02-22 13:05:45.881  1021-1210  SemInputDe...gerService system_server                        E  onDisplayChanged: 1
2026-02-22 13:05:45.881  1021-3094  LiftUpHandler           system_server                        D  [LTW] Stopped already.
2026-02-22 13:05:45.881  1021-1021  SGM:GameManager         system_server                        D  onDisplayChanged. displyId: 0, state: 2
2026-02-22 13:05:45.881  1021-1210  SemInputDevice:TSP      system_server                        D  setProperty: not support cmd "ORIENTATION" at supportCommands
2026-02-22 13:05:45.881  1021-1210  SemInputCommandService  system_server                        I  setPropertyAllTouch: ORIENTATION,1 retDefault=-5 retExtra=-2
2026-02-22 13:05:45.881  1021-1210  SemInputDe...gerService system_server                        I  setMotionControl: maybe not supported or not yet enabled
2026-02-22 13:05:45.881  1021-1226  SGM:FgCheckThread       system_server                        D  onLooperPrepared(), msg: MSG_LCD_ON
2026-02-22 13:05:45.881  1021-1021  AODManagerService       system_server                        D  requestReCalToTSP IsSingleTouchMode = falserequestedReCalToTSP = false / previousDisplayState = ON
2026-02-22 13:05:45.882  1021-1067  DisplayManagerService   system_server                        D  Ignore redundant display event 0/2 to 10199/12703
2026-02-22 13:05:45.882  1021-1067  DisplayManagerService   system_server                        D  Ignore redundant display event 0/2 to 10187/13915
2026-02-22 13:05:45.883  4594-4594  ViewRootIm...putMethod] com.samsung.android.honeyboard       I  onDisplayChanged oldDisplayState=2 newDisplayState=2
2026-02-22 13:05:45.883  1988-1988  ViewRootIm...layWindow] com.sec.android.app.launcher         I  onDisplayChanged oldDisplayState=2 newDisplayState=2
2026-02-22 13:05:45.883  6807-6807  ViewRootIm...eActivity] com.android.settings                 I  onDisplayChanged oldDisplayState=2 newDisplayState=2
2026-02-22 13:05:45.883  1988-1988  ViewRootIm...onOverlay] com.sec.android.app.launcher         I  onDisplayChanged oldDisplayState=2 newDisplayState=2
2026-02-22 13:05:45.883  1988-1988  ViewRootIm...rActivity] com.sec.android.app.launcher         I  onDisplayChanged oldDisplayState=2 newDisplayState=2
2026-02-22 13:05:45.883  6807-6807  ViewRootIm...bSettings] com.android.settings                 I  onDisplayChanged oldDisplayState=2 newDisplayState=2
2026-02-22 13:05:45.883  1988-1988  ViewRootIm...sActivity] com.sec.android.app.launcher         I  onDisplayChanged oldDisplayState=2 newDisplayState=2
2026-02-22 13:05:45.883  6807-6807  ViewRootIm...bSettings] com.android.settings                 I  onDisplayChanged oldDisplayState=2 newDisplayState=2
2026-02-22 13:05:45.885  1478-1660  StackScroller           com.android.systemui                 D  onDisplayChanged for predraw skip to 2
2026-02-22 13:05:45.886  1021-3726  TspStateManager         system_server                        D  updateCustomValue customSetting=
2026-02-22 13:05:45.887  1478-1478  DisplayLifecycle        com.android.systemui                 D  updateDisplay id = 0
2026-02-22 13:05:45.888  1478-1478  DisplayLifecycle        com.android.systemui                 D  updateSmartViewFitToActiveDisplay : false
2026-02-22 13:05:45.888  1478-1478  DisplayLifecycle        com.android.systemui                 D  updateCacheVariables id = 0, display = Display id 0: DisplayInfo{"Вбудований екран", displayId 0, displayGroupId 0, FLAG_SECURE, FLAG_SUPPORTS_PROTECTED_BUFFERS, FLAG_TRUSTED, real 2408 x 1080, largest app 2301 x 2301, smallest app 1080 x 1012, appVsyncOff 0, presDeadline 17666667, mode 160.0, defaultMode 1, REFRESH_RATE_MODE_NORMAL, modes [{id=1, width=1080, height=2408, fps=60.0, alternativeRefreshRates=[90.0], supportedHdrTypes=[]}, {id=2, width=1080, height=2408, fps=90.0, alternativeRefreshRates=[60.0], supportedHdrTypes=[]}], hdrCapabilities HdrCapabilities{mSupportedHdrTypes=[], mMaxLuminance=500.0, mMaxAverageLuminance=500.0, mMinLuminance=0.0}, userDisabledHdrTypes [], minimalPostProcessingSupported false, rotation 1, state ON, committedState ON}, DisplayMetrics{density=2.8125, width=1080, height=2301, scaledDensity=2.8125, xdpi=403.411, ydpi=399.759}, isValid=true, size = Point(1080, 2301), realSize = Point(1080, 2408), rotation = 1
2026-02-22 13:05:45.888  1478-1478  ViewRootIm...rtcutBlur] com.android.systemui                 I  onDisplayChanged oldDisplayState=2 newDisplayState=2
2026-02-22 13:05:45.888  1478-1478  ViewRootIm...ationBar0] com.android.systemui                 I  onDisplayChanged oldDisplayState=2 newDisplayState=2
2026-02-22 13:05:45.888  1478-1478  ViewRootIm...tionShade] com.android.systemui                 I  onDisplayChanged oldDisplayState=2 newDisplayState=2
2026-02-22 13:05:45.888  1478-1478  ViewRootIm...StatusBar] com.android.systemui                 I  onDisplayChanged oldDisplayState=2 newDisplayState=2
2026-02-22 13:05:45.888  1478-1478  ViewRootIm...ToastView] com.android.systemui                 I  onDisplayChanged oldDisplayState=2 newDisplayState=2
2026-02-22 13:05:45.889  1478-1478  KeyguardPunchHoleVIView com.android.systemui                 D  updateScreenConfig() rotation 1 -> 0, screen width 2408 -> 1080, screen height 1080 -> 2408
2026-02-22 13:05:45.889  1478-1478  KeyguardPunchHoleVIView com.android.systemui                 D  startVI() - return, face recognition is stopped
2026-02-22 13:05:45.889  1478-1478  KeyguardPu...ew_Bouncer com.android.systemui                 D  updateScreenConfig() rotation 1 -> 0, screen width 2408 -> 1080, screen height 1080 -> 2408
2026-02-22 13:05:45.889  1478-1478  KeyguardPu...ew_Bouncer com.android.systemui                 D  startVI() - return, face recognition is stopped
2026-02-22 13:05:45.889  1478-1478  KeyguardPunchHoleVIView com.android.systemui                 D  updateVILocation() Rect(405, -46 - 675, 119) isBasedOnType = true rotation = 0 -> 0
2026-02-22 13:05:45.889  1478-1478  KeyguardPu...ew_Bouncer com.android.systemui                 D  updateVILocation() Rect(405, -46 - 675, 119) isBasedOnType = true rotation = 0 -> 0
2026-02-22 13:05:45.890   751-751   SurfaceFlinger          surfaceflinger                       D  GPIS:: requestGPISForClientComposition
2026-02-22 13:05:45.891  1021-3726  ActivityTaskManager     system_server                        I  Config changes=20000480 {1.0 260mcc1mnc [uk_UA] ldltr sw384dp w818dp h360dp 450dpi nrml long land finger -keyb/v/h -nav/h winConfig={ mBounds=Rect(0, 0 - 2408, 1080) mAppBounds=Rect(65, 0 - 2366, 1080) mMaxBounds=Rect(0, 0 - 2408, 1080) mDisplayRotation=ROTATION_90 mWindowingMode=fullscreen mDisplayWindowingMode=fullscreen mActivityType=undefined mAlwaysOnTop=undefined mRotation=ROTATION_90 mPopOver=undefined mOverlappingWithCutout=false mStageConfig=undefined mFreeformTaskPinningState=undefined mFreeformTranslucent=UNDEFINED} as.9 s.33216 fontWeightAdjustment=0 ff=0 bf=0 bts=0 cst=1.0 nightDim=-1 themeSeq=0}
2026-02-22 13:05:45.891   751-2377  NativeSemDvfsManager    surfaceflinger                       D  acquire:: timeout = 2000 mIsAcquired = 1  mTagName : SurfaceFlinger 
2026-02-22 13:05:45.892   751-2377  NativeCust...ncyManager surfaceflinger                       E  [NativeCFMS] BpCustomFrequencyManager::acquire()
2026-02-22 13:05:45.892   676-723   HYPER-HAL               ven...amsung.hardware.hyper-service  I  [RequestManager.cpp]acquire(): Acquired ID : 1534876  [751 / 1000]    HINT : SF_GPU_MINLOCK    list : [TIMEOUT / 2000] 
2026-02-22 13:05:45.895  1478-1478  MobileSign...ionManager com.android.systemui                 D  updateSignalTransition
2026-02-22 13:05:45.915  1021-3726  WindowManager           system_server                        I  [d0] Override config changes=20000480 {1.0 260mcc1mnc [uk_UA] ldltr sw384dp w818dp h360dp 450dpi nrml long land finger -keyb/v/h -nav/h winConfig={ mBounds=Rect(0, 0 - 2408, 1080) mAppBounds=Rect(65, 0 - 2366, 1080) mMaxBounds=Rect(0, 0 - 2408, 1080) mDisplayRotation=ROTATION_90 mWindowingMode=fullscreen mDisplayWindowingMode=fullscreen mActivityType=undefined mAlwaysOnTop=undefined mRotation=ROTATION_90 mPopOver=undefined mOverlappingWithCutout=false mStageConfig=undefined mFreeformTaskPinningState=undefined mFreeformTranslucent=UNDEFINED} as.9 s.33216 fontWeightAdjustment=0 ff=0 bf=0 bts=0 cst=1.0 nightDim=-1 themeSeq=0}, callers=com.android.server.wm.RootWindowContainer.dispatchConfigurationToChild:765 com.android.server.wm.RootWindowContainer.dispatchConfigurationToChild:201 com.android.server.wm.ConfigurationContainer.onConfigurationChanged:162 com.android.server.wm.WindowContainer.onConfigurationChanged:557 com.android.server.wm.ActivityTaskManagerService.updateGlobalConfigurationLocked:5782 
2026-02-22 13:05:45.915  1021-3726  DisplayDevice           system_server                        D  setProjectionLocked, orientation=1, layerStackRect=Rect(0, 0 - 2408, 1080), displayRect=Rect(0, 0 - 2408, 1080) for local:4633128672291735931
2026-02-22 13:05:45.915  1478-3504  ImageWallp...ine_d0_w1] com.android.systemui                 I  onRotationChanged: newRotation=1, mRotation=0
2026-02-22 13:05:45.916  1478-3504  ImageWallp...ine_d0_w1] com.android.systemui                 I  onRotationChanged rotation is changed 
2026-02-22 13:05:45.916  1021-3726  WindowManager           system_server                        V  Screenshotting Display{#0 state=ON size=2408x1080 ROTATION_90} [Rect(0, 0 - 1080, 2408)], caller=com.android.server.wm.Transition.collectVisibleChange:995 com.android.server.wm.TransitionController.collectForDisplayAreaChange:1001 com.android.server.wm.DisplayArea.onConfigurationChanged:620 com.android.server.wm.DisplayContent.onConfigurationChanged:3400 com.android.server.wm.ConfigurationContainer.onRequestedOverrideConfigurationChanged:210 
2026-02-22 13:05:45.916  1478-1478  Navbar.Store            com.android.systemui                 D  handleEvent(0) OnRotationChanged(rotation=1) [Module] NavigationBar
2026-02-22 13:05:45.916  1478-3504  IntelligentCropHelper   com.android.systemui                 I  getIntelligentCropHints : cropHints = [Rect(34, 0 - 1715, 3746), Rect(0, 1043 - 1771, 1837), Rect(0, 566 - 1748, 2314)]
2026-02-22 13:05:45.917  1478-3504  IntelligentCropHelper   com.android.systemui                 I  getIntelligentCropHints : cropHints = [Rect(34, 0 - 1715, 3746), Rect(0, 1043 - 1771, 1837), Rect(0, 566 - 1748, 2314)]
2026-02-22 13:05:45.917  1478-3504  IntelligentCropHelper   com.android.systemui                 I  selectProperCropHint: baseW = 2408, baseH = 1080, Rect(0, 1043 - 1771, 1837)
2026-02-22 13:05:45.917  1478-3504  ImageWallp...ine_d0_w1] com.android.systemui                 I   updateSurfaceSize: width = 1771, height = 794, isVisible = false
2026-02-22 13:05:45.918  1478-1478  Navbar.Store            com.android.systemui                 D  handleEvent(0) OnUpdateRemoteViewContainer(leftContainer=android.widget.LinearLayout{629ca96 I.E...... ......ID 0,0-118,135 #7f0a0597 app:id/left_remoteview}, rightContainer=android.widget.LinearLayout{1892617 I.E...... ......ID 962,0-1080,135 #7f0a08aa app:id/right_remoteview}, contextualButtonVisible=false, darkIntensity=1.0, displayId=0) [Module] SamsungNavigationBarView
2026-02-22 13:05:45.918  1478-1478  Navbar.Store            com.android.systemui                 D  [Band]REMOTE_VIEW_PACK_SET_REMOTEVIEW_CONTAINER
2026-02-22 13:05:45.918  1478-1478  Navbar.Store            com.android.systemui                 D  --apply(0) NavBarStoreAction$UpdateRemoteViewContainer
2026-02-22 13:05:45.918  1478-1478  Navbar.Store            com.android.systemui                 D  --apply(0) NavBarStoreAction$UpdateRemoteViewDarkIntensity
2026-02-22 13:05:45.918  1478-3504  IntelligentCropHelper   com.android.systemui                 I  getIntelligentCropHints : cropHints = [Rect(34, 0 - 1715, 3746), Rect(0, 1043 - 1771, 1837), Rect(0, 566 - 1748, 2314)]
2026-02-22 13:05:45.919  1478-1478  Navbar.Store            com.android.systemui                 D  --handleEvent(0) OnUpdateRemoteViewContainer(leftContainer=android.widget.LinearLayout{629ca96 I.E...... ......ID 0,0-118,135 #7f0a0597 app:id/left_remoteview}, rightContainer=android.widget.LinearLayout{1892617 I.E...... ......ID 962,0-1080,135 #7f0a08aa app:id/right_remoteview}, contextualButtonVisible=false, darkIntensity=1.0, displayId=0) [Module] SamsungNavigationBarView
2026-02-22 13:05:45.919  1478-1478  Navbar.Store            com.android.systemui                 D  ----[Band]REMOTE_VIEW_PACK_SET_REMOTEVIEW_CONTAINER
2026-02-22 13:05:45.919  1478-1478  Navbar.Store            com.android.systemui                 D  ------apply(0) NavBarStoreAction$UpdateRemoteViewContainer
2026-02-22 13:05:45.919  1478-1478  Navbar.Store            com.android.systemui                 D  ------apply(0) NavBarStoreAction$UpdateRemoteViewDarkIntensity
2026-02-22 13:05:45.923   751-751   Layer                   surfaceflinger                       I  id=57088 Destroyed Screenshot Parent#57088
2026-02-22 13:05:45.933   751-776   SurfaceFlinger          surfaceflinger                       I  id=57089 createSurf, flag=44404, RotationLayer_WmCore#57089
2026-02-22 13:05:45.934  1021-3726  ImageReader_JNI         system_server                        W  Unable to acquire a buffer item, very likely client tried to acquire more than maxImages buffers
2026-02-22 13:05:45.937  1021-3726  ChangeTran...Controller system_server                        D  onSnapshotSurfaceCreated: wc=Display{#0 state=ON size=2408x1080 ROTATION_90}, cropBounds=Rect(0, 0 - 1080, 2408), changeInfo=Display{#0 state=ON size=2408x1080 ROTATION_90}
2026-02-22 13:05:45.938  1021-3726  WindowManager           system_server                        V  Collecting in transition 3388: Task{c692021 #24386 type=standard A=10238:com.linkedin.android}, caller=com.android.server.wm.Transition.collect:759 com.android.server.wm.TransitionController.lambda$collectForDisplayAreaChange$5:1005 com.android.server.wm.TransitionController.$r8$lambda$mjrxZh7KYBVdcx445LgkMtKVH5Q:0 com.android.server.wm.TransitionController$$ExternalSyntheticLambda4.accept:0 com.android.server.wm.Task.forAllLeafTasks:4028 
2026-02-22 13:05:45.944  4594-4594  HBD                     com.samsung.android.honeyboard       I  HoneyBoardService onConfigurationChanged: newConfig = {1.0 260mcc1mnc [uk_UA] ldltr sw384dp w818dp h360dp 450dpi nrml long land finger -keyb/v/h -nav/h winConfig={ mBounds=Rect(0, 0 - 2408, 1080) mAppBounds=Rect(65, 0 - 2366, 1080) mMaxBounds=Rect(0, 0 - 2408, 1080) mDisplayRotation=ROTATION_90 mWindowingMode=fullscreen mDisplayWindowingMode=fullscreen mActivityType=undefined mAlwaysOnTop=undefined mRotation=ROTATION_90 mPopOver=undefined mOverlappingWithCutout=false mStageConfig=undefined mFreeformTaskPinningState=undefined mFreeformTranslucent=UNDEFINED} as.9 s.33216 fontWeightAdjustment=0 ff=0 bf=0 bts=0 cst=1.0 nightDim=-1 themeSeq=0} 
2026-02-22 13:05:45.945  4594-4594  HBD                     com.samsung.android.honeyboard       I  j isEnabledNightMode : false 
2026-02-22 13:05:45.945  4594-4594  HBD                     com.samsung.android.honeyboard       I  b updatePredictionStatus : 8, editorOpt 
2026-02-22 13:05:45.945  4594-4594  HBD                     com.samsung.android.honeyboard       I  a [UpdatePolicy] [post] a: 2 cl: 65537 kit: [0/0] vt: 0 ir: 1 
2026-02-22 13:05:45.946  1988-1988  HoneySpace...pplication com.sec.android.app.launcher         I  onConfigurationChanged -1
2026-02-22 13:05:45.949  4594-4594  HBD                     com.samsung.android.honeyboard       I  HoneyBoardService [IMI] onStartInput - caller pid : 8764 , caller uid : 10238 
2026-02-22 13:05:45.949  1021-3726  TspStateManager         system_server                        D  updateCustomValue customSetting=
2026-02-22 13:05:45.949  4594-4594  HBD                     com.samsung.android.honeyboard       I  j updateConfigs 
2026-02-22 13:05:45.949  4594-4594  HBD                     com.samsung.android.honeyboard       I  j isEnabledNightMode : false 
2026-02-22 13:05:45.949  4594-4594  HBD                     com.samsung.android.honeyboard       I  a IC have been binding, RemoteInputConnection{idHash=#364d7d8} 
2026-02-22 13:05:45.949  4594-4594  HBD                     com.samsung.android.honeyboard       I  h [EditorInputType]setPrivateImeOptionsToTable privateImeOptions ( null )
2026-02-22 13:05:45.949  4594-4594  HBD                     com.samsung.android.honeyboard       I  b incognitoMode : false 
2026-02-22 13:05:45.949  1021-3726  MultiTaskingController  system_server                        I  onConfigurationChangedLocked: display#0, configChanges=0x20000480, scaleW=2.2296295, scaleH=0.44850498, prevScreenBounds=Rect(0, 0 - 1080, 2408), nextScreenBounds=Rect(0, 0 - 2408, 1080)
2026-02-22 13:05:45.949  4594-4594  HBD                     com.samsung.android.honeyboard       I  b needOff = true , isForceOff = false, isNullInputClass : true 
2026-02-22 13:05:45.950  4594-4594  HBD                     com.samsung.android.honeyboard       I  h getDefaultInputRange : UNKNOWN 
2026-02-22 13:05:45.950  4594-4594  HBD                     com.samsung.android.honeyboard       I  h getDefaultInputRange : UNKNOWN 
2026-02-22 13:05:45.950  4594-4594  HBD                     com.samsung.android.honeyboard       I  h getDefaultInputRange : UNKNOWN 
2026-02-22 13:05:45.950  1021-3726  WindowManager           system_server                        V  Checking to restart com.linkedin.android.authenticator.LaunchActivityDefault: changed=0x480, handles=0x3, mLastReportedConfiguration={mGlobalConfig={1.0 260mcc1mnc [uk_UA] ldltr sw384dp w818dp h360dp 450dpi nrml long land finger -keyb/v/h -nav/h winConfig={ mBounds=Rect(0, 0 - 2408, 1080) mAppBounds=Rect(65, 0 - 2366, 1080) mMaxBounds=Rect(0, 0 - 2408, 1080) mDisplayRotation=ROTATION_90 mWindowingMode=fullscreen mDisplayWindowingMode=fullscreen mActivityType=undefined mAlwaysOnTop=undefined mRotation=ROTATION_90 mPopOver=off mOverlappingWithCutout=false mStageConfig=undefined mFreeformTaskPinningState=unpinned mFreeformTranslucent=UNDEFINED} as.9 s.33274 fontWeightAdjustment=0 ff=0 bf=0 bts=0 cst=1.0 nightDim=-1 themeSeq=0} mOverrideConfig={1.0 260mcc1mnc [uk_UA] ldltr sw384dp w818dp h360dp 450dpi nrml long land finger -keyb/v/h -nav/h winConfig={ mBounds=Rect(0, 0 - 2408, 1080) mAppBounds=Rect(65, 0 - 2366, 1080) mMaxBounds=Rect(0, 0 - 2408, 1080) mDisplayRotation=ROTATION_90 mWindowingMode=fullscreen mDisplayWindowingMode=fullscreen mActivityType=standard mAlwaysOnTop=undefined mRotation=ROTATION_90 mPopOver=off mOverlappingWithCutout=false mStageConfig=undefined mFreeformTaskPinningState=unpinned mFreeformTranslucent=UNDEFINED} as.9 s.522 fontWeightAdjustment=0 ff=0 bf=0 bts=0 cst=1.0 nightDim=-1 themeSeq=0}}
2026-02-22 13:05:45.951  1021-3726  Transition              system_server                        V   allReady query: used=true, override=false, defer=0, states=Display{#0 state=ON size=2408x1080 ROTATION_90}:true
2026-02-22 13:05:45.951  4594-4594  HBD                     com.samsung.android.honeyboard       I  b needOff = true , isForceOff = false, isNullInputClass : true 
2026-02-22 13:05:45.951  4594-4594  HBD                     com.samsung.android.honeyboard       I  b update cached prediction status : false 
2026-02-22 13:05:45.953  1021-3726  SurfaceControl          system_server                        D  restrictHighRefreshRate, enabled=false
2026-02-22 13:05:45.953   751-776   SurfaceFlinger          surfaceflinger                       I  HRR : 0
2026-02-22 13:05:45.953   751-751   Layer                   surfaceflinger                       I  Layer [RotationLayer_WmCore#57089] hidden!! flag(0)
2026-02-22 13:05:45.954  1478-1478  Navbar.Store            com.android.systemui                 D  handleEvent(0) OnSetGestureHintVisibility(recentVisible=true, homeVisible=true, backVisible=true) [Module] SamsungNavigationBarView
2026-02-22 13:05:45.954  1478-1478  Navbar.Store            com.android.systemui                 D  [Band]GESTURE_PACK_SET_HINT_VISIBILITY
2026-02-22 13:05:45.954  1478-1478  Navbar.Store            com.android.systemui                 D  [Band] (afterAction) GESTURE_PACK_SET_HINT_VISIBILITY
2026-02-22 13:05:45.954  1478-1478  Navbar.Store            com.android.systemui                 D  --apply(0) NavBarStoreAction$UpdateGestureHintVisibility
2026-02-22 13:05:45.954  1478-1478  Navbar.Store            com.android.systemui                 D  --NavBarStates(0) canShowGestureHint: true
2026-02-22 13:05:45.954  1478-1478  Navbar.Store            com.android.systemui                 D  handleEvent(0) OnUpdateSysUiStateFlag(noArguments=true) [Module] SamsungNavigationBarView
2026-02-22 13:05:45.954  1478-1478  Navbar.Store            com.android.systemui                 D  [Band]GESTURE_PACK_UPDATE_SYSTEMUI_STATE_FLAG
2026-02-22 13:05:45.954  1478-1478  Navbar.Store            com.android.systemui                 D  [Band] (afterAction) GESTURE_PACK_UPDATE_SYSTEMUI_STATE_FLAG
2026-02-22 13:05:45.954  1478-1478  Navbar.Store            com.android.systemui                 D  NavBarStates(0) isGameMode: false
2026-02-22 13:05:45.954  1478-1478  Navbar.Store            com.android.systemui                 D  --apply(0) NavBarStoreAction$UpdateSysUiFlags
2026-02-22 13:05:45.954  1478-1478  Navbar.Store            com.android.systemui                 D  --set 68719476736 : false
2026-02-22 13:05:45.954  1478-1478  Navbar.Store            com.android.systemui                 D  --set 4294967296 : false
2026-02-22 13:05:45.954  1478-1478  Navbar.Store            com.android.systemui                 D  --handleEvent(0) OnUpdateRemoteViewContainer(leftContainer=android.widget.LinearLayout{629ca96 I.E...... ......ID 0,0-118,135 #7f0a0597 app:id/left_remoteview}, rightContainer=android.widget.LinearLayout{1892617 I.E...... ......ID 962,0-1080,135 #7f0a08aa app:id/right_remoteview}, contextualButtonVisible=false, darkIntensity=1.0, displayId=0) [Module] SamsungNavigationBarView
2026-02-22 13:05:45.954  1478-1478  Navbar.Store            com.android.systemui                 D  ----[Band]REMOTE_VIEW_PACK_SET_REMOTEVIEW_CONTAINER
2026-02-22 13:05:45.954  1478-1478  Navbar.Store            com.android.systemui                 D  ------apply(0) NavBarStoreAction$UpdateRemoteViewContainer
2026-02-22 13:05:45.954  1478-1478  Navbar.Store            com.android.systemui                 D  ------apply(0) NavBarStoreAction$UpdateRemoteViewDarkIntensity
2026-02-22 13:05:45.954  1478-1478  Navbar.Store            com.android.systemui                 D  handleEvent(0) OnNavBarUpdateA11YService(clickable=false, longClickable=false) [Module] NavigationBar
2026-02-22 13:05:45.954  1478-1478  Navbar.Store            com.android.systemui                 D  [Band]SETUPWIZARD_PACK_UPDATE_A11Y_SERVICE
2026-02-22 13:05:45.955  1478-1478  Navigation...Controller com.android.systemui                 D  getCurrentUserContext: contextUser=0 currentUser=0
2026-02-22 13:05:45.958  1478-1478  Navigation...Controller com.android.systemui                 D  getCurrentUserContext: contextUser=0 currentUser=0
2026-02-22 13:05:45.963  1478-1478  Navigation...Controller com.android.systemui                 D  getCurrentUserContext: contextUser=0 currentUser=0
2026-02-22 13:05:45.969  1478-1478  Navigation...Controller com.android.systemui                 D  getCurrentUserContext: contextUser=0 currentUser=0
2026-02-22 13:05:45.970   751-751   SurfaceFlinger          surfaceflinger                       D  Display 4633128672291735931 HWC layers:
                                                                                                         DEVICE | 0xb4000073eac17500 | 0002 | RGBA_8888    |    0.0    0.0 1080.0 2408.0 |    0    0 1080 2408 | RotationLayer_WmCore#57089
2026-02-22 13:05:45.975   751-751   BpBinder                surfaceflinger                       I  onLastStrongRef automatically unlinking death recipients: 
2026-02-22 13:05:45.976  1478-1478  Navigation...Controller com.android.systemui                 D  getCurrentUserContext: contextUser=0 currentUser=0
2026-02-22 13:05:45.981  1021-3726  WindowManager           system_server                        D  SyncGroup 3388:  Unfinished container: Task{c692021 #24386 type=standard A=10238:com.linkedin.android} mSyncState=2
2026-02-22 13:05:45.982  1478-3504  ViewRootIm...StatusBar] com.android.systemui                 I  Resizing android.view.ViewRootImpl@1361108: frame = [0,0][2408,68] reportDraw = true forceLayout = false syncSeqId = -1
2026-02-22 13:05:45.982  1478-2480  ViewRootIm...ationBar0] com.android.systemui                 I  Resizing android.view.ViewRootImpl@fb21b31: frame = [2273,0][2408,1080] reportDraw = true forceLayout = true syncSeqId = 589
2026-02-22 13:05:45.982  1478-1563  ViewRootIm...ropTarget] com.android.systemui                 I  onDisplayChanged oldDisplayState=2 newDisplayState=2
2026-02-22 13:05:45.982  1988-4110  ViewRootIm...layWindow] com.sec.android.app.launcher         I  Resizing android.view.ViewRootImpl@b8a5df6: frame = [2020,990][2408,1080] reportDraw = true forceLayout = false syncSeqId = -1
2026-02-22 13:05:45.982  1021-1065  system_server           system_server                        W  Long monitor contention with owner binder:1021_15 (3726) at android.content.res.Configuration com.android.server.wm.ActivityTaskManagerService.getGlobalConfigurationForPid(int)(ActivityTaskManagerService.java:1714) waiters=0 in void com.android.server.wm.RootWindowContainer.onDisplayChanged(int) for 102ms
2026-02-22 13:05:45.983  1478-1563  WindowManagerShell      com.android.systemui                 V  Display changed: 0
