2026-02-22 13:05:45.984  1478-1563  ImageWallp...ine_d0_w1] com.android.systemui                 I  onDisplayConfigurationChanged displayId=0, newConfig={1.0 260mcc1mnc [uk_UA] ldltr sw384dp w818dp h360dp 450dpi nrml long land finger -keyb/v/h -nav/h winConfig={ mBounds=Rect(0, 0 - 2408, 1080) mAppBounds=Rect(65, 0 - 2366, 1080) mMaxBounds=Rect(0, 0 - 2408, 1080) mDisplayRotation=ROTATION_90 mWindowingMode=fullscreen mDisplayWindowingMode=fullscreen mActivityType=undefined mAlwaysOnTop=undefined mRotation=ROTATION_90 mPopOver=undefined mOverlappingWithCutout=false mStageConfig=undefined mFreeformTaskPinningState=undefined mFreeformTranslucent=UNDEFINED} as.9 s.33216 fontWeightAdjustment=0 ff=0 bf=0 bts=0 cst=1.0 nightDim=-1 themeSeq=0}
2026-02-22 13:05:45.986  1478-1478  BLASTBufferQueue_Java   com.android.systemui                 I  update, w= 1080 h= 135 mName = ViewRootImpl@2833042[NavigationBar0] mNativeObject= 0xb400007a58b46c00 sc.mNativeObject= 0xb4000079fa64bac0 format= -3 caller= android.view.ViewRootImpl.updateBlastSurfaceIfNeeded:3017 android.view.ViewRootImpl.relayoutWindow:10131 android.view.ViewRootImpl.performTraversals:4110 android.view.ViewRootImpl.doTraversal:3288 android.view.ViewRootImpl$TraversalRunnable.run:11344 android.view.Choreographer$CallbackRecord.run:1689 
2026-02-22 13:05:45.987  1478-1478  ViewRootIm...ationBar0] com.android.systemui                 I  Relayout returned: old=(0,2273,1080,2408) new=(0,2273,1080,2408) relayoutAsync=true req=(1080,135)0 dur=1 res=0x0 s={true 0xb400007a58a03800} ch=false seqId=588
2026-02-22 13:05:45.987  1478-1478  ViewRootIm...ationBar0] com.android.systemui                 I  registerCallbackForPendingTransactions
2026-02-22 13:05:45.988  1021-1065  Looper                  system_server                        W  Slow dispatch took 107ms android.ui h=android.os.Handler c=android.hardware.display.DisplayManagerGlobal$DisplayListenerDelegate$$ExternalSyntheticLambda0@61e4b9a m=0
2026-02-22 13:05:45.990  8764-8764  ViewRootIm...tyDefault] com.linkedin.android                 I  onDisplayChanged oldDisplayState=2 newDisplayState=2
2026-02-22 13:05:45.993  1021-1068  WindowManager           system_server                        D  SyncGroup 3388:  Unfinished container: Task{c692021 #24386 type=standard A=10238:com.linkedin.android} mSyncState=2
2026-02-22 13:05:45.996  1021-1067  RefreshRateModeManager  system_server                        D  updateDefaultDisplayToken: android.os.BinderProxy@56077a0, isChanged: false
2026-02-22 13:05:45.997  1021-1067  InputManager-JNI        system_server                        I  Viewport [0] to add: local:4633128672291735931, isActive: true
2026-02-22 13:05:45.997  1021-1067  InputManager-JNI        system_server                        D  Viewport [0] type:1, displayId=0, uniqueId=local:4633128672291735931, orientation=1, logicalFrame=[0, 0][2408, 1080], physicalFrame=[0, 0][2408, 1080], deviceSize=[2408, 1080]
2026-02-22 13:05:46.000  1021-1249  MotionReco...ionService system_server                        D  Receiver: CONFIGURATION_CHANGED
2026-02-22 13:05:46.000  1021-1249  MotionReco...ionService system_server                        D  Inject auto rotation : 1
2026-02-22 13:05:46.000  1021-1201  InputReader             system_server                        I  Reconfiguring input devices, changes=DISPLAY_INFO
2026-02-22 13:05:46.001  1021-1201  InputManager            system_server                        D  notifyDisplayIdChangedByUser: 0
2026-02-22 13:05:46.001  1021-1201  InputReader             system_server                        I  support feature by TSP : 0x21
2026-02-22 13:05:46.002  1021-1249  SensorService           system_server                        D  Motion injection
2026-02-22 13:05:46.002  1021-1249  SensorService           system_server                        E  setSContextDataLocked
2026-02-22 13:05:46.002  1021-1021  WALLPAPER_...gerService system_server                        D  onReceive: android.intent.action.CONFIGURATION_CHANGED, densityDpi=450, orientation [old=1, new=2] 
2026-02-22 13:05:46.002  1021-1021  WALLPAPER_...gerService system_server                        D  orientation is changed, notifySemColorListeners 
2026-02-22 13:05:46.003  1478-2162  DateTimeView            com.android.systemui                 I  updateAll - getTimeFormat
2026-02-22 13:05:46.003  1478-2258  ViewRootIm...ationBar0] com.android.systemui                 I  mWNT: t=0xb4000079f3f25180 mBlastBufferQueue=0xb400007a58b46c00 fn= 118529 mRenderHdrSdrRatio=1.0 caller= android.view.ViewRootImpl$6.onFrameDraw:5635 android.view.ViewRootImpl$2.onFrameDraw:2146 android.view.ThreadedRenderer$1.onFrameDraw:792 
2026-02-22 13:05:46.004  1478-2162  QSClockBellTower        com.android.systemui                 D  onReceive(android.intent.action.CONFIGURATION_CHANGED) mTimeZoneString:Europe/Warsaw
2026-02-22 13:05:46.006  1021-1587  WindowManager           system_server                        V  Relayout Window{168efb u0 NavigationBar0}: viewVisibility=0 req=1080x135 ty=2019 d0
2026-02-22 13:05:46.015  1021-1587  WindowManager           system_server                        D  SyncGroup 3388:  Unfinished container: Task{c692021 #24386 type=standard A=10238:com.linkedin.android} mSyncState=2
2026-02-22 13:05:46.019  1478-1478  Navbar.Store            com.android.systemui                 D  handleEvent(0) OnConfigChanged(newConfig={1.0 260mcc1mnc [uk_UA] ldltr sw384dp w818dp h360dp 450dpi nrml long land finger -keyb/v/h -nav/h winConfig={ mBounds=Rect(0, 0 - 2408, 1080) mAppBounds=Rect(65, 0 - 2366, 1080) mMaxBounds=Rect(0, 0 - 2408, 1080) mDisplayRotation=ROTATION_90 mWindowingMode=fullscreen mDisplayWindowingMode=fullscreen mActivityType=undefined mAlwaysOnTop=undefined mRotation=ROTATION_90 mPopOver=undefined mOverlappingWithCutout=false mStageConfig=undefined mFreeformTaskPinningState=undefined mFreeformTranslucent=UNDEFINED} as.9 s.33217 fontWeightAdjustment=0 ff=0 bf=0 bts=0 cst=1.0 nightDim=-1 themeSeq=0}) [Module] NavigationBarController
2026-02-22 13:05:46.019  1478-1478  Navbar.Store            com.android.systemui                 D  [Band]CONFIG_PACK_CONFIG_CHANGED
2026-02-22 13:05:46.019  1478-1478  Navbar.Store            com.android.systemui                 D  handleEvent(0) OnNavBarConfigChanged(canMove=true, supportPhoneLayoutProvider=true, imeDownButtonForAllRotation=false, navigationMode=3) [Module] NavigationBarController
2026-02-22 13:05:46.019  1478-1478  Navbar.Store            com.android.systemui                 D  [Band]STABLE_LAYOUT_PACK_NAVBAR_CONFIG_CHANGED
2026-02-22 13:05:46.019  1478-1478  Navbar.Store            com.android.systemui                 D  NavBarStates(0) supportLargeCoverScreenNavBar: false
2026-02-22 13:05:46.019  1478-1478  Navbar.Store            com.android.systemui                 D  updateLayoutProvider()
2026-02-22 13:05:46.019  1478-1478  Navbar.Store            com.android.systemui                 D  NavBarStates(0) supportLargeCoverScreenNavBar: false
2026-02-22 13:05:46.019  1478-1478  Navbar.Store            com.android.systemui                 D  [Band] (afterAction) STABLE_LAYOUT_PACK_NAVBAR_CONFIG_CHANGED
2026-02-22 13:05:46.019  1478-1478  NoBackGesture           com.android.systemui                 I  NavbarController: newConfig={1.0 260mcc1mnc [uk_UA] ldltr sw384dp w818dp h360dp 450dpi nrml long land finger -keyb/v/h -nav/h winConfig={ mBounds=Rect(0, 0 - 2408, 1080) mAppBounds=Rect(65, 0 - 2366, 1080) mMaxBounds=Rect(0, 0 - 2408, 1080) mDisplayRotation=ROTATION_90 mWindowingMode=fullscreen mDisplayWindowingMode=fullscreen mActivityType=undefined mAlwaysOnTop=undefined mRotation=ROTATION_90 mPopOver=undefined mOverlappingWithCutout=false mStageConfig=undefined mFreeformTaskPinningState=undefined mFreeformTranslucent=UNDEFINED} as.9 s.33217 fontWeightAdjustment=0 ff=0 bf=0 bts=0 cst=1.0 nightDim=-1 themeSeq=0} mTaskbarDelegate initialized=false willApplyConfigToNavbars=false navBarCount=1
2026-02-22 13:05:46.022  1478-1478  Navbar.Store            com.android.systemui                 D  handleEvent(0) OnUpdateRemoteViewContainer(leftContainer=android.widget.LinearLayout{629ca96 I.E...... ......ID 0,0-118,135 #7f0a0597 app:id/left_remoteview}, rightContainer=android.widget.LinearLayout{1892617 I.E...... ......ID 962,0-1080,135 #7f0a08aa app:id/right_remoteview}, contextualButtonVisible=false, darkIntensity=1.0, displayId=0) [Module] SamsungNavigationBarView
2026-02-22 13:05:46.022  1478-1478  Navbar.Store            com.android.systemui                 D  [Band]REMOTE_VIEW_PACK_SET_REMOTEVIEW_CONTAINER
2026-02-22 13:05:46.022  1478-1478  Navbar.Store            com.android.systemui                 D  --apply(0) NavBarStoreAction$UpdateRemoteViewContainer
2026-02-22 13:05:46.022  1478-1478  Navbar.Store            com.android.systemui                 D  --apply(0) NavBarStoreAction$UpdateRemoteViewDarkIntensity
2026-02-22 13:05:46.022  1478-1478  Navbar.Store            com.android.systemui                 D  --handleEvent(0) OnUpdateRemoteViewContainer(leftContainer=android.widget.LinearLayout{629ca96 I.E...... ......ID 0,0-118,135 #7f0a0597 app:id/left_remoteview}, rightContainer=android.widget.LinearLayout{1892617 I.E...... ......ID 962,0-1080,135 #7f0a08aa app:id/right_remoteview}, contextualButtonVisible=false, darkIntensity=1.0, displayId=0) [Module] SamsungNavigationBarView
2026-02-22 13:05:46.022  1478-1478  Navbar.Store            com.android.systemui                 D  ----[Band]REMOTE_VIEW_PACK_SET_REMOTEVIEW_CONTAINER
2026-02-22 13:05:46.022  1478-1478  Navbar.Store            com.android.systemui                 D  ------apply(0) NavBarStoreAction$UpdateRemoteViewContainer
2026-02-22 13:05:46.022  1478-1478  Navbar.Store            com.android.systemui                 D  ------apply(0) NavBarStoreAction$UpdateRemoteViewDarkIntensity
2026-02-22 13:05:46.022  1988-1988  HoneySpace.WindowBounds com.sec.android.app.launcher         I  updateNavigationMode? BOTTOM_GESTURE
2026-02-22 13:05:46.023  1988-1988  HoneySpace.WindowBounds com.sec.android.app.launcher         I  immersiveNavigation? false
2026-02-22 13:05:46.023  1988-1988  HoneySpace.WindowBounds com.sec.android.app.launcher         I  setInsetAndCutout, Bounds=Rect(0, 0 - 2408, 1080), AppBounds=Rect(65, 0 - 2366, 1080)
2026-02-22 13:05:46.023  1988-1988  HoneySpace.WindowBounds com.sec.android.app.launcher         I  update window bounds, name = APPLICATION, context = com.sec.android.app.launcher.LauncherApplication, call from {com.sec.android.app.launcher.LauncherApplication.onConfigurationChanged(Unknown Source:95)}
                                                                                                    WindowBounds width=2408 height=1080, bounds=Rect(0, 0 - 2408, 1080) insets=Insets{left=0, top=68, right=42, bottom=0}, systemInsets=Insets{left=0, top=68, right=42, bottom=0}cutout=Rect(65, 0 - 0, 0), gestureInsets=Insets{left=0, top=68, right=90, bottom=0}, gestureActionInsets=Insets{left=0, top=68, right=90, bottom=0}, insetsIgnoreCutout=Insets{left=65, top=68, right=42, bottom=0}, baseScreenSize=Point(2301, 1080)screenSizeInGesture=Point(2253, 1080), screenSizeIncludeCutout: Point(2366, 1080)
2026-02-22 13:05:46.024  1988-1988  HoneySpace...Repository com.sec.android.app.launcher         I  onConfigurationChanged
2026-02-22 13:05:46.025  1988-1988  HoneySpace...Repository com.sec.android.app.launcher         I  DisplayStyle(bounds=Rect(0, 0 - 2408, 1080), insetsIgnoreCutout=Insets{left=65, top=68, right=42, bottom=0})
2026-02-22 13:05:46.027  1988-4646  HoneySpace.RecentStyler com.sec.android.app.launcher         I  collect displayStyle info, DisplayStyle(bounds=Rect(0, 0 - 2408, 1080), insetsIgnoreCutout=Insets{left=65, top=68, right=42, bottom=0})
2026-02-22 13:05:46.027  1021-1067  InputManagerGlobal      system_server                        D  setPointerIconType iconId = 1000, callingPid = 1021
2026-02-22 13:05:46.027  1021-1067  MouseCursorController   system_server                        D  updatePointerIcon, 20001 -> 1000
2026-02-22 13:05:46.027  1021-1067  MouseCursorController   system_server                        D  PRESENTATION_SPOT: 1000 -> 20001
2026-02-22 13:05:46.027  1988-1988  HoneySpace...playSource com.sec.android.app.launcher         I  onConfigurationChanged
2026-02-22 13:05:46.027  1021-1587  WindowManager           system_server                        V  Relayout hash=168efb, pid=0, syncId=-1: mAttrs={(0,0)(135xfill) gr=RIGHT CENTER_HORIZONTAL sim={adjust=pan} layoutInDisplayCutoutMode=always ty=NAVIGATION_BAR fmt=TRANSLUCENT
                                                                                                      fl=20840028
                                                                                                      pfl=33001000
                                                                                                      bhv=DEFAULT
                                                                                                      providedInsets:
                                                                                                        InsetsFrameProvider: {id=#28db0001, index=0, type=navigationBars, source=FRAME, flags=[SUPPRESS_SCRIM], insetsSize=Insets{left=0, top=0, right=42, bottom=0}, insetsSizeOverrides=[TypedInsetsSize: {windowType=INPUT_METHOD, insetsSize=Insets{left=0, top=0, right=42, bottom=0}}]}
                                                                                                        InsetsFrameProvider: {id=#28db0006, index=0, type=tappableElement, source=FRAME, flags=[], insetsSize=Insets{left=0, top=0, right=0, bottom=0}}
                                                                                                        InsetsFrameProvider: {id=#28db0005, index=0, type=mandatorySystemGestures, source=FRAME, flags=[], insetsSize=Insets{left=0, top=0, right=90, bottom=0}}
                                                                                                        InsetsFrameProvider: {id=#28db0004, index=0, type=systemGestures, source=DISPLAY, flags=[], insetsSize=Insets{left=0, top=0, right=0, bottom=0}, mMinimalInsetsSizeInDisplayCutoutSafe=Insets{left=0, top=0, right=0, bottom=0}}
                                                                                                        InsetsFrameProvider: {id=#28db0024, index=1, type=systemGestures, source=DISPLAY, flags=[], insetsSize=Insets{left=0, top=0, right=0, bottom=0}, mMinimalInsetsSizeInDisplayCutoutSafe=Insets{left=0, top=0, right=0, bottom=0}}
                                                                                                      paramsForRotation:
                                                                                                        ROTATION_0={(0,0)(fillx135) gr=BOTTOM CENTER_VERTICAL layoutInDisplayCutoutMode=always ty=NAVIGATION_BAR fmt=TRANSLUCENT
                                                                                                          fl=20840028
                                                                                                          pfl=31001000
                                                                                                          bhv=DEFAULT
                                                                                                          providedInsets:
                                                                                                            InsetsFrameProvider: {id=#28db0001, index=0, type=navigationBars, source=FRAME, flags=[SUPPRESS_SCRIM], insetsSize=Insets{left=0, top=0, right=0, bottom=42}, insetsSizeOverrides=[TypedInsetsSize: {windowType=INPUT_METHOD, insetsSize=null}]}
                                                                                                            InsetsFrameProvider: {id=#28db0006, index=0, type=tappableElement, source=FRAME, flags=[], insetsSize=Insets{left=0, top=0, right=0, bottom=0}}
                                                                                                            InsetsFrameProvider: {id=#28db0005, index=0, type=mandatorySystemGestures, source=FRAME, flags=[], insetsSize=Insets{left=0, top=0, right=0, bottom=90}}
                                                                                                            InsetsFrameProvider: {id=#28db0004, index=0, type=systemGestures, source=DISPLAY, flags=[], insetsSize=Insets{left=0, top=0, right=0, bottom=0}, mMinimalInsetsSizeInDisplayCutoutSafe=Insets{left=0, top=0, right=0, bottom=0}}
                                                                                                            InsetsFrameProvider: {id=#28db0024, index=1, type=systemGestures, source=DISPLAY, flags=[], insetsSize=Insets{left=0, top=0, right=0, bottom=0}, mMinimalInsetsSizeInDisplayCutoutSafe=Insets{left=0, top=0, right=0, bottom=0}} naviIconColor=0}
                                                                                                        ROTATION_90={(0,0)(135xfill) gr=RIGHT CENTER_HORIZONTAL layoutInDisplayCutoutMode=always ty=NAVIGATION_BAR fmt=TRANSLUCENT
                                                                                                          fl=20840028
                                                                                                          pfl=31001000
                                                                                                          bhv=DEFAULT
                                                                                                          providedInsets:
                                                                                                            InsetsFrameProvider: {id=#28db0001, index=0, type=navigationBars, source=FRAME, flags=[SUPPRESS_SCRIM], insetsSize=Insets{left=0, top=0, right=42, bottom=0}, insetsSizeOverrides=[TypedInsetsSize: {windowType=INPUT_METHOD, insetsSize=Insets{left=0, top=0, right=42, bottom=0}}]}
                                                                                                            InsetsFrameProvider: {id=#28db0006, index=0, type=tappableElement, source=FRAME, flags=[], insetsSize=Insets{left=0, top=0, right=0, bottom=0}}
                                                                                                            InsetsFrameProvider: {id=#28db0005, index=0, type=mandatorySystemGestures, source=FRAME, flags=[], insetsSize=Insets{left=0, top=0, right=90, bottom=0}}
                                                                                                            InsetsFrameProvider: {id=#28db0004, index=0, type=systemGestures, source=DISPLAY, flags=[], insetsSize=Insets{left=0, top=0, right=0, bottom=0}, mMinimalInsetsSizeInDisplayCutoutSafe=Insets{left=0, top=0, right=0, bottom=0}}
                                                                                                            InsetsFrameProvider: {id=#28db0024, index=1, type=systemGestures, source=DISPLAY, flags=[], insetsSize=Insets{left=0, top=0, right=0, bottom=0}, mMinimalInsetsSizeInDisplayCutoutSafe=Insets{left=0, top=0, right=0, bottom=0}} naviIconColor=0}
                                                                                                        ROTATION_180={(0,0)(fillx135) gr=BOTTOM CENTER_VERTICAL layoutInDisplayCutoutMode=always ty=NAVIGATION_BAR fmt=TRANSLUCENT
                                                                                                          fl=20840028
                                                                                                          pfl=31001000
                                                                                                          bhv=DEFAULT
2026-02-22 13:05:46.027  1021-1587  WindowManager           system_server                        V        providedInsets:
                                                                                                            InsetsFrameProvider: {id=#28db0001, index=0, type=navigationBars, source=FRAME, flags=[SUPPRESS_SCRIM], insetsSize=Insets{left=0, top=0, right=0, bottom=42}, insetsSizeOverrides=[TypedInsetsSize: {windowType=INPUT_METHOD, insetsSize=null}]}
                                                                                                            InsetsFrameProvider: {id=#28db0006, index=0, type=tappableElement, source=FRAME, flags=[], insetsSize=Insets{left=0, top=0, right=0, bottom=0}}
                                                                                                            InsetsFrameProvider: {id=#28db0005, index=0, type=mandatorySystemGestures, source=FRAME, flags=[], insetsSize=Insets{left=0, top=0, right=0, bottom=90}}
                                                                                                            InsetsFrameProvider: {id=#28db0004, index=0, type=systemGestures, source=DISPLAY, flags=[], insetsSize=Insets{left=0, top=0, right=0, bottom=0}, mMinimalInsetsSizeInDisplayCutoutSafe=Insets{left=0, top=0, right=0, bottom=0}}
                                                                                                            InsetsFrameProvider: {id=#28db0024, index=1, type=systemGestures, source=DISPLAY, flags=[], insetsSize=Insets{left=0, top=0, right=0, bottom=0}, mMinimalInsetsSizeInDisplayCutoutSafe=Insets{left=0, top=0, right=0, bottom=0}} naviIconColor=0}
                                                                                                        ROTATION_270={(0,0)(135xfill) gr=LEFT CENTER_HORIZONTAL layoutInDisplayCutoutMode=always ty=NAVIGATION_BAR fmt=TRANSLUCENT
                                                                                                          fl=20840028
                                                                                                          pfl=31001000
                                                                                                          bhv=DEFAULT
                                                                                                          providedInsets:
                                                                                                            InsetsFrameProvider: {id=#28db0001, index=0, type=navigationBars, source=FRAME, flags=[SUPPRESS_SCRIM], insetsSize=Insets{left=42, top=0, right=0, bottom=0}, insetsSizeOverrides=[TypedInsetsSize: {windowType=INPUT_METHOD, insetsSize=Insets{left=42, top=0, right=0, bottom=0}}]}
                                                                                                            InsetsFrameProvider: {id=#28db0006, index=0, type=tappableElement, source=FRAME, flags=[], insetsSize=Insets{left=0, top=0, right=0, bottom=0}}
                                                                                                            InsetsFrameProvider: {id=#28db0005, index=0, type=mandatorySystemGestures, source=FRAME, flags=[], insetsSize=Insets{left=90, top=0, right=0, bottom=0}}
                                                                                                            InsetsFrameProvider: {id=#28db0004, index=0, type=systemGestures, source=DISPLAY, flags=[], insetsSize=Insets{left=0, top=0, right=0, bottom=0}, mMinimalInsetsSizeInDisplayCutoutSafe=Insets{left=0, top=0, right=0, bottom=0}}
                                                                                                            InsetsFrameProvider: {id=#28db0024, index=1, type=systemGestures, source=DISPLAY, flags=[], insetsSize=Insets{left=0, top=0, right=0, bottom=0}, mMinimalInsetsSizeInDisplayCutoutSafe=Insets{left=0, top=0, right=0, bottom=0}} naviIconColor=0} naviIconColor=0}
2026-02-22 13:05:46.032  8764-8764  ViewRootIm...tyDefault] com.linkedin.android                 I  stopped(true) old = false
2026-02-22 13:05:46.032  8764-8764  ViewRootIm...tyDefault] com.linkedin.android                 D  WindowStopped on com.linkedin.android/com.linkedin.android.authenticator.LaunchActivityDefault set to true
2026-02-22 13:05:46.032  8764-8981  OpenGLRenderer          com.linkedin.android                 D  CacheManager::trimMemory(20)
2026-02-22 13:05:46.034  1478-1478  Navbar.Store            com.android.systemui                 D  handleEvent(0) OnSetGestureHintVisibility(recentVisible=true, homeVisible=true, backVisible=true) [Module] SamsungNavigationBarView
2026-02-22 13:05:46.034  1478-1478  Navbar.Store            com.android.systemui                 D  [Band]GESTURE_PACK_SET_HINT_VISIBILITY
2026-02-22 13:05:46.034  1478-1478  Navbar.Store            com.android.systemui                 D  [Band] (afterAction) GESTURE_PACK_SET_HINT_VISIBILITY
2026-02-22 13:05:46.034  1478-1478  Navbar.Store            com.android.systemui                 D  --apply(0) NavBarStoreAction$UpdateGestureHintVisibility
2026-02-22 13:05:46.034  1478-1478  Navbar.Store            com.android.systemui                 D  --NavBarStates(0) canShowGestureHint: true
2026-02-22 13:05:46.034  1478-1478  Navbar.Store            com.android.systemui                 D  handleEvent(0) OnUpdateSysUiStateFlag(noArguments=true) [Module] SamsungNavigationBarView
2026-02-22 13:05:46.034  1478-1478  Navbar.Store            com.android.systemui                 D  [Band]GESTURE_PACK_UPDATE_SYSTEMUI_STATE_FLAG
2026-02-22 13:05:46.034  1478-1478  Navbar.Store            com.android.systemui                 D  [Band] (afterAction) GESTURE_PACK_UPDATE_SYSTEMUI_STATE_FLAG
2026-02-22 13:05:46.034  1478-1478  Navbar.Store            com.android.systemui                 D  NavBarStates(0) isGameMode: false
2026-02-22 13:05:46.034  1478-1478  Navbar.Store            com.android.systemui                 D  --apply(0) NavBarStoreAction$UpdateSysUiFlags
2026-02-22 13:05:46.034  1478-1478  Navbar.Store            com.android.systemui                 D  --set 68719476736 : false
2026-02-22 13:05:46.034  1478-1478  Navbar.Store            com.android.systemui                 D  --set 4294967296 : false
2026-02-22 13:05:46.035  1478-1478  Navbar.Store            com.android.systemui                 D  --handleEvent(0) OnUpdateRemoteViewContainer(leftContainer=android.widget.LinearLayout{629ca96 I.E...... ......ID 0,0-118,135 #7f0a0597 app:id/left_remoteview}, rightContainer=android.widget.LinearLayout{1892617 I.E...... ......ID 962,0-1080,135 #7f0a08aa app:id/right_remoteview}, contextualButtonVisible=false, darkIntensity=1.0, displayId=0) [Module] SamsungNavigationBarView
2026-02-22 13:05:46.035  1478-1478  Navbar.Store            com.android.systemui                 D  ----[Band]REMOTE_VIEW_PACK_SET_REMOTEVIEW_CONTAINER
2026-02-22 13:05:46.035  1478-1478  Navbar.Store            com.android.systemui                 D  ------apply(0) NavBarStoreAction$UpdateRemoteViewContainer
2026-02-22 13:05:46.035  1478-1478  Navbar.Store            com.android.systemui                 D  ------apply(0) NavBarStoreAction$UpdateRemoteViewDarkIntensity
2026-02-22 13:05:46.035  1478-1478  Navbar.Store            com.android.systemui                 D  handleEvent(0) OnNavBarUpdateA11YService(clickable=false, longClickable=false) [Module] NavigationBar
2026-02-22 13:05:46.035  1478-1478  Navbar.Store            com.android.systemui                 D  [Band]SETUPWIZARD_PACK_UPDATE_A11Y_SERVICE
2026-02-22 13:05:46.035  1021-1610  WindowManager           system_server                        D  SyncGroup 3388:  Unfinished container: Task{c692021 #24386 type=standard A=10238:com.linkedin.android} mSyncState=2
2026-02-22 13:05:46.036  1478-1478  Navigation...Controller com.android.systemui                 D  getCurrentUserContext: contextUser=0 currentUser=0
2026-02-22 13:05:46.040  1478-1478  Navigation...Controller com.android.systemui                 D  getCurrentUserContext: contextUser=0 currentUser=0
2026-02-22 13:05:46.042  1988-1988  HoneySpace...playSource com.sec.android.app.launcher         I  DisplayInfo(rotation=1, displayId=0, displaySize=Point(2408, 1080), displayCutout=DisplayCutout{insets=Rect(65, 0 - 0, 0) waterfall=Insets{left=0, top=0, right=0, bottom=0} boundingRect={Bounds=[Rect(0, 470 - 65, 610), Rect(0, 0 - 0, 0), Rect(0, 0 - 0, 0), Rect(0, 0 - 0, 0)]} cutoutPathParserInfo={CutoutPathParserInfo{displayWidth=1080 displayHeight=2408 physicalDisplayWidth=1080 physicalDisplayHeight=2408 density={2.8125} cutoutSpec={M 0,0 H -24.88888888888889‬ V 23.11111111111111‬ H 24.88888888888889‬ V 0 H 0 Z @dp} rotation={1} scale={1.0} physicalPixelDisplaySizeRatio={1.0}}}}, isNavCanMove=true, isTablet=false)
2026-02-22 13:05:46.043  1988-1988  HoneySpace...playSource com.sec.android.app.launcher         I  onConfigurationChanged
2026-02-22 13:05:46.043  1478-1478  Navigation...Controller com.android.systemui                 D  getCurrentUserContext: contextUser=0 currentUser=0
2026-02-22 13:05:46.044  1988-1988  HoneySpace...playSource com.sec.android.app.launcher         I  DisplayInfo(rotation=1, displayId=0, displaySize=Point(2408, 1080), displayCutout=DisplayCutout{insets=Rect(65, 0 - 0, 0) waterfall=Insets{left=0, top=0, right=0, bottom=0} boundingRect={Bounds=[Rect(0, 470 - 65, 610), Rect(0, 0 - 0, 0), Rect(0, 0 - 0, 0), Rect(0, 0 - 0, 0)]} cutoutPathParserInfo={CutoutPathParserInfo{displayWidth=1080 displayHeight=2408 physicalDisplayWidth=1080 physicalDisplayHeight=2408 density={2.8125} cutoutSpec={M 0,0 H -24.88888888888889‬ V 23.11111111111111‬ H 24.88888888888889‬ V 0 H 0 Z @dp} rotation={1} scale={1.0} physicalPixelDisplaySizeRatio={1.0}}}}, isNavCanMove=true, isTablet=false)
2026-02-22 13:05:46.044  1988-387   HoneySpace...ateUseCase com.sec.android.app.launcher         I  changed: S_GESTURE, 90, true, false, DisplayInfo(rotation=1, displayId=0, displaySize=Point(2408, 1080), displayCutout=DisplayCutout{insets=Rect(65, 0 - 0, 0) waterfall=Insets{left=0, top=0, right=0, bottom=0} boundingRect={Bounds=[Rect(0, 470 - 65, 610), Rect(0, 0 - 0, 0), Rect(0, 0 - 0, 0), Rect(0, 0 - 0, 0)]} cutoutPathParserInfo={CutoutPathParserInfo{displayWidth=1080 displayHeight=2408 physicalDisplayWidth=1080 physicalDisplayHeight=2408 density={2.8125} cutoutSpec={M 0,0 H -24.88888888888889‬ V 23.11111111111111‬ H 24.88888888888889‬ V 0 H 0 Z @dp} rotation={1} scale={1.0} physicalPixelDisplaySizeRatio={1.0}}}}, isNavCanMove=true, isTablet=false), ExtraDisplayInfo(rotation=-1, displayId=-1, displaySize=Point(0, 0), displayCutout=null, foldState=-1), false
2026-02-22 13:05:46.045  1988-1988  InsetsController        com.sec.android.app.launcher         I  onStateChanged: host=SGestureOverlayWindow, from=android.view.ViewRootImpl$ViewRootHandler.handleMessageImpl:7196, state=InsetsState: {mDisplayFrame=Rect(0, 0 - 2408, 1080), mDisplayCutout=DisplayCutout{insets=Rect(65, 0 - 0, 0) waterfall=Insets{left=0, top=0, right=0, bottom=0} boundingRect={Bounds=[Rect(0, 470 - 65, 610), Rect(0, 0 - 0, 0), Rect(0, 0 - 0, 0), Rect(0, 0 - 0, 0)]} cutoutPathParserInfo={CutoutPathParserInfo{displayWidth=1080 displayHeight=2408 physicalDisplayWidth=1080 physicalDisplayHeight=2408 density={2.8125} cutoutSpec={M 0,0 H -24.88888888888889‬ V 23.11111111111111‬ H 24.88888888888889‬ V 0 H 0 Z @dp} rotation={1} scale={1.0} physicalPixelDisplaySizeRatio={1.0}}}}, mRoundedCorners=RoundedCorners{[RoundedCorner{position=TopLeft, radius=0, center=Point(0, 0)}, RoundedCorner{position=TopRight, radius=0, center=Point(0, 0)}, RoundedCorner{position=BottomRight, radius=0, center=Point(0, 0)}, RoundedCorner{position=BottomLeft, radius=0, center=Point(0, 0)}]}  mRoundedCornerFrame=Rect(0, 0 - 0, 0), mPrivacyIndicatorBounds=PrivacyIndicatorBounds {static bounds=Rect(2284, 0 - 2408, 68) rotation=1}, mDisplayShape=DisplayShape{ spec=-311912193 displayWidth=1080 displayHeight=2408 physicalPixelDisplaySizeRatio=1.0 rotation=1 offsetX=0 offsetY=0 scale=1.0}, mSources= { InsetsSource: {dde70005 mType=mandatorySystemGestures mFrame=[0,0][2408,68] mVisible=true mFlags=[]}, InsetsSource: {7 mType=displayCutout mFrame=[0,0][65,1080] mVisible=true mFlags=[]}, InsetsSource: {28db0001 mType=navigationBars mFrame=[2366,0][2408,1080] mVisible=true mFlags=[SUPPRESS_SCRIM]}, InsetsSource: {28db0004 mType=systemGestures mFrame=[0,0][0,0] mVisible=true mFlags=[]}, InsetsSource: {28db0005 mType=mandatorySystemGestures mFrame=[2318,0][2408,1080] mVisible=true mFlags=[]}, InsetsSource: {28db0006 mType=tappableElement mFrame=[0,0][0,0] mVisible=true mFlags=[]}, InsetsSource: {28db0024 mType=systemGestures mFrame=[0,0][0,0] mVisible=true mFlags=[]} }
2026-02-22 13:05:46.046  1988-1988  ViewRootIm...layWindow] com.sec.android.app.launcher         I  handleResized, msg = 5 frames=ClientWindowFrames{frame=[2020,990][2408,1080] display=[65,0][2408,1080] parentFrame=[0,0][0,0]} forceNextWindowRelayout=false displayId=0 dragResizing=false compatScale=1.0 frameChanged=true attachedFrameChanged=false configChanged=true displayChanged=false compatScaleChanged=false
2026-02-22 13:05:46.046  1988-1988  ViewRootIm...layWindow] com.sec.android.app.launcher         I  handleResized mSyncSeqId = 14
2026-02-22 13:05:46.046  1478-1478  Navigation...Controller com.android.systemui                 D  getCurrentUserContext: contextUser=0 currentUser=0
2026-02-22 13:05:46.047  1988-387   HoneySpace.IconCache    com.sec.android.app.launcher         I  ACTION_CONFIGURATION_CHANGED: 450 -> 450
2026-02-22 13:05:46.049  1478-1478  Navigation...Controller com.android.systemui                 D  getCurrentUserContext: contextUser=0 currentUser=0
2026-02-22 13:05:46.052  1478-1478  NoBackGesture           com.android.systemui                 I  Config changed: newConfig={1.0 260mcc1mnc [uk_UA] ldltr sw384dp w818dp h360dp 450dpi nrml long land finger -keyb/v/h -nav/h winConfig={ mBounds=Rect(0, 0 - 2408, 1080) mAppBounds=Rect(65, 0 - 2366, 1080) mMaxBounds=Rect(0, 0 - 2408, 1080) mDisplayRotation=ROTATION_90 mWindowingMode=fullscreen mDisplayWindowingMode=fullscreen mActivityType=undefined mAlwaysOnTop=undefined mRotation=ROTATION_90 mPopOver=undefined mOverlappingWithCutout=false mStageConfig=undefined mFreeformTaskPinningState=undefined mFreeformTranslucent=UNDEFINED} as.9 s.33217 fontWeightAdjustment=0 ff=0 bf=0 bts=0 cst=1.0 nightDim=-1 themeSeq=0} lastReportedConfig={1.0 260mcc1mnc [uk_UA] ldltr sw384dp w384dp h818dp 450dpi nrml long port finger -keyb/v/h -nav/h winConfig={ mBounds=Rect(0, 0 - 1080, 2408) mAppBounds=Rect(0, 65 - 1080, 2366) mMaxBounds=Rect(0, 0 - 1080, 2408) mDisplayRotation=ROTATION_0 mWindowingMode=fullscreen mDisplayWindowingMode=fullscreen mActivityType=undefined mAlwaysOnTop=undefined mRotation=ROTATION_0 mPopOver=undefined mOverlappingWithCutout=false mStageConfig=undefined mFreeformTaskPinningState=undefined mFreeformTranslucent=UNDEFINED} as.9 s.33157 fontWeightAdjustment=0 ff=0 bf=0 bts=0 cst=1.0 nightDim=-1 themeSeq=0}
2026-02-22 13:05:46.052  1478-1478  Lockscreen...ionManager com.android.systemui                 D  Orientation updated : 2
2026-02-22 13:05:46.052  1478-1478  MediaLogger             com.android.systemui                 D  Media config changed data size is [0]
2026-02-22 13:05:46.052  1478-1478  SecMediaControlPanel    com.android.systemui                 D  Get Value for expanded: false
2026-02-22 13:05:46.052  1478-1478  SecMediaControlPanel    com.android.systemui                 D  there is no media player, update player height returned.
2026-02-22 13:05:46.053  1478-1478  DeviceState             com.android.systemui                 D  getDisplayWidth portrait? false  displayWidth= 2408
2026-02-22 13:05:46.053  1478-1478  SecPanelCo...nBellTower com.android.systemui                 D  New Cs.33217 (cSeq.33157 : vSeq.33037) dState(dW:2408, dH:1080) rPicker(pW:1968, pH:1012, adH:1012, cH:0, nbH:0) Rotation(1, c:1, v:1) newOri:2
2026-02-22 13:05:46.055   751-2281  BpBinder                surfaceflinger                       I  onLastStrongRef automatically unlinking death recipients: 
2026-02-22 13:05:46.055  1988-1988  BLASTBufferQueue_Java   com.sec.android.app.launcher         I  update, w= 388 h= 90 mName = ViewRootImpl@4c491e[SGestureOverlayWindow] mNativeObject= 0xb400007a6fb3b200 sc.mNativeObject= 0xb400007a765f09c0 format= -3 caller= android.view.ViewRootImpl.updateBlastSurfaceIfNeeded:3017 android.view.ViewRootImpl.relayoutWindow:10131 android.view.ViewRootImpl.performTraversals:4110 android.view.ViewRootImpl.doTraversal:3288 android.view.ViewRootImpl$TraversalRunnable.run:11344 android.view.Choreographer$CallbackRecord.run:1689 
2026-02-22 13:05:46.055  1021-1587  WindowManager           system_server                        V  Relayout Window{41cebee u0 SGestureOverlayWindow}: viewVisibility=0 req=388x90 ty=2274 d0
2026-02-22 13:05:46.055  1988-1988  ViewRootIm...layWindow] com.sec.android.app.launcher         I  Relayout returned: old=(2020,990,2408,1080) new=(2020,990,2408,1080) relayoutAsync=true req=(388,90)0 dur=1 res=0x0 s={true 0xb400007a591c2000} ch=false seqId=14
2026-02-22 13:05:46.056  1988-1988  ViewRootIm...layWindow] com.sec.android.app.launcher         I  Setup new sync=wmsSync-ViewRootImpl@4c491e[SGestureOverlayWindow]#97
2026-02-22 13:05:46.056  1988-1988  ViewRootIm...layWindow] com.sec.android.app.launcher         I  Creating new active sync group ViewRootImpl@4c491e[SGestureOverlayWindow]#98
2026-02-22 13:05:46.058  1988-1988  ViewRootIm...layWindow] com.sec.android.app.launcher         I  registerCallbacksForSync syncBuffer=false
2026-02-22 13:05:46.058  1988-2171  ViewRootIm...layWindow] com.sec.android.app.launcher         I  Received frameDrawingCallback syncResult=0 frameNum=14.
2026-02-22 13:05:46.059  1988-2171  ViewRootIm...layWindow] com.sec.android.app.launcher         I  mWNT: t=0xb400007a5a734f00 mBlastBufferQueue=0xb400007a6fb3b200 fn= 14 mRenderHdrSdrRatio=1.0 caller= android.view.ViewRootImpl$8.onFrameDraw:13841 android.view.ThreadedRenderer$1.onFrameDraw:792 <bottom of call stack> 
2026-02-22 13:05:46.059  1988-2171  ViewRootIm...layWindow] com.sec.android.app.launcher         I  Setting up sync and frameCommitCallback
2026-02-22 13:05:46.064  1988-2140  ViewRootIm...layWindow] com.sec.android.app.launcher         I  Received frameCommittedCallback lastAttemptedDrawFrameNum=14 didProduceBuffer=true
2026-02-22 13:05:46.064  1988-1988  ViewRootIm...layWindow] com.sec.android.app.launcher         I  reportDrawFinished seqId=14
2026-02-22 13:05:46.064  1021-1587  WindowManager           system_server                        D  SyncGroup 3388:  Unfinished container: Task{c692021 #24386 type=standard A=10238:com.linkedin.android} mSyncState=2
2026-02-22 13:05:46.065  1021-1587  WindowManager           system_server                        V  Relayout hash=41cebee, pid=0, syncId=-1: mAttrs={(0,0)(388x90) gr=BOTTOM RIGHT CENTER sim={adjust=pan} ty=2274 fmt=TRANSLUCENT
                                                                                                      fl=108
                                                                                                      pfl=12000000
                                                                                                      bhv=DEFAULT naviIconColor=0
                                                                                                      sfl=20000}
2026-02-22 13:05:46.066  1478-1478  ExpandQSAt...Controller com.android.systemui                 D  updateResources(before), enabled:false, SidePosition:null, Ratio:0.0(setting:-1), Width:0
2026-02-22 13:05:46.067  1021-1587  WindowManager           system_server                        D  finishDrawingWindow: Window{41cebee u0 SGestureOverlayWindow} mDrawState=DRAW_PENDING seqId=14
2026-02-22 13:05:46.067  1021-1587  WindowManager           system_server                        I  finishDrawing of orientation change: Window{41cebee u0 SGestureOverlayWindow} 85ms
2026-02-22 13:05:46.067  1021-1587  AsyncRotat...dowManager system_server                        D  handleFinishDrawing Window{41cebee u0 SGestureOverlayWindow}
2026-02-22 13:05:46.067  1021-1587  AsyncRotat...dowManager system_server                        D  Complete set pending Window{41cebee u0 SGestureOverlayWindow}
2026-02-22 13:05:46.070  8764-8873  ConnectivityManager     com.linkedin.android                 D  StackLog: [android.net.ConnectivityManager.sendRequestForNetwork(ConnectivityManager.java:4359)] [android.net.ConnectivityManager.registerDefaultNetworkCallbackForUid(ConnectivityManager.java:4923)] [android.net.ConnectivityManager.registerDefaultNetworkCallback(ConnectivityManager.java:4890)] [android.net.ConnectivityManager.registerDefaultNetworkCallback(ConnectivityManager.java:4864)] [androidx.work.impl.utils.NetworkApi24.registerDefaultNetworkCallbackCompat(NetworkApi24.kt:1)] [androidx.work.impl.constraints.trackers.NetworkStateTracker24.startTracking(NetworkStateTracker.kt:18)] [androidx.work.impl.constraints.controllers.ConstraintController$track$1.invokeSuspend(ContraintControllers.kt:103)] [androidx.work.impl.constraints.controllers.ConstraintController$track$1.invoke(ContraintControllers.kt:13)] [kotlinx.coroutines.flow.ChannelFlowBuilder.collectTo(Builders.kt:3)] [kotlinx.coroutines.flow.CallbackFlowBuilder.collectTo(Builders.kt:59)] [kotlinx.coroutines.flow.internal.ChannelFlow$collectToFun$1.invokeSuspend(ChannelFlow.kt:33)] [kotlin.coroutines.jvm.internal.BaseContinuationImpl.resumeWith(ContinuationImpl.kt:6)] [kotlinx.coroutines.DispatchedTask.run(DispatchedTask.kt:118)] [androidx.work.impl.utils.SerialExecutorImpl$Task.run(SerialExecutorImpl.java:3)] [java.util.concurrent.ThreadPoolExecutor.runWorker(ThreadPoolExecutor.java:1145)] [java.util.concurrent.ThreadPoolExecutor$Worker.run(ThreadPoolExecutor.java:644)] [java.lang.Thread.run(Thread.java:1012)]
2026-02-22 13:05:46.070  1021-1068  WindowManager           system_server                        V  performShowLocked: mDrawState=HAS_DRAWN in Window{41cebee u0 SGestureOverlayWindow}
2026-02-22 13:05:46.077  1021-1068  WindowManager           system_server                        D  SyncGroup 3388:  Unfinished container: Task{c692021 #24386 type=standard A=10238:com.linkedin.android} mSyncState=2
2026-02-22 13:05:46.081  1478-1478  KeyguardSe...tionPolicy com.android.systemui                 D   remove Item pos = DEFAULT, type =     LEGACY_TRANSIENT
2026-02-22 13:05:46.081  1021-1587  ConnectivityService     system_server                        D  requestNetwork for uid/pid:10238/8764 activeRequest: null callbackRequest: 26681 [NetworkRequest [ REQUEST id=26682, [ Capabilities: INTERNET&NOT_RESTRICTED&TRUSTED&NOT_VCN_MANAGED Uid: 10238 RequestorUid: 10238 RequestorPkg: com.linkedin.android UnderlyingNetworks: Null] ]] callback flags: 0 order: 2147483647
2026-02-22 13:05:46.081  8764-8764  WindowOnBackDispatcher  com.linkedin.android                 W  sendCancelIfRunning: isInProgress=falsecallback=android.view.ViewRootImpl$$ExternalSyntheticLambda19@caf1051
2026-02-22 13:05:46.082  1021-1601  CoreBackPreview         system_server                        D  Window{81cdcc1 u0 com.linkedin.android/com.linkedin.android.authenticator.LaunchActivityDefault}: Setting back callback null
2026-02-22 13:05:46.082  1478-1563  Bubbles                 com.android.systemui                 W  update positioner: rotation: 0 insets: Insets{left=65, top=68, right=42, bottom=0} isLargeScreen: false isSmallTablet: false showingInBubbleBar: false bounds: Rect(0, 0 - 2408, 1080)
2026-02-22 13:05:46.082  1021-1289  ConnectivityService     system_server                        D     accepting network in place of null
2026-02-22 13:05:46.084  1478-1478  IndicatorBasicGardener  com.android.systemui                 D  PhoneStatusBarViewController update is done height=68 hasCameraTopMargin=false cameraTopMargin=0paddingLeft=59 paddingRight=59 maxWidthLeftContainer=1021 maxWidthCenterContainer=140 maxWidthRightContainer=1021 cutout=DisplayCutout{insets=Rect(0, 65 - 0, 0) waterfall=Insets{left=0, top=0, right=0, bottom=0} boundingRect={Bounds=[Rect(0, 0 - 0, 0), Rect(470, 0 - 610, 65), Rect(0, 0 - 0, 0), Rect(0, 0 - 0, 0)]} cutoutPathParserInfo={CutoutPathParserInfo{displayWidth=1080 displayHeight=2408 physicalDisplayWidth=1080 physicalDisplayHeight=2408 density={2.8125} cutoutSpec={M 0,0 H -24.88888888888889‬ V 23.11111111111111‬ H 24.88888888888889‬ V 0 H 0 Z @dp} rotation={0} scale={1.0} physicalPixelDisplaySizeRatio={1.0}}}}
2026-02-22 13:05:46.086  8764-8981  OpenGLRenderer          com.linkedin.android                 D  CacheManager::trimMemory(20)
2026-02-22 13:05:46.086  8764-8764  ViewRootIm...tyDefault] com.linkedin.android                 I  dispatchDetachedFromWindow
2026-02-22 13:05:46.087  1021-1601  InputTransport          system_server                        D  Input channel destroyed: '81cdcc1', fd=1036
2026-02-22 13:05:46.087  1021-1601  InputManager-JNI        system_server                        W  Input channel object '81cdcc1 com.linkedin.android/com.linkedin.android.authenticator.LaunchActivityDefault (client)' was disposed without first being removed with the input manager!
2026-02-22 13:05:46.087  1021-1601  InputTransport          system_server                        D  Input channel destroyed: '81cdcc1', fd=1039
2026-02-22 13:05:46.087  1021-1601  WindowManager           system_server                        V  Remove Window{81cdcc1 u0 com.linkedin.android/com.linkedin.android.authenticator.LaunchActivityDefault}: mSurfaceController=Surface(name=com.linkedin.android/com.linkedin.android.authenticator.LaunchActivityDefault$_8764)/@0x3541d3e mAnimatingExit=false mRemoveOnExit=false mHasSurface=true surfaceShowing=true animating=false app-animation=false mDisplayFrozen=false callers=com.android.server.wm.WindowManagerService.removeWindow:2148 com.android.server.wm.Session.remove:257 android.view.IWindowSession$Stub.onTransact:747 com.android.server.wm.Session.onTransact:204 android.os.Binder.execTransactInternal:1375 android.os.Binder.execTransact:1311 
2026-02-22 13:05:46.087  1021-1601  WindowManager           system_server                        I  Destroying surface Surface(name=com.linkedin.android/com.linkedin.android.authenticator.LaunchActivityDefault$_8764)/@0x3541d3e called by com.android.server.wm.WindowStateAnimator.destroySurface:799 com.android.server.wm.WindowStateAnimator.destroySurfaceLocked:472 com.android.server.wm.WindowState.removeImmediately:2937 com.android.server.wm.WindowState.removeIfPossible:3214 com.android.server.wm.WindowManagerService.removeWindow:2148 com.android.server.wm.Session.remove:257 android.view.IWindowSession$Stub.onTransact:747 com.android.server.wm.Session.onTransact:204 
2026-02-22 13:05:46.088  1021-1601  RestrictionPolicy       system_server                        D  isScreenCaptureEnabled : ret=true userId=0
2026-02-22 13:05:46.090  1021-1289  ConnectivityService     system_server                        D  Rematched networks [computed 0ms] [applied 1ms] [issued 6]
2026-02-22 13:05:46.090  1021-1289  ConnectivityService     system_server                        D  NetworkReassignment :
                                                                                                      26682 : null → 311
2026-02-22 13:05:46.091  1021-1601  WindowManager           system_server                        D  SyncGroup 3388:  Unfinished container: Task{c692021 #24386 type=standard A=10238:com.linkedin.android} mSyncState=2
2026-02-22 13:05:46.092  1021-1601  WindowManager           system_server                        V  Changing focus from Window{81cdcc1 u0 com.linkedin.android/com.linkedin.android.authenticator.LaunchActivityDefault} to null displayId=0 Callers=com.android.server.wm.RootWindowContainer.updateFocusedWindowLocked:578 com.android.server.wm.WindowManagerService.updateFocusedWindowLocked:6833 com.android.server.wm.WindowState.removeIfPossible:3236 com.android.server.wm.WindowManagerService.removeWindow:2148 
2026-02-22 13:05:46.092  1021-1257  WifiNetworkFactory      system_server                        D  got request NetworkRequest [ REQUEST id=26682, [ Capabilities: INTERNET&NOT_RESTRICTED&TRUSTED&NOT_VCN_MANAGED Uid: 10238 RequestorUid: 10238 RequestorPkg: com.linkedin.android UnderlyingNetworks: Null] ]
2026-02-22 13:05:46.093  8764-8764  InputTransport          com.linkedin.android                 D  Input channel destroyed: '81cdcc1', fd=182
2026-02-22 13:05:46.093  1021-1257  UntrustedW...orkFactory system_server                        D  got request NetworkRequest [ REQUEST id=26682, [ Capabilities: INTERNET&NOT_RESTRICTED&TRUSTED&NOT_VCN_MANAGED Uid: 10238 RequestorUid: 10238 RequestorPkg: com.linkedin.android UnderlyingNetworks: Null] ]
2026-02-22 13:05:46.093  1021-1257  OemPaidWif...orkFactory system_server                        D  got request NetworkRequest [ REQUEST id=26682, [ Capabilities: INTERNET&NOT_RESTRICTED&TRUSTED&NOT_VCN_MANAGED Uid: 10238 RequestorUid: 10238 RequestorPkg: com.linkedin.android UnderlyingNetworks: Null] ]
2026-02-22 13:05:46.093  1021-1257  MultiInter...orkFactory system_server                        D  got request NetworkRequest [ REQUEST id=26682, [ Capabilities: INTERNET&NOT_RESTRICTED&TRUSTED&NOT_VCN_MANAGED Uid: 10238 RequestorUid: 10238 RequestorPkg: com.linkedin.android UnderlyingNetworks: Null] ]
2026-02-22 13:05:46.095  1021-1587  Telecom:Sa...erviceImpl system_server                        I  isInCall - callingPackage : com.android.systemui / callingUser : UserHandle{0} / hasCrossUserAccess : true
2026-02-22 13:05:46.096  4198-17592 FASProvider             com.sec.android.sdhms                I  makeValuesForFasUpdate contentValues = package_name=com.linkedin.android extras=0 reason=deleted_from_mars_auto disableReason=deleted_from_mars_auto disableResetTime=1771761946092 uid=10238 mode=0 level=1 resetTime=0
