2026-02-22 13:05:35.673  1021-3715  WindowManager           system_server                        V  Computed rotation=ROTATION_0 (0) for display id=0 based on lastOrientation=SCREEN_ORIENTATION_UNSPECIFIED (-1) and oldRotation=ROTATION_0 (0), caller=com.android.server.wm.DisplayContent.updateRotationUnchecked:2674 com.android.server.wm.WindowManagerService.updateRotationUnchecked:4859 com.android.server.wm.WindowManagerService.updateRotation:4840 com.android.server.wm.Transition.finishTransition:1721 com.android.server.wm.TransitionController.finishTransition:1113 com.android.server.wm.WindowOrganizerController.finishTransition:456 
2026-02-22 13:05:35.674  1478-1563  WindowManagerShell      com.android.systemui                 V  Track 0 became idle
2026-02-22 13:05:35.674  1478-1563  WindowManagerShell      com.android.systemui                 V  All active transition animations finished
2026-02-22 13:05:35.677  1021-1068  SurfaceControl          system_server                        D  restrictHighRefreshRate, enabled=true
2026-02-22 13:05:35.678   751-2281  SurfaceFlinger          surfaceflinger                       I  HRR : 1
2026-02-22 13:05:35.686   751-751   Layer                   surfaceflinger                       I  id=57062 removeFromCurrentState RotationLayer_WmCore#57062 (591)
2026-02-22 13:05:35.686   751-751   Layer                   surfaceflinger                       I  id=57075 removeFromCurrentState BackColorSurface#57075 (591)
2026-02-22 13:05:35.686   751-751   Layer                   surfaceflinger                       I  id=57074 removeFromCurrentState Animation leash of screenshot rotation#57074 (591)
2026-02-22 13:05:35.686   751-751   Layer                   surfaceflinger                       I  id=57072 removeFromCurrentState Transition Root: Display 0 name="Вбудований екран"#57072 (591)
2026-02-22 13:05:35.686   751-751   Layer                   surfaceflinger                       I  id=57062 removeFromCurrentState RotationLayer_WmCore#57062 (591)
2026-02-22 13:05:35.687   751-751   Layer                   surfaceflinger                       I  id=57072 removeFromCurrentState Transition Root: Display 0 name="Вбудований екран"#57072 (591)
2026-02-22 13:05:35.687   751-751   Layer                   surfaceflinger                       I  id=57062 removeFromCurrentState RotationLayer_WmCore#57062 (591)
2026-02-22 13:05:35.687   751-751   Layer                   surfaceflinger                       I  id=57058 Destroyed Surface(name=WindowToken{7a7bf4a type=2000 android.os.BinderProxy@6f0d0ec})/@0x27189ad - animation-leash of token_transform#57058
2026-02-22 13:05:35.687   751-751   Layer                   surfaceflinger                       I  id=57043 Destroyed com.linkedin.android/com.linkedin.android.authenticator.LaunchActivityDefault$_8764#57043
2026-02-22 13:05:35.688   751-751   Layer                   surfaceflinger                       I  id=57037 Destroyed 457ec12 com.linkedin.android/com.linkedin.android.authenticator.LaunchActivityDefault#57037
2026-02-22 13:05:35.688   751-751   Layer                   surfaceflinger                       I  id=57057 Destroyed Surface(name=WindowToken{b723569 type=2274 android.os.BinderProxy@e6f1bf0})/@0xd4a504e - animation-leash of token_transform#57057
2026-02-22 13:05:35.689   751-751   Layer                   surfaceflinger                       I  id=57073 Destroyed Transition Root: Display 0 name="Вбудований екран"#57072 (Mirror)#57073
2026-02-22 13:05:35.689   751-751   Layer                   surfaceflinger                       I  id=57077 Destroyed Animation leash of screenshot rotation#57074 (Mirror)#57077
2026-02-22 13:05:35.691   751-751   SurfaceFlinger          surfaceflinger                       I  id=57072 Removed Transition Root: Display 0 name="Вбудований екран"#57072 (585)
2026-02-22 13:05:35.691   751-751   SurfaceFlinger          surfaceflinger                       I  id=57075 Removed BackColorSurface#57075 (585)
2026-02-22 13:05:35.691   751-751   SurfaceFlinger          surfaceflinger                       I  id=57062 Removed RotationLayer_WmCore#57062 (585)
2026-02-22 13:05:35.691   751-751   SurfaceFlinger          surfaceflinger                       I  id=57074 Removed Animation leash of screenshot rotation#57074 (585)
2026-02-22 13:05:35.693   751-751   Layer                   surfaceflinger                       I  id=57063 Destroyed RotationLayer_WmCore#57062 (Mirror)#57063
2026-02-22 13:05:35.693   751-751   Layer                   surfaceflinger                       I  id=57076 Destroyed BackColorSurface#57075 (Mirror)#57076
2026-02-22 13:05:35.704  8764-8764  InputMethodManager      com.linkedin.android                 I  invalidateInput
2026-02-22 13:05:35.707   751-751   SurfaceFlinger          surfaceflinger                       D  Display 4633128672291735931 HWC layers:
                                                                                                         DEVICE | 0xb4000073ea0e7100 | 0102 | RGBA_8888    |    0.0    0.0 1080.0 2408.0 |    0    0 1080 2408 | com.linkedin.android/com.linkedin.an[...]or.LaunchActivityDefault$_8764#57070
                                                                                                         DEVICE | 0xb4000073ea0e5480 | 0100 | RGBA_8888    |    0.0    0.0 1080.0   65.0 |    0    0 1080   65 | StatusBar$_1478#89
                                                                                                         DEVICE | 0xb4000074016e2d00 | 0100 | RGBA_8888    |    0.0    0.0  388.0   90.0 |  692 2318 1080 2408 | SGestureOverlayWindow$_1988#56576
                                                                                                         DEVICE | 0xb4000073ee4d8600 | 0100 | RGBA_8888    |    0.0    0.0 1080.0  135.0 |    0 2273 1080 2408 | NavigationBar0$_1478#81
2026-02-22 13:05:35.709   751-751   Layer                   surfaceflinger                       I  id=57072 Destroyed Transition Root: Display 0 name="Вбудований екран"#57072
2026-02-22 13:05:35.709   751-751   Layer                   surfaceflinger                       I  id=57062 Destroyed RotationLayer_WmCore#57062
2026-02-22 13:05:35.709   751-751   Layer                   surfaceflinger                       I  id=57074 Destroyed Animation leash of screenshot rotation#57074
2026-02-22 13:05:35.709   751-751   Layer                   surfaceflinger                       I  id=57075 Destroyed BackColorSurface#57075
2026-02-22 13:05:35.739  8764-8764  ConstraintLayout        com.linkedin.android                 E  layout_constraintWidth_default="wrap" is deprecated.
                                                                                                    Use layout_width="WRAP_CONTENT" and layout_constrainedWidth="true" instead.
2026-02-22 13:05:35.739  8764-8764  ConstraintLayout        com.linkedin.android                 E  layout_constraintHeight_default="wrap" is deprecated.
                                                                                                    Use layout_height="WRAP_CONTENT" and layout_constrainedHeight="true" instead.
2026-02-22 13:05:35.739  8764-8764  ConstraintLayout        com.linkedin.android                 E  layout_constraintWidth_default="wrap" is deprecated.
                                                                                                    Use layout_width="WRAP_CONTENT" and layout_constrainedWidth="true" instead.
2026-02-22 13:05:35.741  8764-8764  ConstraintLayout        com.linkedin.android                 E  layout_constraintWidth_default="wrap" is deprecated.
                                                                                                    Use layout_width="WRAP_CONTENT" and layout_constrainedWidth="true" instead.
2026-02-22 13:05:35.742  8764-8764  ConstraintLayout        com.linkedin.android                 E  layout_constraintWidth_default="wrap" is deprecated.
                                                                                                    Use layout_width="WRAP_CONTENT" and layout_constrainedWidth="true" instead.
2026-02-22 13:05:35.742  8764-8764  ConstraintLayout        com.linkedin.android                 E  layout_constraintWidth_default="wrap" is deprecated.
                                                                                                    Use layout_width="WRAP_CONTENT" and layout_constrainedWidth="true" instead.
2026-02-22 13:05:35.763  8764-8764  ConstraintLayout        com.linkedin.android                 E  layout_constraintWidth_default="wrap" is deprecated.
                                                                                                    Use layout_width="WRAP_CONTENT" and layout_constrainedWidth="true" instead.
2026-02-22 13:05:35.763  8764-8764  ConstraintLayout        com.linkedin.android                 E  layout_constraintHeight_default="wrap" is deprecated.
                                                                                                    Use layout_height="WRAP_CONTENT" and layout_constrainedHeight="true" instead.
2026-02-22 13:05:35.763  8764-8764  ConstraintLayout        com.linkedin.android                 E  layout_constraintWidth_default="wrap" is deprecated.
                                                                                                    Use layout_width="WRAP_CONTENT" and layout_constrainedWidth="true" instead.
2026-02-22 13:05:35.765  8764-8764  ConstraintLayout        com.linkedin.android                 E  layout_constraintWidth_default="wrap" is deprecated.
                                                                                                    Use layout_width="WRAP_CONTENT" and layout_constrainedWidth="true" instead.
2026-02-22 13:05:35.765  8764-8764  ConstraintLayout        com.linkedin.android                 E  layout_constraintWidth_default="wrap" is deprecated.
                                                                                                    Use layout_width="WRAP_CONTENT" and layout_constrainedWidth="true" instead.
2026-02-22 13:05:35.765  8764-8764  ConstraintLayout        com.linkedin.android                 E  layout_constraintWidth_default="wrap" is deprecated.
                                                                                                    Use layout_width="WRAP_CONTENT" and layout_constrainedWidth="true" instead.
2026-02-22 13:05:35.784  8764-8764  ConstraintLayout        com.linkedin.android                 E  layout_constraintWidth_default="wrap" is deprecated.
                                                                                                    Use layout_width="WRAP_CONTENT" and layout_constrainedWidth="true" instead.
2026-02-22 13:05:35.784  8764-8764  ConstraintLayout        com.linkedin.android                 E  layout_constraintHeight_default="wrap" is deprecated.
                                                                                                    Use layout_height="WRAP_CONTENT" and layout_constrainedHeight="true" instead.
2026-02-22 13:05:35.784  8764-8764  ConstraintLayout        com.linkedin.android                 E  layout_constraintWidth_default="wrap" is deprecated.
                                                                                                    Use layout_width="WRAP_CONTENT" and layout_constrainedWidth="true" instead.
2026-02-22 13:05:35.786  8764-8764  ConstraintLayout        com.linkedin.android                 E  layout_constraintWidth_default="wrap" is deprecated.
                                                                                                    Use layout_width="WRAP_CONTENT" and layout_constrainedWidth="true" instead.
2026-02-22 13:05:35.786  8764-8764  ConstraintLayout        com.linkedin.android                 E  layout_constraintWidth_default="wrap" is deprecated.
                                                                                                    Use layout_width="WRAP_CONTENT" and layout_constrainedWidth="true" instead.
2026-02-22 13:05:35.786  8764-8764  ConstraintLayout        com.linkedin.android                 E  layout_constraintWidth_default="wrap" is deprecated.
                                                                                                    Use layout_width="WRAP_CONTENT" and layout_constrainedWidth="true" instead.
2026-02-22 13:05:35.798  8764-8773  inkedin.android         com.linkedin.android                 I  Background concurrent mark compact GC freed 725909(31MB) AllocSpace objects, 63(4212KB) LOS objects, 31% free, 53MB/77MB, paused 6.094ms,7.566ms total 538.083ms
2026-02-22 13:05:35.805  8764-8764  ConstraintLayout        com.linkedin.android                 E  layout_constraintWidth_default="wrap" is deprecated.
                                                                                                    Use layout_width="WRAP_CONTENT" and layout_constrainedWidth="true" instead.
2026-02-22 13:05:35.805  8764-8764  ConstraintLayout        com.linkedin.android                 E  layout_constraintHeight_default="wrap" is deprecated.
                                                                                                    Use layout_height="WRAP_CONTENT" and layout_constrainedHeight="true" instead.
2026-02-22 13:05:35.805  8764-8764  ConstraintLayout        com.linkedin.android                 E  layout_constraintWidth_default="wrap" is deprecated.
                                                                                                    Use layout_width="WRAP_CONTENT" and layout_constrainedWidth="true" instead.
2026-02-22 13:05:35.806  8764-8764  ConstraintLayout        com.linkedin.android                 E  layout_constraintWidth_default="wrap" is deprecated.
                                                                                                    Use layout_width="WRAP_CONTENT" and layout_constrainedWidth="true" instead.
2026-02-22 13:05:35.807  8764-8781  InputTransport          com.linkedin.android                 D  Input channel destroyed: 'ClientS', fd=219
2026-02-22 13:05:35.807  8764-8764  ConstraintLayout        com.linkedin.android                 E  layout_constraintWidth_default="wrap" is deprecated.
                                                                                                    Use layout_width="WRAP_CONTENT" and layout_constrainedWidth="true" instead.
2026-02-22 13:05:35.807  8764-8764  ConstraintLayout        com.linkedin.android                 E  layout_constraintWidth_default="wrap" is deprecated.
                                                                                                    Use layout_width="WRAP_CONTENT" and layout_constrainedWidth="true" instead.
2026-02-22 13:05:35.823  8764-8764  ConstraintLayout        com.linkedin.android                 E  layout_constraintWidth_default="wrap" is deprecated.
                                                                                                    Use layout_width="WRAP_CONTENT" and layout_constrainedWidth="true" instead.
2026-02-22 13:05:35.823  8764-8764  ConstraintLayout        com.linkedin.android                 E  layout_constraintHeight_default="wrap" is deprecated.
                                                                                                    Use layout_height="WRAP_CONTENT" and layout_constrainedHeight="true" instead.
2026-02-22 13:05:35.823  8764-8764  ConstraintLayout        com.linkedin.android                 E  layout_constraintWidth_default="wrap" is deprecated.
                                                                                                    Use layout_width="WRAP_CONTENT" and layout_constrainedWidth="true" instead.
2026-02-22 13:05:35.824  8764-8764  ConstraintLayout        com.linkedin.android                 E  layout_constraintWidth_default="wrap" is deprecated.
                                                                                                    Use layout_width="WRAP_CONTENT" and layout_constrainedWidth="true" instead.
2026-02-22 13:05:35.825  8764-8764  ConstraintLayout        com.linkedin.android                 E  layout_constraintWidth_default="wrap" is deprecated.
                                                                                                    Use layout_width="WRAP_CONTENT" and layout_constrainedWidth="true" instead.
2026-02-22 13:05:35.825  8764-8764  ConstraintLayout        com.linkedin.android                 E  layout_constraintWidth_default="wrap" is deprecated.
                                                                                                    Use layout_width="WRAP_CONTENT" and layout_constrainedWidth="true" instead.
2026-02-22 13:05:35.875  8764-8888  WM-WorkerWrapper        com.linkedin.android                 I  Worker result SUCCESS for Work [ id=6de69409-6b87-4ec0-a3de-11b217546151, tags={ com.linkedin.android.litrackinglib.network.SendTrackingEventWorker, send_one_batch_events_work } ]
2026-02-22 13:05:35.896  8764-8764  InsetsController        com.linkedin.android                 I  cancelAnimation: types=statusBars, animType=3, host=com.linkedin.android/com.linkedin.android.authenticator.LaunchActivityDefault, from=android.view.InsetsController.notifyFinished:1748 android.view.InsetsResizeAnimationRunner.applyChangeInsets:162 android.view.InsetsController.lambda$new$3:918 
2026-02-22 13:05:35.900  8764-9203  ViewRootIm...tyDefault] com.linkedin.android                 I  mWNT: t=0xb4000079f0f5f200 mBlastBufferQueue=0xb400007a30cf3a00 fn= 13 mRenderHdrSdrRatio=1.0 caller= android.view.SyncRtSurfaceTransactionApplier.applyTransaction:96 android.view.SyncRtSurfaceTransactionApplier.lambda$scheduleApply$0:69 android.view.SyncRtSurfaceTransactionApplier.$r8$lambda$SgowXC58rj3PR958kHUfRgLZmvE:0 
2026-02-22 13:05:35.943  1021-3715  JobScheduler            system_server                        W  Job didn't exist in JobStore: 9191d8d #u0a238/-2147483388 com.linkedin.android/androidx.work.impl.background.systemjob.SystemJobService
2026-02-22 13:05:35.947  8764-8962  ConnectivityManager     com.linkedin.android                 D  StackLog: [android.net.ConnectivityManager.unregisterNetworkCallback(ConnectivityManager.java:5033)] [androidx.work.impl.utils.NetworkApi21.unregisterNetworkCallbackCompat(NetworkApi21.kt:1)] [androidx.work.impl.constraints.trackers.NetworkStateTracker24.stopTracking(NetworkStateTracker.kt:18)] [androidx.work.impl.constraints.controllers.ConstraintController$track$1$1.invoke(ContraintControllers.kt:26)] [kotlinx.coroutines.channels.ProduceKt.awaitClose(Produce.kt:106)] [kotlinx.coroutines.channels.ProduceKt$awaitClose$1.invokeSuspend(Produce.kt:11)] [kotlin.coroutines.jvm.internal.BaseContinuationImpl.resumeWith(ContinuationImpl.kt:6)] [kotlinx.coroutines.DispatchedTask.run(DispatchedTask.kt:108)] [androidx.work.impl.utils.SerialExecutorImpl$Task.run(SerialExecutorImpl.java:3)] [java.util.concurrent.ThreadPoolExecutor.runWorker(ThreadPoolExecutor.java:1145)] [java.util.concurrent.ThreadPoolExecutor$Worker.run(ThreadPoolExecutor.java:644)] [java.lang.Thread.run(Thread.java:1012)]
2026-02-22 13:05:35.949  1021-1289  ConnectivityService     system_server                        D   Removing from current network [311 WIFI], leaving 207 requests.
2026-02-22 13:05:35.958  8764-8961  ConnectivityManager     com.linkedin.android                 D  StackLog: [android.net.ConnectivityManager.sendRequestForNetwork(ConnectivityManager.java:4359)] [android.net.ConnectivityManager.registerDefaultNetworkCallbackForUid(ConnectivityManager.java:4923)] [android.net.ConnectivityManager.registerDefaultNetworkCallback(ConnectivityManager.java:4890)] [android.net.ConnectivityManager.registerDefaultNetworkCallback(ConnectivityManager.java:4864)] [androidx.work.impl.utils.NetworkApi24.registerDefaultNetworkCallbackCompat(NetworkApi24.kt:1)] [androidx.work.impl.constraints.trackers.NetworkStateTracker24.startTracking(NetworkStateTracker.kt:18)] [androidx.work.impl.constraints.controllers.ConstraintController$track$1.invokeSuspend(ContraintControllers.kt:103)] [androidx.work.impl.constraints.controllers.ConstraintController$track$1.invoke(ContraintControllers.kt:13)] [kotlinx.coroutines.flow.ChannelFlowBuilder.collectTo(Builders.kt:3)] [kotlinx.coroutines.flow.CallbackFlowBuilder.collectTo(Builders.kt:59)] [kotlinx.coroutines.flow.internal.ChannelFlow$collectToFun$1.invokeSuspend(ChannelFlow.kt:33)] [kotlin.coroutines.jvm.internal.BaseContinuationImpl.resumeWith(ContinuationImpl.kt:6)] [kotlinx.coroutines.DispatchedTask.run(DispatchedTask.kt:118)] [androidx.work.impl.utils.SerialExecutorImpl$Task.run(SerialExecutorImpl.java:3)] [java.util.concurrent.ThreadPoolExecutor.runWorker(ThreadPoolExecutor.java:1145)] [java.util.concurrent.ThreadPoolExecutor$Worker.run(ThreadPoolExecutor.java:644)] [java.lang.Thread.run(Thread.java:1012)]
2026-02-22 13:05:35.959  1021-3715  ConnectivityService     system_server                        D  requestNetwork for uid/pid:10238/8764 activeRequest: null callbackRequest: 26665 [NetworkRequest [ REQUEST id=26666, [ Capabilities: INTERNET&NOT_RESTRICTED&TRUSTED&NOT_VCN_MANAGED Uid: 10238 RequestorUid: 10238 RequestorPkg: com.linkedin.android UnderlyingNetworks: Null] ]] callback flags: 0 order: 2147483647
2026-02-22 13:05:35.959  1021-1289  ConnectivityService     system_server                        D     accepting network in place of null
2026-02-22 13:05:35.963  1021-1257  WifiNetworkFactory      system_server                        D  got request NetworkRequest [ REQUEST id=26666, [ Capabilities: INTERNET&NOT_RESTRICTED&TRUSTED&NOT_VCN_MANAGED Uid: 10238 RequestorUid: 10238 RequestorPkg: com.linkedin.android UnderlyingNetworks: Null] ]
2026-02-22 13:05:35.963  1021-1289  ConnectivityService     system_server                        D  Rematched networks [computed 0ms] [applied 2ms] [issued 2]
2026-02-22 13:05:35.963  1021-1289  ConnectivityService     system_server                        D  NetworkReassignment :
                                                                                                      26666 : null → 311
2026-02-22 13:05:35.963  1021-1257  UntrustedW...orkFactory system_server                        D  got request NetworkRequest [ REQUEST id=26666, [ Capabilities: INTERNET&NOT_RESTRICTED&TRUSTED&NOT_VCN_MANAGED Uid: 10238 RequestorUid: 10238 RequestorPkg: com.linkedin.android UnderlyingNetworks: Null] ]
2026-02-22 13:05:35.963  1021-1257  OemPaidWif...orkFactory system_server                        D  got request NetworkRequest [ REQUEST id=26666, [ Capabilities: INTERNET&NOT_RESTRICTED&TRUSTED&NOT_VCN_MANAGED Uid: 10238 RequestorUid: 10238 RequestorPkg: com.linkedin.android UnderlyingNetworks: Null] ]
2026-02-22 13:05:35.963  1021-1257  MultiInter...orkFactory system_server                        D  got request NetworkRequest [ REQUEST id=26666, [ Capabilities: INTERNET&NOT_RESTRICTED&TRUSTED&NOT_VCN_MANAGED Uid: 10238 RequestorUid: 10238 RequestorPkg: com.linkedin.android UnderlyingNetworks: Null] ]
2026-02-22 13:05:36.008  8764-8772  inkedin.android         com.linkedin.android                 I  JIT allocated 287KB for compiled code of com.linkedin.android.pegasus.dash.gen.voyager.dash.organization.Company com.linkedin.android.pegasus.dash.gen.voyager.dash.organization.CompanyBuilder.build(com.linkedin.data.lite.DataReader)
2026-02-22 13:05:36.008  8764-8772  inkedin.android         com.linkedin.android                 I  Compiler allocated 22MB to compile com.linkedin.android.pegasus.dash.gen.voyager.dash.organization.Company com.linkedin.android.pegasus.dash.gen.voyager.dash.organization.CompanyBuilder.build(com.linkedin.data.lite.DataReader)
2026-02-22 13:05:36.018  4198-4198  SDHMS:LOAD              com.sec.android.sdhms                I  type: LoadsFreqs, value: 0:36:23:1480520:1728000:533000:1486380:2002000:533000:252:403:0
2026-02-22 13:05:36.025  4594-4594  InputMethodService      com.samsung.android.honeyboard       I  removeImeSurface
2026-02-22 13:05:36.025  4594-4594  InputMethodService      com.samsung.android.honeyboard       I  cancelImeSurfaceRemoval: removeCallbacks
2026-02-22 13:05:36.083  1021-14419 TrafficStats            system_server                        D  tagSocket(1104) with statsTag=0xffffffff, statsUid=-1
2026-02-22 13:05:36.110   751-2377  NativeSemDvfsManager    surfaceflinger                       D  acquire:: timeout = 2000 mIsAcquired = 1  mTagName : SurfaceFlinger 
2026-02-22 13:05:36.111   751-2377  NativeCust...ncyManager surfaceflinger                       E  [NativeCFMS] BpCustomFrequencyManager::acquire()
2026-02-22 13:05:36.111   676-723   HYPER-HAL               ven...amsung.hardware.hyper-service  I  [RequestManager.cpp]acquire(): Acquired ID : 1534876  [751 / 1000]    HINT : SF_GPU_MINLOCK    list : [TIMEOUT / 2000] 
2026-02-22 13:05:36.138   751-751   SurfaceFlinger          surfaceflinger                       D  GPIS:: requestGPISForClientComposition
2026-02-22 13:05:36.231  8764-8962  WM-WorkerWrapper        com.linkedin.android                 I  Worker result SUCCESS for Work [ id=3c593358-73d1-42b5-bf58-5a5f609d5009, tags={ com.linkedin.android.litrackinglib.network.SendTrackingEventWorker, send_one_batch_events_work } ]
2026-02-22 13:05:36.237  8764-8962  ConnectivityManager     com.linkedin.android                 D  StackLog: [android.net.ConnectivityManager.unregisterNetworkCallback(ConnectivityManager.java:5033)] [androidx.work.impl.utils.NetworkApi21.unregisterNetworkCallbackCompat(NetworkApi21.kt:1)] [androidx.work.impl.constraints.trackers.NetworkStateTracker24.stopTracking(NetworkStateTracker.kt:18)] [androidx.work.impl.constraints.controllers.ConstraintController$track$1$1.invoke(ContraintControllers.kt:26)] [kotlinx.coroutines.channels.ProduceKt.awaitClose(Produce.kt:106)] [kotlinx.coroutines.channels.ProduceKt$awaitClose$1.invokeSuspend(Produce.kt:11)] [kotlin.coroutines.jvm.internal.BaseContinuationImpl.resumeWith(ContinuationImpl.kt:6)] [kotlinx.coroutines.DispatchedTask.run(DispatchedTask.kt:108)] [androidx.work.impl.utils.SerialExecutorImpl$Task.run(SerialExecutorImpl.java:3)] [java.util.concurrent.ThreadPoolExecutor.runWorker(ThreadPoolExecutor.java:1145)] [java.util.concurrent.ThreadPoolExecutor$Worker.run(ThreadPoolExecutor.java:644)] [java.lang.Thread.run(Thread.java:1012)]
2026-02-22 13:05:36.239  1021-1289  ConnectivityService     system_server                        D   Removing from current network [311 WIFI], leaving 207 requests.
2026-02-22 13:05:36.284  1021-14419 WifiConnec....DnsThread system_server                        D   [|202]
2026-02-22 13:05:36.285  1021-1385  WifiConnec...tsAnalyzer system_server                        D  DNS resultType : 0, responseTime : 202
2026-02-22 13:05:36.285  1021-1383  OpenNetworkQos[4.00]    system_server                        D  updateBssidLatestDnsResultType - result: 0
2026-02-22 13:05:36.285  1021-1383  OpenNetworkQos[4.00]    system_server                        D  updateBssidNoInternet: mBssidNoInternet = false
2026-02-22 13:05:36.285  1021-1383  OpenNetworkQos[4.00]    system_server                        D  getOpenNetworkQosNoInternetStatus: false
2026-02-22 13:05:36.285  1021-1383  OpenNetworkQos[4.00]    system_server                        D  getOpenNetworkQosScores: 26 26 26 
2026-02-22 13:05:36.285  1021-1383  KNOX_MDM_S...gsProvider system_server                        D  isChangeAllowed() : name = wifi_wcm_qos_sharing_score_summary
2026-02-22 13:05:36.411  8764-8962  ConnectivityManager     com.linkedin.android                 D  StackLog: [android.net.ConnectivityManager.sendRequestForNetwork(ConnectivityManager.java:4359)] [android.net.ConnectivityManager.registerDefaultNetworkCallbackForUid(ConnectivityManager.java:4923)] [android.net.ConnectivityManager.registerDefaultNetworkCallback(ConnectivityManager.java:4890)] [android.net.ConnectivityManager.registerDefaultNetworkCallback(ConnectivityManager.java:4864)] [androidx.work.impl.utils.NetworkApi24.registerDefaultNetworkCallbackCompat(NetworkApi24.kt:1)] [androidx.work.impl.constraints.trackers.NetworkStateTracker24.startTracking(NetworkStateTracker.kt:18)] [androidx.work.impl.constraints.controllers.ConstraintController$track$1.invokeSuspend(ContraintControllers.kt:103)] [androidx.work.impl.constraints.controllers.ConstraintController$track$1.invoke(ContraintControllers.kt:13)] [kotlinx.coroutines.flow.ChannelFlowBuilder.collectTo(Builders.kt:3)] [kotlinx.coroutines.flow.CallbackFlowBuilder.collectTo(Builders.kt:59)] [kotlinx.coroutines.flow.internal.ChannelFlow$collectToFun$1.invokeSuspend(ChannelFlow.kt:33)] [kotlin.coroutines.jvm.internal.BaseContinuationImpl.resumeWith(ContinuationImpl.kt:6)] [kotlinx.coroutines.DispatchedTask.run(DispatchedTask.kt:118)] [androidx.work.impl.utils.SerialExecutorImpl$Task.run(SerialExecutorImpl.java:3)] [java.util.concurrent.ThreadPoolExecutor.runWorker(ThreadPoolExecutor.java:1145)] [java.util.concurrent.ThreadPoolExecutor$Worker.run(ThreadPoolExecutor.java:644)] [java.lang.Thread.run(Thread.java:1012)]
2026-02-22 13:05:36.412  1021-2292  ConnectivityService     system_server                        D  requestNetwork for uid/pid:10238/8764 activeRequest: null callbackRequest: 26667 [NetworkRequest [ REQUEST id=26668, [ Capabilities: INTERNET&NOT_RESTRICTED&TRUSTED&NOT_VCN_MANAGED Uid: 10238 RequestorUid: 10238 RequestorPkg: com.linkedin.android UnderlyingNetworks: Null] ]] callback flags: 0 order: 2147483647
2026-02-22 13:05:36.413  1021-1289  ConnectivityService     system_server                        D     accepting network in place of null
2026-02-22 13:05:36.418  1021-1257  WifiNetworkFactory      system_server                        D  got request NetworkRequest [ REQUEST id=26668, [ Capabilities: INTERNET&NOT_RESTRICTED&TRUSTED&NOT_VCN_MANAGED Uid: 10238 RequestorUid: 10238 RequestorPkg: com.linkedin.android UnderlyingNetworks: Null] ]
2026-02-22 13:05:36.418  1021-1257  UntrustedW...orkFactory system_server                        D  got request NetworkRequest [ REQUEST id=26668, [ Capabilities: INTERNET&NOT_RESTRICTED&TRUSTED&NOT_VCN_MANAGED Uid: 10238 RequestorUid: 10238 RequestorPkg: com.linkedin.android UnderlyingNetworks: Null] ]
2026-02-22 13:05:36.419  1021-1257  OemPaidWif...orkFactory system_server                        D  got request NetworkRequest [ REQUEST id=26668, [ Capabilities: INTERNET&NOT_RESTRICTED&TRUSTED&NOT_VCN_MANAGED Uid: 10238 RequestorUid: 10238 RequestorPkg: com.linkedin.android UnderlyingNetworks: Null] ]
2026-02-22 13:05:36.419  1021-1289  ConnectivityService     system_server                        D  Rematched networks [computed 1ms] [applied 1ms] [issued 5]
2026-02-22 13:05:36.419  1021-1289  ConnectivityService     system_server                        D  NetworkReassignment :
                                                                                                      26668 : null → 311
2026-02-22 13:05:36.420  1021-1257  MultiInter...orkFactory system_server                        D  got request NetworkRequest [ REQUEST id=26668, [ Capabilities: INTERNET&NOT_RESTRICTED&TRUSTED&NOT_VCN_MANAGED Uid: 10238 RequestorUid: 10238 RequestorPkg: com.linkedin.android UnderlyingNetworks: Null] ]
2026-02-22 13:05:36.435   909-939   bauth_FPBAuthService    ven...iometrics.fingerprint-service  I  pcf : 0x1012, 0 ,2 ,0 ,0 ,0 ,2, 8.0.0.3
2026-02-22 13:05:36.436   909-939   bauth_FPBAuthService    ven...iometrics.fingerprint-service  I  thread id : 2, preenroll_flag : 0, nd cnt : 1, cso : 1, et : 0
2026-02-22 13:05:36.436   909-939   bauth_FPBAuthService    ven...iometrics.fingerprint-service  I  FPBAuthService::timerHandler complete
2026-02-22 13:05:36.579  1021-1201  InputReader             system_server                        D  Btn_touch(7): value=1 when=248560.138630
2026-02-22 13:05:36.580  1021-1201  InputReader             system_server                        I  Touch event's action is 0x0 (id=3, t=0) [pCnt=1, s=0.31956 ] when=248560.138630
2026-02-22 13:05:36.580  1021-1021  InputDispatcher         system_server                        D  Inject motion (0/0): action=0x0, time=248560138630000, f=0x0, d=0 dsdx=1.000000 dtdx=0.000000
2026-02-22 13:05:36.581  1021-1200  InputDispatcher         system_server                        I  Delivering touch to (1478): action: 0x4, f=0x0, d=0, '168efb ', t=1 
2026-02-22 13:05:36.581  8764-8888  WM-WorkerWrapper        com.linkedin.android                 I  Worker result SUCCESS for Work [ id=2f74e4a0-85c7-4d7b-9836-089b08a41f0f, tags={ com.linkedin.android.litrackinglib.network.SendTrackingEventWorker, send_one_batch_events_work } ]
2026-02-22 13:05:36.581  8764-8764  ViewRootIm...tyDefault] com.linkedin.android                 I  ViewPostIme pointer 0
2026-02-22 13:05:36.582  1021-1200  InputDispatcher         system_server                        I  Delivering touch to (8764): action: 0x0, f=0x0, d=0, '81cdcc1', t=1 
2026-02-22 13:05:36.582  1021-1200  PowerManagerService     system_server                        D  [api] userActivityFromNative : touch displayId=0 eventTime=248560138
2026-02-22 13:05:36.583  1988-1988  HoneySpace...putHandler com.sec.android.app.launcher         I  inputConsumers = [com.honeyspace.gesture.inputconsumer.InputConsumer$Companion$NO_OP$1@c9d3a01]
2026-02-22 13:05:36.583  1988-1988  HoneySpace.InputSession com.sec.android.app.launcher         I  inputConsumers = NO_OP
2026-02-22 13:05:36.583  1021-1065  GestureDetector         system_server                        I  obtain mCurrentDownEvent. id: 488274443 caller: com.android.server.wm.SystemGesturesPointerEventListener.onPointerEvent:204 com.android.server.wm.PointerEventDispatcher.onInputEvent:53 android.view.InputEventReceiver.dispatchInputEvent:337 
2026-02-22 13:05:36.584   751-751   Layer                   surfaceflinger                       I  Layer [Sprite#54446] hidden!! flag(0)
2026-02-22 13:05:36.584  1988-1988  HoneySpace.InputSession com.sec.android.app.launcher         I  open
2026-02-22 13:05:36.586   676-14407 HYPER-HAL               ven...amsung.hardware.hyper-service  I  [RequestManager.cpp]releaseLocked(): Released ID : 547606
2026-02-22 13:05:36.586  1021-1065  GestureDetector         system_server                        I  obtain mCurrentDownEvent. id: 488274443 caller: com.android.server.wm.SystemPerformancePointerEventListener.onPointerEvent:89 com.android.server.wm.PointerEventDispatcher.onInputEvent:53 android.view.InputEventReceiver.dispatchInputEvent:337 
2026-02-22 13:05:36.596  8764-8873  ConnectivityManager     com.linkedin.android                 D  StackLog: [android.net.ConnectivityManager.unregisterNetworkCallback(ConnectivityManager.java:5033)] [androidx.work.impl.utils.NetworkApi21.unregisterNetworkCallbackCompat(NetworkApi21.kt:1)] [androidx.work.impl.constraints.trackers.NetworkStateTracker24.stopTracking(NetworkStateTracker.kt:18)] [androidx.work.impl.constraints.controllers.ConstraintController$track$1$1.invoke(ContraintControllers.kt:26)] [kotlinx.coroutines.channels.ProduceKt.awaitClose(Produce.kt:106)] [kotlinx.coroutines.channels.ProduceKt$awaitClose$1.invokeSuspend(Produce.kt:11)] [kotlin.coroutines.jvm.internal.BaseContinuationImpl.resumeWith(ContinuationImpl.kt:6)] [kotlinx.coroutines.DispatchedTask.run(DispatchedTask.kt:108)] [androidx.work.impl.utils.SerialExecutorImpl$Task.run(SerialExecutorImpl.java:3)] [java.util.concurrent.ThreadPoolExecutor.runWorker(ThreadPoolExecutor.java:1145)] [java.util.concurrent.ThreadPoolExecutor$Worker.run(ThreadPoolExecutor.java:644)] [java.lang.Thread.run(Thread.java:1012)]
2026-02-22 13:05:36.599  1021-1289  ConnectivityService     system_server                        D   Removing from current network [311 WIFI], leaving 207 requests.
2026-02-22 13:05:36.602   751-751   SurfaceFlinger          surfaceflinger                       D  Display 4633128672291735931 HWC layers:
                                                                                                         DEVICE | 0xb4000073ea0e7100 | 0102 | RGBA_8888    |    0.0    0.0 1080.0 2408.0 |    0    0 1080 2408 | com.linkedin.android/com.linkedin.an[...]or.LaunchActivityDefault$_8764#57070
                                                                                                         DEVICE | 0xb4000073ea0e5480 | 0100 | RGBA_8888    |    0.0    0.0 1080.0   65.0 |    0    0 1080   65 | StatusBar$_1478#89
                                                                                                         DEVICE | 0xb4000074016e2d00 | 0100 | RGBA_8888    |    0.0    0.0  388.0   90.0 |  692 2318 1080 2408 | SGestureOverlayWindow$_1988#56576
                                                                                                         DEVICE | 0xb4000073ee4d8600 | 0100 | RGBA_8888    |    0.0    0.0 1080.0  135.0 |    0 2273 1080 2408 | NavigationBar0$_1478#81
                                                                                                         DEVICE | 0xb4000074146ac180 | 0100 | RGBA_8888    |    0.0    0.0   68.0   68.0 |  859  755  927  823 | bbq-wrapper#54449
2026-02-22 13:05:36.663 25333-25333 WM-DelayedWorkTracker   com.burockgames.timeclocker          D  Scheduling work 9f8df558-6b9c-4c48-a226-cea2ff9ad493
2026-02-22 13:05:36.664 25333-25333 WM-GreedyScheduler      com.burockgames.timeclocker          D  Starting work for 9f8df558-6b9c-4c48-a226-cea2ff9ad493
2026-02-22 13:05:36.668 25333-25754 WM-Processor            com.burockgames.timeclocker          D  t: processing WorkGenerationalId(workSpecId=9f8df558-6b9c-4c48-a226-cea2ff9ad493, generation=0)
2026-02-22 13:05:36.669 25333-25333 WM-WorkerWrapper        com.burockgames.timeclocker          D  Starting work for com.burockgames.timeclocker.service.worker.GameCheckingWorker
2026-02-22 13:05:36.684  1021-1065  GestureDetector         system_server                        I  obtain mCurrentMotionEventRaw. action: 2 id: 543502915
2026-02-22 13:05:36.685  1021-1065  GestureDetector         system_server                        I  obtain mCurrentMotionEventRaw. action: 2 id: 543502915
2026-02-22 13:05:36.712  1021-1201  InputReader             system_server                        D  Btn_touch(7): value=0 when=248560.271621
2026-02-22 13:05:36.713  1021-1201  InputReader             system_server                        I  Touch event's action is 0x1 (id=3, t=0) [pCnt=1, s=] when=248560.271621
2026-02-22 13:05:36.713  1021-1021  InputDispatcher         system_server                        D  Inject motion (0/0): action=0x1, time=248560271621000, f=0x0, d=0 dsdx=1.000000 dtdx=0.000000
2026-02-22 13:05:36.714  1021-1200  InputDispatcher         system_server                        I  Delivering touch to (8764): action: 0x1, f=0x0, d=0, '81cdcc1', t=1 
2026-02-22 13:05:36.714  8764-8764  ViewRootIm...tyDefault] com.linkedin.android                 I  ViewPostIme pointer 1
2026-02-22 13:05:36.715  1988-1988  HoneySpace...putHandler com.sec.android.app.launcher         I  reset
2026-02-22 13:05:36.715  1988-1988  HoneySpace.InputSession com.sec.android.app.launcher         I  close
2026-02-22 13:05:36.737   751-751   SurfaceFlinger          surfaceflinger                       D  GPIS:: requestGPISForClientComposition
2026-02-22 13:05:36.767   462-462   io_stats                iod                                  D  !@   8,0 r 160429151 2507975854 w 50451999 423264364 d 3106897 371800756 f 1474931 4717324 iot 59800956 0 th 0 0 0 pt 0 inp 0 0 248560.327
2026-02-22 13:05:36.884  1021-1065  GestureDetector         system_server                        I  handleMessage TAP
2026-02-22 13:05:36.884  1021-1021  GestureDetector         system_server                        I  handleMessage TAP
2026-02-22 13:05:36.966   751-751   Layer                   surfaceflinger                       I  Layer [Sprite#54446] hidden!! flag(1)
2026-02-22 13:05:36.980   751-751   SurfaceFlinger          surfaceflinger                       D  Display 4633128672291735931 HWC layers:
                                                                                                         DEVICE | 0xb4000074016e0480 | 0102 | RGBA_8888    |    0.0    0.0 1080.0 2408.0 |    0    0 1080 2408 | com.linkedin.android/com.linkedin.an[...]or.LaunchActivityDefault$_8764#57070
                                                                                                         DEVICE | 0xb4000073ea0e5480 | 0100 | RGBA_8888    |    0.0    0.0 1080.0   65.0 |    0    0 1080   65 | StatusBar$_1478#89
                                                                                                         DEVICE | 0xb4000074016e2d00 | 0100 | RGBA_8888    |    0.0    0.0  388.0   90.0 |  692 2318 1080 2408 | SGestureOverlayWindow$_1988#56576
                                                                                                         DEVICE | 0xb4000073ee4d8600 | 0100 | RGBA_8888    |    0.0    0.0 1080.0  135.0 |    0 2273 1080 2408 | NavigationBar0$_1478#81
2026-02-22 13:05:37.078  1021-1201  InputReader             system_server                        D  Btn_touch(7): value=1 when=248560.637044
2026-02-22 13:05:37.078  1021-1201  InputReader             system_server                        I  Touch event's action is 0x0 (id=3, t=0) [pCnt=1, s=0.31957 ] when=248560.637044
2026-02-22 13:05:37.079  1021-1021  InputDispatcher         system_server                        D  Inject motion (0/0): action=0x0, time=248560637044000, f=0x0, d=0 dsdx=1.000000 dtdx=0.000000
2026-02-22 13:05:37.080  1021-1200  InputDispatcher         system_server                        I  Delivering touch to (1478): action: 0x4, f=0x0, d=0, '168efb ', t=1 
2026-02-22 13:05:37.080  1021-1200  InputDispatcher         system_server                        I  Delivering touch to (8764): action: 0x0, f=0x0, d=0, '81cdcc1', t=1 
2026-02-22 13:05:37.080  8764-8764  ViewRootIm...tyDefault] com.linkedin.android                 I  ViewPostIme pointer 0
2026-02-22 13:05:37.081  1988-1988  HoneySpace...putHandler com.sec.android.app.launcher         I  inputConsumers = [com.honeyspace.gesture.inputconsumer.InputConsumer$Companion$NO_OP$1@c9d3a01]
2026-02-22 13:05:37.081  1988-1988  HoneySpace.InputSession com.sec.android.app.launcher         I  inputConsumers = NO_OP
2026-02-22 13:05:37.082   751-751   Layer                   surfaceflinger                       I  Layer [Sprite#54446] hidden!! flag(0)
2026-02-22 13:05:37.082  1988-1988  HoneySpace.InputSession com.sec.android.app.launcher         I  open
2026-02-22 13:05:37.082  1021-1065  GestureDetector         system_server                        I  obtain mCurrentDownEvent. id: 693313999 caller: com.android.server.wm.SystemGesturesPointerEventListener.onPointerEvent:204 com.android.server.wm.PointerEventDispatcher.onInputEvent:53 android.view.InputEventReceiver.dispatchInputEvent:337 
2026-02-22 13:05:37.083  1021-1065  GestureDetector         system_server                        I  obtain mCurrentDownEvent. id: 693313999 caller: com.android.server.wm.SystemPerformancePointerEventListener.onPointerEvent:89 com.android.server.wm.PointerEventDispatcher.onInputEvent:53 android.view.InputEventReceiver.dispatchInputEvent:337 
2026-02-22 13:05:37.097   751-751   SurfaceFlinger          surfaceflinger                       D  Display 4633128672291735931 HWC layers:
                                                                                                         DEVICE | 0xb4000074016e0480 | 0102 | RGBA_8888    |    0.0    0.0 1080.0 2408.0 |    0    0 1080 2408 | com.linkedin.android/com.linkedin.an[...]or.LaunchActivityDefault$_8764#57070
                                                                                                         DEVICE | 0xb4000073ea0e5480 | 0100 | RGBA_8888    |    0.0    0.0 1080.0   65.0 |    0    0 1080   65 | StatusBar$_1478#89
                                                                                                         DEVICE | 0xb4000074016e2d00 | 0100 | RGBA_8888    |    0.0    0.0  388.0   90.0 |  692 2318 1080 2408 | SGestureOverlayWindow$_1988#56576
                                                                                                         DEVICE | 0xb4000073ee4d8600 | 0100 | RGBA_8888    |    0.0    0.0 1080.0  135.0 |    0 2273 1080 2408 | NavigationBar0$_1478#81
                                                                                                         DEVICE | 0xb4000073ee4da880 | 0100 | RGBA_8888    |    0.0    0.0   68.0   68.0 |  876  746  944  814 | bbq-wrapper#54449
2026-02-22 13:05:37.097  1021-1065  GestureDetector         system_server                        I  obtain mCurrentMotionEventRaw. action: 2 id: 86863230
2026-02-22 13:05:37.097  1021-1065  GestureDetector         system_server                        I  obtain mCurrentMotionEventRaw. action: 2 id: 86863230
2026-02-22 13:05:37.188 25333-25755 WM-Processor            com.burockgames.timeclocker          D  Processor cancelling 9f8df558-6b9c-4c48-a226-cea2ff9ad493
2026-02-22 13:05:37.189 25333-25755 WM-Processor            com.burockgames.timeclocker          D  WorkerWrapper interrupted for 9f8df558-6b9c-4c48-a226-cea2ff9ad493
2026-02-22 13:05:37.192 25333-25755 WM-GreedyScheduler      com.burockgames.timeclocker          D  Cancelling work ID 9f8df558-6b9c-4c48-a226-cea2ff9ad493
2026-02-22 13:05:37.194  1021-1201  InputReader             system_server                        D  Btn_touch(7): value=0 when=248560.753586
2026-02-22 13:05:37.195  1021-1201  InputReader             system_server                        I  Touch event's action is 0x1 (id=3, t=0) [pCnt=1, s=] when=248560.753586
2026-02-22 13:05:37.195  1021-1021  InputDispatcher         system_server                        D  Inject motion (0/0): action=0x1, time=248560753586000, f=0x0, d=0 dsdx=1.000000 dtdx=0.000000
2026-02-22 13:05:37.196  1021-1200  InputDispatcher         system_server                        I  Delivering touch to (8764): action: 0x1, f=0x0, d=0, '81cdcc1', t=1 
2026-02-22 13:05:37.196  8764-8764  ViewRootIm...tyDefault] com.linkedin.android                 I  ViewPostIme pointer 1
2026-02-22 13:05:37.197  1988-1988  HoneySpace...putHandler com.sec.android.app.launcher         I  reset
2026-02-22 13:05:37.198  1988-1988  HoneySpace.InputSession com.sec.android.app.launcher         I  close
2026-02-22 13:05:37.237 25333-25755 WM-SystemJobScheduler   com.burockgames.timeclocker          D  Scheduling work ID b840d5d6-2ff6-4f55-ba75-2cc0438a96f4Job ID 216014
2026-02-22 13:05:37.239 25333-25755 WM-WorkerWrapper        com.burockgames.timeclocker          I  Work [ id=9f8df558-6b9c-4c48-a226-cea2ff9ad493, tags={ com.burockgames.timeclocker.service.worker.GameCheckingWorker,game-checking-worker } ] was cancelled
                                                                                                    S3.U
                                                                                                    	at S3.Z.o(SourceFile:5)
                                                                                                    	at S3.t.i(SourceFile:3)
                                                                                                    	at S3.t.q(SourceFile:40)
                                                                                                    	at b4.d.d(SourceFile:23)
                                                                                                    	at b4.d.b(SourceFile:1)
                                                                                                    	at b4.d$c.b(SourceFile:25)
                                                                                                    	at b4.d$c.a(SourceFile:1)
                                                                                                    	at b4.e.run(SourceFile:1)
                                                                                                    	at androidx.room.G.n(SourceFile:1)
                                                                                                    	at androidx.room.G.d(SourceFile:1)
                                                                                                    	at androidx.room.A.invoke(SourceFile:1)
                                                                                                    	at androidx.room.G.m(SourceFile:10)
                                                                                                    	at androidx.room.G.runInTransaction(SourceFile:1)
                                                                                                    	at b4.d$c.invoke(SourceFile:3)
                                                                                                    	at b4.d$c.invoke(SourceFile:1)
                                                                                                    	at R3.C.e(SourceFile:13)
                                                                                                    	at R3.C.b(SourceFile:1)
                                                                                                    	at R3.B.run(SourceFile:1)
                                                                                                    	at b4.E$a.run(SourceFile:3)
                                                                                                    	at java.util.concurrent.ThreadPoolExecutor.runWorker(ThreadPoolExecutor.java:1145)
                                                                                                    	at java.util.concurrent.ThreadPoolExecutor$Worker.run(ThreadPoolExecutor.java:644)
