                                                                                                    	at java.lang.Thread.run(Thread.java:1012)
2026-02-22 13:05:37.239 25333-25755 WM-WorkerWrapper        com.burockgames.timeclocker          D  Status for 9f8df558-6b9c-4c48-a226-cea2ff9ad493 is CANCELLED ; not doing any work
2026-02-22 13:05:37.239 25333-25333 WM-Processor            com.burockgames.timeclocker          D  t 9f8df558-6b9c-4c48-a226-cea2ff9ad493 executed; reschedule = false
2026-02-22 13:05:37.240 25333-25755 WM-StopWorkRunnable     com.burockgames.timeclocker          D  StopWorkRunnable for 9f8df558-6b9c-4c48-a226-cea2ff9ad493; Processor.stopWork = false
2026-02-22 13:05:37.241 25333-25754 WM-GreedyScheduler      com.burockgames.timeclocker          D  Cancelling work ID 9f8df558-6b9c-4c48-a226-cea2ff9ad493
2026-02-22 13:05:37.253   751-751   SurfaceFlinger          surfaceflinger                       D  GPIS:: requestGPISForClientComposition
2026-02-22 13:05:37.382  1021-1065  GestureDetector         system_server                        I  handleMessage TAP
2026-02-22 13:05:37.383  1021-1021  GestureDetector         system_server                        I  handleMessage TAP
2026-02-22 13:05:37.436   909-939   bauth_FPBAuthService    ven...iometrics.fingerprint-service  I  pcf : 0x1012, 0 ,2 ,0 ,0 ,0 ,2, 8.0.0.3
2026-02-22 13:05:37.436   909-939   bauth_FPBAuthService    ven...iometrics.fingerprint-service  I  thread id : 2, preenroll_flag : 0, nd cnt : 1, cso : 1, et : 0
2026-02-22 13:05:37.436   909-939   bauth_FPBAuthService    ven...iometrics.fingerprint-service  I  FPBAuthService::timerHandler complete
2026-02-22 13:05:37.448   751-751   Layer                   surfaceflinger                       I  Layer [Sprite#54446] hidden!! flag(1)
2026-02-22 13:05:37.463   751-751   SurfaceFlinger          surfaceflinger                       D  Display 4633128672291735931 HWC layers:
                                                                                                         DEVICE | 0xb4000074016e0480 | 0102 | RGBA_8888    |    0.0    0.0 1080.0 2408.0 |    0    0 1080 2408 | com.linkedin.android/com.linkedin.an[...]or.LaunchActivityDefault$_8764#57070
                                                                                                         DEVICE | 0xb4000073ea0e5480 | 0100 | RGBA_8888    |    0.0    0.0 1080.0   65.0 |    0    0 1080   65 | StatusBar$_1478#89
                                                                                                         DEVICE | 0xb4000074016e2d00 | 0100 | RGBA_8888    |    0.0    0.0  388.0   90.0 |  692 2318 1080 2408 | SGestureOverlayWindow$_1988#56576
                                                                                                         DEVICE | 0xb4000073ee4d8600 | 0100 | RGBA_8888    |    0.0    0.0 1080.0  135.0 |    0 2273 1080 2408 | NavigationBar0$_1478#81
2026-02-22 13:05:37.493  1021-1201  InputReader             system_server                        D  Btn_touch(7): value=1 when=248561.052713
2026-02-22 13:05:37.494  1021-1201  InputReader             system_server                        I  Touch event's action is 0x0 (id=3, t=0) [pCnt=1, s=0.31958 ] when=248561.052713
2026-02-22 13:05:37.495  1021-1021  InputDispatcher         system_server                        D  Inject motion (0/0): action=0x0, time=248561052713000, f=0x0, d=0 dsdx=1.000000 dtdx=0.000000
2026-02-22 13:05:37.497  1021-1200  InputDispatcher         system_server                        I  Delivering touch to (1478): action: 0x4, f=0x0, d=0, '168efb ', t=1 
2026-02-22 13:05:37.497  1021-1200  InputDispatcher         system_server                        I  Delivering touch to (8764): action: 0x0, f=0x0, d=0, '81cdcc1', t=1 
2026-02-22 13:05:37.497   751-751   Layer                   surfaceflinger                       I  Layer [Sprite#54446] hidden!! flag(0)
2026-02-22 13:05:37.498  8764-8764  ViewRootIm...tyDefault] com.linkedin.android                 I  ViewPostIme pointer 0
2026-02-22 13:05:37.498  1988-1988  HoneySpace...putHandler com.sec.android.app.launcher         I  inputConsumers = [com.honeyspace.gesture.inputconsumer.InputConsumer$Companion$NO_OP$1@c9d3a01]
2026-02-22 13:05:37.499  1988-1988  HoneySpace.InputSession com.sec.android.app.launcher         I  inputConsumers = NO_OP
2026-02-22 13:05:37.499  1021-1065  GestureDetector         system_server                        I  obtain mCurrentDownEvent. id: 565832350 caller: com.android.server.wm.SystemGesturesPointerEventListener.onPointerEvent:204 com.android.server.wm.PointerEventDispatcher.onInputEvent:53 android.view.InputEventReceiver.dispatchInputEvent:337 
2026-02-22 13:05:37.500  1988-1988  HoneySpace.InputSession com.sec.android.app.launcher         I  open
2026-02-22 13:05:37.501  1021-2859  SemWifiUsa...atsMonitor system_server                        D  onWifiUsabilityStats - seqNum 30344, isSameBssidAndFreq true
2026-02-22 13:05:37.501  1021-1065  GestureDetector         system_server                        I  obtain mCurrentDownEvent. id: 565832350 caller: com.android.server.wm.SystemPerformancePointerEventListener.onPointerEvent:89 com.android.server.wm.PointerEventDispatcher.onInputEvent:53 android.view.InputEventReceiver.dispatchInputEvent:337 
2026-02-22 13:05:37.502  1021-1359  SemWifiLin...ityMonitor system_server                        I  Link stat: 3007 / 0 / 1,11 (533) / 11 / -57.0 || 100.0 : 11,00 / B (B) || 0,80 ms / 10,01 Mbps / N || 0 / N / 0 N / 0 Y
2026-02-22 13:05:37.513   751-751   SurfaceFlinger          surfaceflinger                       D  Display 4633128672291735931 HWC layers:
                                                                                                         DEVICE | 0xb4000074016e0480 | 0102 | RGBA_8888    |    0.0    0.0 1080.0 2408.0 |    0    0 1080 2408 | com.linkedin.android/com.linkedin.an[...]or.LaunchActivityDefault$_8764#57070
                                                                                                         DEVICE | 0xb4000073ea0e5480 | 0100 | RGBA_8888    |    0.0    0.0 1080.0   65.0 |    0    0 1080   65 | StatusBar$_1478#89
                                                                                                         DEVICE | 0xb4000074016e2d00 | 0100 | RGBA_8888    |    0.0    0.0  388.0   90.0 |  692 2318 1080 2408 | SGestureOverlayWindow$_1988#56576
                                                                                                         DEVICE | 0xb4000073ee4d8600 | 0100 | RGBA_8888    |    0.0    0.0 1080.0  135.0 |    0 2273 1080 2408 | NavigationBar0$_1478#81
                                                                                                         DEVICE | 0xb4000074146ac180 | 0100 | RGBA_8888    |    0.0    0.0   68.0   68.0 |  878  760  946  828 | bbq-wrapper#54449
2026-02-22 13:05:37.596  1021-1065  GestureDetector         system_server                        I  obtain mCurrentMotionEventRaw. action: 2 id: 138741816
2026-02-22 13:05:37.596  1021-1065  GestureDetector         system_server                        I  obtain mCurrentMotionEventRaw. action: 2 id: 138741816
2026-02-22 13:05:37.610  1021-1201  InputReader             system_server                        D  Btn_touch(7): value=0 when=248561.169009
2026-02-22 13:05:37.610  1021-1201  InputReader             system_server                        I  Touch event's action is 0x1 (id=3, t=0) [pCnt=1, s=] when=248561.169009
2026-02-22 13:05:37.611  1021-1021  InputDispatcher         system_server                        D  Inject motion (0/0): action=0x1, time=248561169009000, f=0x0, d=0 dsdx=1.000000 dtdx=0.000000
2026-02-22 13:05:37.612  1021-1200  InputDispatcher         system_server                        I  Delivering touch to (8764): action: 0x1, f=0x0, d=0, '81cdcc1', t=1 
2026-02-22 13:05:37.612  8764-8764  ViewRootIm...tyDefault] com.linkedin.android                 I  ViewPostIme pointer 1
2026-02-22 13:05:37.613  1021-1200  PowerManagerService     system_server                        D  [api] userActivityFromNative : touch displayId=0 eventTime=248561169
2026-02-22 13:05:37.614  1988-1988  HoneySpace...putHandler com.sec.android.app.launcher         I  reset
2026-02-22 13:05:37.614  1988-1988  HoneySpace.InputSession com.sec.android.app.launcher         I  close
2026-02-22 13:05:37.646   751-2377  NativeSemDvfsManager    surfaceflinger                       D  acquire:: timeout = 2000 mIsAcquired = 1  mTagName : SurfaceFlinger 
2026-02-22 13:05:37.647   676-723   HYPER-HAL               ven...amsung.hardware.hyper-service  I  [RequestManager.cpp]acquire(): Acquired ID : 1534876  [751 / 1000]    HINT : SF_GPU_MINLOCK    list : [TIMEOUT / 2000] 
2026-02-22 13:05:37.648   751-2377  NativeCust...ncyManager surfaceflinger                       E  [NativeCFMS] BpCustomFrequencyManager::acquire()
2026-02-22 13:05:37.768   751-751   SurfaceFlinger          surfaceflinger                       D  GPIS:: requestGPISForClientComposition
2026-02-22 13:05:37.799  1021-1065  GestureDetector         system_server                        I  handleMessage TAP
2026-02-22 13:05:37.800  1021-1021  GestureDetector         system_server                        I  handleMessage TAP
2026-02-22 13:05:37.846   751-751   Layer                   surfaceflinger                       I  Layer [Sprite#54446] hidden!! flag(1)
2026-02-22 13:05:37.862   751-751   SurfaceFlinger          surfaceflinger                       D  Display 4633128672291735931 HWC layers:
                                                                                                         DEVICE | 0xb4000074016e0480 | 0102 | RGBA_8888    |    0.0    0.0 1080.0 2408.0 |    0    0 1080 2408 | com.linkedin.android/com.linkedin.an[...]or.LaunchActivityDefault$_8764#57070
                                                                                                         DEVICE | 0xb4000073ea0e5480 | 0100 | RGBA_8888    |    0.0    0.0 1080.0   65.0 |    0    0 1080   65 | StatusBar$_1478#89
                                                                                                         DEVICE | 0xb4000074016e2d00 | 0100 | RGBA_8888    |    0.0    0.0  388.0   90.0 |  692 2318 1080 2408 | SGestureOverlayWindow$_1988#56576
                                                                                                         DEVICE | 0xb4000073ee4d8600 | 0100 | RGBA_8888    |    0.0    0.0 1080.0  135.0 |    0 2273 1080 2408 | NavigationBar0$_1478#81
2026-02-22 13:05:38.106  1021-1358  SemWifiServiceDetector  system_server                        I  NSD results: [0, 0, 2, 0, 0, 1, 2, 1, 1] Traff. type 1 Thr 12
2026-02-22 13:05:38.221  1478-1478  StatusBarIconController com.android.systemui                 D  ignoring old pipeline callbacks, because the new mobile icons are enabled
2026-02-22 13:05:38.381   751-751   SurfaceFlinger          surfaceflinger                       D  GPIS:: requestGPISForClientComposition
2026-02-22 13:05:38.437   909-939   bauth_FPBAuthService    ven...iometrics.fingerprint-service  I  pcf : 0x1012, 0 ,2 ,0 ,0 ,0 ,2, 8.0.0.3
2026-02-22 13:05:38.437   909-939   bauth_FPBAuthService    ven...iometrics.fingerprint-service  I  thread id : 2, preenroll_flag : 0, nd cnt : 1, cso : 1, et : 0
2026-02-22 13:05:38.437   909-939   bauth_FPBAuthService    ven...iometrics.fingerprint-service  I  FPBAuthService::timerHandler complete
2026-02-22 13:05:38.769   462-462   io_stats                iod                                  D  !@   8,0 r 160429717 2507978246 w 50452003 423264676 d 3106897 371800756 f 1474931 4717324 iot 59801360 0 th 0 0 0 pt 0 inp 0 0 248562.329
2026-02-22 13:05:38.770   462-462   io_stats                iod                                  D  !@ Read_top(KB): inkedin.android(8764) 3228 mes.timeclocker(25333) 3088 gle.android.gms(8017) 840
2026-02-22 13:05:38.770   462-462   io_stats                iod                                  D  !@ Write_top(KB): inkedin.android(8764) 1836 system_server(1021) 792 .android.chrome(12703) 304
2026-02-22 13:05:38.925 14307-14326 MediaCodec              screenrecord                         I  setCodecState state(0), called in 6
2026-02-22 13:05:38.927  1021-2292  ResourceMa...Helper-JNI system_server                        V  JNIMediaResourceHelper::notify eventType : 3, ext1 : 0, ext2 : 0
2026-02-22 13:05:38.927  1021-2292  ResourceMa...Helper-JNI system_server                        V  notify eventType : 3, ext1 : 0, ext2 : 0
2026-02-22 13:05:38.928  1021-1249  SemMediaResourceHelper  system_server                        I  onState
2026-02-22 13:05:38.928 11441-11464 ResourceMa...Helper-JNI android                              V  JNIMediaResourceHelper::notify eventType : 3, ext1 : 0, ext2 : 0
2026-02-22 13:05:38.928 11441-11464 ResourceMa...Helper-JNI android                              V  notify eventType : 3, ext1 : 0, ext2 : 0
2026-02-22 13:05:38.928  4198-4198  SemMediaResourceHelper  com.sec.android.sdhms                I  onState
2026-02-22 13:05:38.928 11441-11474 SemMediaResourceHelper  android                              I  onState
2026-02-22 13:05:38.928 11441-11474 DrmMediaResourceHelper  android                              I  onStateChanged size = 1
2026-02-22 13:05:38.928 11441-11474 DrmMediaResourceHelper  android                              I  resource type: 2,,,isSecured :  falseIsEncoder : truegetCodecState : 0getpid : 14307
2026-02-22 13:05:39.438   909-939   bauth_FPBAuthService    ven...iometrics.fingerprint-service  I  pcf : 0x1012, 0 ,2 ,0 ,0 ,0 ,2, 8.0.0.3
2026-02-22 13:05:39.438   909-939   bauth_FPBAuthService    ven...iometrics.fingerprint-service  I  thread id : 2, preenroll_flag : 0, nd cnt : 1, cso : 1, et : 0
2026-02-22 13:05:39.438   909-939   bauth_FPBAuthService    ven...iometrics.fingerprint-service  I  FPBAuthService::timerHandler complete
2026-02-22 13:05:39.499  1478-1478  MobileSign...ionManager com.android.systemui                 D  updateSignalTransition
2026-02-22 13:05:39.501  1478-1478  StatusBarIconController com.android.systemui                 D  ignoring old pipeline callbacks, because the new mobile icons are enabled
2026-02-22 13:05:39.557   751-751   SurfaceFlinger          surfaceflinger                       D  GPIS:: requestGPISForClientComposition
2026-02-22 13:05:39.568   751-2377  NativeSemDvfsManager    surfaceflinger                       D  acquire:: timeout = 2000 mIsAcquired = 1  mTagName : SurfaceFlinger 
2026-02-22 13:05:39.569   751-2377  NativeCust...ncyManager surfaceflinger                       E  [NativeCFMS] BpCustomFrequencyManager::acquire()
2026-02-22 13:05:39.569   676-723   HYPER-HAL               ven...amsung.hardware.hyper-service  I  [RequestManager.cpp]acquire(): Acquired ID : 1534876  [751 / 1000]    HINT : SF_GPU_MINLOCK    list : [TIMEOUT / 2000] 
2026-02-22 13:05:39.607 14307-14326 MediaCodec              screenrecord                         I  setCodecState state(1), called in 6
2026-02-22 13:05:39.608  1021-2292  ResourceMa...Helper-JNI system_server                        V  JNIMediaResourceHelper::notify eventType : 3, ext1 : 0, ext2 : 0
2026-02-22 13:05:39.609  1021-2292  ResourceMa...Helper-JNI system_server                        V  notify eventType : 3, ext1 : 0, ext2 : 0
2026-02-22 13:05:39.609 11441-11464 ResourceMa...Helper-JNI android                              V  JNIMediaResourceHelper::notify eventType : 3, ext1 : 0, ext2 : 0
2026-02-22 13:05:39.609 11441-11464 ResourceMa...Helper-JNI android                              V  notify eventType : 3, ext1 : 0, ext2 : 0
2026-02-22 13:05:39.609  1021-1249  SemMediaResourceHelper  system_server                        I  onState
2026-02-22 13:05:39.609  4198-4198  SemMediaResourceHelper  com.sec.android.sdhms                I  onState
2026-02-22 13:05:39.609 11441-11474 SemMediaResourceHelper  android                              I  onState
2026-02-22 13:05:39.609 11441-11474 DrmMediaResourceHelper  android                              I  onStateChanged size = 1
2026-02-22 13:05:39.609 11441-11474 DrmMediaResourceHelper  android                              I  resource type: 2,,,isSecured :  falseIsEncoder : truegetCodecState : 1getpid : 14307
2026-02-22 13:05:39.836  1021-1201  InputReader             system_server                        D  Btn_touch(7): value=1 when=248563.395087
2026-02-22 13:05:39.837  1021-1201  InputReader             system_server                        I  Touch event's action is 0x0 (id=3, t=0) [pCnt=1, s=0.31959 ] when=248563.395087
2026-02-22 13:05:39.838  1021-1021  InputDispatcher         system_server                        D  Inject motion (0/0): action=0x0, time=248563395087000, f=0x0, d=0 dsdx=1.000000 dtdx=0.000000
2026-02-22 13:05:39.839  1021-1200  InputDispatcher         system_server                        I  Delivering touch to (1478): action: 0x4, f=0x0, d=0, '168efb ', t=1 
2026-02-22 13:05:39.839  1021-1200  InputDispatcher         system_server                        I  Delivering touch to (8764): action: 0x0, f=0x0, d=0, '81cdcc1', t=1 
2026-02-22 13:05:39.841  1021-1200  PowerManagerService     system_server                        D  [api] userActivityFromNative : touch displayId=0 eventTime=248563395
2026-02-22 13:05:39.841  1988-1988  HoneySpace...putHandler com.sec.android.app.launcher         I  inputConsumers = [com.honeyspace.gesture.inputconsumer.InputConsumer$Companion$NO_OP$1@c9d3a01]
2026-02-22 13:05:39.841  1021-1065  GestureDetector         system_server                        I  obtain mCurrentDownEvent. id: 66421517 caller: com.android.server.wm.SystemGesturesPointerEventListener.onPointerEvent:204 com.android.server.wm.PointerEventDispatcher.onInputEvent:53 android.view.InputEventReceiver.dispatchInputEvent:337 
2026-02-22 13:05:39.841  1988-1988  HoneySpace.InputSession com.sec.android.app.launcher         I  inputConsumers = NO_OP
2026-02-22 13:05:39.842  1988-1988  HoneySpace.InputSession com.sec.android.app.launcher         I  open
2026-02-22 13:05:39.842  1021-1065  GestureDetector         system_server                        I  obtain mCurrentDownEvent. id: 66421517 caller: com.android.server.wm.SystemPerformancePointerEventListener.onPointerEvent:89 com.android.server.wm.PointerEventDispatcher.onInputEvent:53 android.view.InputEventReceiver.dispatchInputEvent:337 
2026-02-22 13:05:39.847  8764-8764  ViewRootIm...tyDefault] com.linkedin.android                 I  ViewPostIme pointer 0
2026-02-22 13:05:39.854  1021-1065  GestureDetector         system_server                        I  obtain mCurrentMotionEventRaw. action: 2 id: 701444670
2026-02-22 13:05:39.855  1021-1065  GestureDetector         system_server                        I  obtain mCurrentMotionEventRaw. action: 2 id: 701444670
2026-02-22 13:05:39.857   751-822   VSyncReactor            surfaceflinger                       I  Current= 60, Period= 60, hwcPeriod= 60
2026-02-22 13:05:39.858   751-751   Layer                   surfaceflinger                       I  Layer [Sprite#54446] hidden!! flag(0)
2026-02-22 13:05:39.869  1021-1201  InputReader             system_server                        D  Btn_touch(7): value=0 when=248563.428194
2026-02-22 13:05:39.869  1021-1201  InputReader             system_server                        I  Touch event's action is 0x1 (id=3, t=0) [pCnt=1, s=] when=248563.428194
2026-02-22 13:05:39.870  1021-1021  InputDispatcher         system_server                        D  Inject motion (0/0): action=0x1, time=248563428194000, f=0x0, d=0 dsdx=1.000000 dtdx=0.000000
2026-02-22 13:05:39.871  1021-3715  Compatibil...geReporter system_server                        D  Compat change id reported: 261072174; UID 10188; state: ENABLED
2026-02-22 13:05:39.871  1021-1200  InputDispatcher         system_server                        I  Delivering touch to (8764): action: 0x1, f=0x0, d=0, '81cdcc1', t=1 
2026-02-22 13:05:39.873  1988-1988  HoneySpace...putHandler com.sec.android.app.launcher         I  reset
2026-02-22 13:05:39.873  1988-1988  HoneySpace.InputSession com.sec.android.app.launcher         I  close
2026-02-22 13:05:39.873  8764-8764  ViewRootIm...tyDefault] com.linkedin.android                 I  ViewPostIme pointer 1
2026-02-22 13:05:39.876   751-751   SurfaceFlinger          surfaceflinger                       D  Display 4633128672291735931 HWC layers:
                                                                                                         DEVICE | 0xb4000074016e0480 | 0102 | RGBA_8888    |    0.0    0.0 1080.0 2408.0 |    0    0 1080 2408 | com.linkedin.android/com.linkedin.an[...]or.LaunchActivityDefault$_8764#57070
                                                                                                         DEVICE | 0xb4000073ea0e5d80 | 0100 | RGBA_8888    |    0.0    0.0 1080.0   65.0 |    0    0 1080   65 | StatusBar$_1478#89
                                                                                                         DEVICE | 0xb4000074016e2d00 | 0100 | RGBA_8888    |    0.0    0.0  388.0   90.0 |  692 2318 1080 2408 | SGestureOverlayWindow$_1988#56576
                                                                                                         DEVICE | 0xb4000073ee4d8600 | 0100 | RGBA_8888    |    0.0    0.0 1080.0  135.0 |    0 2273 1080 2408 | NavigationBar0$_1478#81
                                                                                                         DEVICE | 0xb4000073ee4da880 | 0100 | RGBA_8888    |    0.0    0.0   68.0   68.0 |   38  109  106  177 | bbq-wrapper#54449
2026-02-22 13:05:39.943  8764-8888  ConnectivityManager     com.linkedin.android                 D  StackLog: [android.net.ConnectivityManager.sendRequestForNetwork(ConnectivityManager.java:4359)] [android.net.ConnectivityManager.registerDefaultNetworkCallbackForUid(ConnectivityManager.java:4923)] [android.net.ConnectivityManager.registerDefaultNetworkCallback(ConnectivityManager.java:4890)] [android.net.ConnectivityManager.registerDefaultNetworkCallback(ConnectivityManager.java:4864)] [androidx.work.impl.utils.NetworkApi24.registerDefaultNetworkCallbackCompat(NetworkApi24.kt:1)] [androidx.work.impl.constraints.trackers.NetworkStateTracker24.startTracking(NetworkStateTracker.kt:18)] [androidx.work.impl.constraints.controllers.ConstraintController$track$1.invokeSuspend(ContraintControllers.kt:103)] [androidx.work.impl.constraints.controllers.ConstraintController$track$1.invoke(ContraintControllers.kt:13)] [kotlinx.coroutines.flow.ChannelFlowBuilder.collectTo(Builders.kt:3)] [kotlinx.coroutines.flow.CallbackFlowBuilder.collectTo(Builders.kt:59)] [kotlinx.coroutines.flow.internal.ChannelFlow$collectToFun$1.invokeSuspend(ChannelFlow.kt:33)] [kotlin.coroutines.jvm.internal.BaseContinuationImpl.resumeWith(ContinuationImpl.kt:6)] [kotlinx.coroutines.DispatchedTask.run(DispatchedTask.kt:118)] [androidx.work.impl.utils.SerialExecutorImpl$Task.run(SerialExecutorImpl.java:3)] [java.util.concurrent.ThreadPoolExecutor.runWorker(ThreadPoolExecutor.java:1145)] [java.util.concurrent.ThreadPoolExecutor$Worker.run(ThreadPoolExecutor.java:644)] [java.lang.Thread.run(Thread.java:1012)]
2026-02-22 13:05:39.946  1021-2292  ConnectivityService     system_server                        D  requestNetwork for uid/pid:10238/8764 activeRequest: null callbackRequest: 26669 [NetworkRequest [ REQUEST id=26670, [ Capabilities: INTERNET&NOT_RESTRICTED&TRUSTED&NOT_VCN_MANAGED Uid: 10238 RequestorUid: 10238 RequestorPkg: com.linkedin.android UnderlyingNetworks: Null] ]] callback flags: 0 order: 2147483647
2026-02-22 13:05:39.947  1021-1289  ConnectivityService     system_server                        D     accepting network in place of null
2026-02-22 13:05:39.954  1021-1257  WifiNetworkFactory      system_server                        D  got request NetworkRequest [ REQUEST id=26670, [ Capabilities: INTERNET&NOT_RESTRICTED&TRUSTED&NOT_VCN_MANAGED Uid: 10238 RequestorUid: 10238 RequestorPkg: com.linkedin.android UnderlyingNetworks: Null] ]
2026-02-22 13:05:39.954  1021-1257  UntrustedW...orkFactory system_server                        D  got request NetworkRequest [ REQUEST id=26670, [ Capabilities: INTERNET&NOT_RESTRICTED&TRUSTED&NOT_VCN_MANAGED Uid: 10238 RequestorUid: 10238 RequestorPkg: com.linkedin.android UnderlyingNetworks: Null] ]
2026-02-22 13:05:39.954  1021-1257  OemPaidWif...orkFactory system_server                        D  got request NetworkRequest [ REQUEST id=26670, [ Capabilities: INTERNET&NOT_RESTRICTED&TRUSTED&NOT_VCN_MANAGED Uid: 10238 RequestorUid: 10238 RequestorPkg: com.linkedin.android UnderlyingNetworks: Null] ]
2026-02-22 13:05:39.955  1021-1257  MultiInter...orkFactory system_server                        D  got request NetworkRequest [ REQUEST id=26670, [ Capabilities: INTERNET&NOT_RESTRICTED&TRUSTED&NOT_VCN_MANAGED Uid: 10238 RequestorUid: 10238 RequestorPkg: com.linkedin.android UnderlyingNetworks: Null] ]
2026-02-22 13:05:39.955  1021-1289  ConnectivityService     system_server                        D  Rematched networks [computed 1ms] [applied 2ms] [issued 6]
2026-02-22 13:05:39.955  1021-1289  ConnectivityService     system_server                        D  NetworkReassignment :
                                                                                                      26670 : null → 311
2026-02-22 13:05:40.063   751-751   SurfaceFlinger          surfaceflinger                       D  GPIS:: requestGPISForClientComposition
2026-02-22 13:05:40.106   751-751   Layer                   surfaceflinger                       I  Layer [Sprite#54446] hidden!! flag(1)
2026-02-22 13:05:40.118  1670-1670  EPDG -- SI...TCELLULAR] com.sec.epdg                         I  onSignalStrengthsChanged: SignalStrength:{mCdma=Invalid,mGsm=Invalid,mWcdma=Invalid,mTdscdma=Invalid,mLte=CellSignalStrengthLte: rssi=-107 rsrp=-107 rsrq=-9 rssnr=10 cqiTableIndex=1 cqi=12 ta=2147483647 level=3 parametersUseForLevel=0,mNr=Invalid,SignalBarInfo{ lteLevel=2 },rat=14,primary=CellSignalStrengthLte}
2026-02-22 13:05:40.118   751-751   SurfaceFlinger          surfaceflinger                       D  Display 4633128672291735931 HWC layers:
                                                                                                         DEVICE | 0xb4000073ee4d8300 | 0102 | RGBA_8888    |    0.0    0.0 1080.0 2408.0 |    0    0 1080 2408 | com.linkedin.android/com.linkedin.an[...]or.LaunchActivityDefault$_8764#57070
                                                                                                         DEVICE | 0xb4000073ea0e5d80 | 0100 | RGBA_8888    |    0.0    0.0 1080.0   65.0 |    0    0 1080   65 | StatusBar$_1478#89
                                                                                                         DEVICE | 0xb4000074016e2d00 | 0100 | RGBA_8888    |    0.0    0.0  388.0   90.0 |  692 2318 1080 2408 | SGestureOverlayWindow$_1988#56576
                                                                                                         DEVICE | 0xb4000073ee4d8600 | 0100 | RGBA_8888    |    0.0    0.0 1080.0  135.0 |    0 2273 1080 2408 | NavigationBar0$_1478#81
2026-02-22 13:05:40.119  1670-3226  EPDG -- SI...TCELLULAR] com.sec.epdg                         I  lastLteRSRP is -111 currentLteRSRP is -107 lastLteRSRQ is -9 currentLteRSRQ is -9 lastLteSNR is 10 currentLteSNR is 10
2026-02-22 13:05:40.120  1670-3226  EPDG -- SI...TCELLULAR] com.sec.epdg                         I  postLteRunnableFinal: mIsLteAvailable is true
2026-02-22 13:05:40.123  1478-1478  StatusBarIconController com.android.systemui                 D  ignoring old pipeline callbacks, because the new mobile icons are enabled
2026-02-22 13:05:40.127  1670-2404  EPDG -- SI...Scription] com.sec.epdg                         I  isOngoingConnectionOverWifi: returning result: falseConnected Check : false
2026-02-22 13:05:40.130  1670-2404  EPDG -- SI...Scription] com.sec.epdg                         I   mWifiRssiA :-65 mWifiRssiB:-75 mWifiRssiC:0 mWifiRssiRoveInWifiOnly:0 mWifiRssiRoveOutWifiOnly:0 mWifiRssiRoveInVoice:0 mLteRsrp1:-118 mLteRsrp2:0 mLteRsrp3:-110 mNrRsrp1:0 mNrRsrp2:0 mNrRsrp3:0
                                                                                                    TimerStatus :
2026-02-22 13:05:40.133  1670-2404  EPDG -- SI...sListener] com.sec.epdg                         I  getVoWifiSessionConnected: CALL: idle IPME: false result: false
2026-02-22 13:05:40.136  1670-2404  EPDG -- SI...Scription] com.sec.epdg                         I  getIsAirplaneMode: returning: false
2026-02-22 13:05:40.142  1021-1065  GestureDetector         system_server                        I  handleMessage TAP
2026-02-22 13:05:40.143  1021-1021  GestureDetector         system_server                        I  handleMessage TAP
2026-02-22 13:05:40.153 25333-25343 mes.timeclocker         com.burockgames.timeclocker          I  Background concurrent mark compact GC freed 687871(22MB) AllocSpace objects, 4(208KB) LOS objects, 49% free, 16MB/32MB, paused 811us,4.019ms total 103.426ms
2026-02-22 13:05:40.157  1670-2404  EPDG -- SI...PolicyMgr] com.sec.epdg                         I  isW2LRecommended: ims,idle EPDG not available
2026-02-22 13:05:40.157  1670-2404  EPDG -- SI...PolicyMgr] com.sec.epdg                         I  [HO_OPTIMIZATION]isW2LRecommended: ims,idle result=true
2026-02-22 13:05:40.158  1670-2404  EPDG -- SI...Scription] com.sec.epdg                         I  No SM for apnType: ims
2026-02-22 13:05:40.158  1670-2404  EPDG -- SI...Scription] com.sec.epdg                         I  isPdnConnectedOverWifi: returning result: false for apnType: ims
2026-02-22 13:05:40.158  1670-2404  EPDG -- SI...Scription] com.sec.epdg                         I  Firing W2L handover
2026-02-22 13:05:40.162  1670-2404  EPDG -- SI...Scription] com.sec.epdg                         I  Current Wifi RSSI:-57
2026-02-22 13:05:40.162  1670-2404  EPDG -- SI...Scription] com.sec.epdg                         I  startHandOverWifiToLte HOtype:0
2026-02-22 13:05:40.162  1670-2404  EPDG -- SI...Scription] com.sec.epdg                         I  [HANDOFF]Cannot trigger W2L HO: (AP ASSIST MODE) : 11
2026-02-22 13:05:40.164  1670-2404  EPDG -- SI...ontroller] com.sec.epdg                         I  isThrottleTimerRunning: apnType: ims. result: true
2026-02-22 13:05:40.164  1670-2404  EPDG -- SI...Scription] com.sec.epdg                         I  State is throttle. Waiting for the state to be reset.
2026-02-22 13:05:40.164  1670-2404  EPDG -- SI...ontroller] com.sec.epdg                         I  isThrottleTimerRunning: apnType: ims. result: true
2026-02-22 13:05:40.164  1670-2404  EPDG -- SI...Scription] com.sec.epdg                         I  State is throttle. Waiting for the state to be reset.
2026-02-22 13:05:40.164  1670-2404  EPDG -- SI...Scription] com.sec.epdg                         I  notifyQualifiedNetworksChange isEpdgAvailabilityRecommended():false, mLastestEpdgAvailableState:true
2026-02-22 13:05:40.168  1670-2404  EPDG -- SIM0 [UTILS]    com.sec.epdg                         I  getSubIdFromSpecifier() : specifier null
2026-02-22 13:05:40.168  1670-2404  EPDG -- SIM0 [UTILS]    com.sec.epdg                         I  getSubIdFromSpecifier() : return : 3
2026-02-22 13:05:40.168  1670-2404  EPDG -- SIM0 [UTILS]    com.sec.epdg                         I  getNetworkForType: subIdFromSpecifier: 3
2026-02-22 13:05:40.168  1670-2404  EPDG -- SIM0 [UTILS]    com.sec.epdg                         I  getNetworkForType: returning null
2026-02-22 13:05:40.168  1670-2404  EPDG -- SI...Scription] com.sec.epdg                         I  notifyQualifiedNetworksChange to telephony
2026-02-22 13:05:40.231  8764-8888  WM-WorkerWrapper        com.linkedin.android                 I  Worker result SUCCESS for Work [ id=adf12ca3-eb71-45ae-ba0a-6f60da10a663, tags={ com.linkedin.android.litrackinglib.network.SendTrackingEventWorker, send_one_batch_events_work } ]
2026-02-22 13:05:40.243  8764-8962  ConnectivityManager     com.linkedin.android                 D  StackLog: [android.net.ConnectivityManager.unregisterNetworkCallback(ConnectivityManager.java:5033)] [androidx.work.impl.utils.NetworkApi21.unregisterNetworkCallbackCompat(NetworkApi21.kt:1)] [androidx.work.impl.constraints.trackers.NetworkStateTracker24.stopTracking(NetworkStateTracker.kt:18)] [androidx.work.impl.constraints.controllers.ConstraintController$track$1$1.invoke(ContraintControllers.kt:26)] [kotlinx.coroutines.channels.ProduceKt.awaitClose(Produce.kt:106)] [kotlinx.coroutines.channels.ProduceKt$awaitClose$1.invokeSuspend(Produce.kt:11)] [kotlin.coroutines.jvm.internal.BaseContinuationImpl.resumeWith(ContinuationImpl.kt:6)] [kotlinx.coroutines.DispatchedTask.run(DispatchedTask.kt:108)] [androidx.work.impl.utils.SerialExecutorImpl$Task.run(SerialExecutorImpl.java:3)] [java.util.concurrent.ThreadPoolExecutor.runWorker(ThreadPoolExecutor.java:1145)] [java.util.concurrent.ThreadPoolExecutor$Worker.run(ThreadPoolExecutor.java:644)] [java.lang.Thread.run(Thread.java:1012)]
2026-02-22 13:05:40.244  1021-1289  ConnectivityService     system_server                        D   Removing from current network [311 WIFI], leaving 207 requests.
2026-02-22 13:05:40.438   909-939   bauth_FPBAuthService    ven...iometrics.fingerprint-service  I  pcf : 0x1012, 0 ,2 ,0 ,0 ,0 ,2, 8.0.0.3
2026-02-22 13:05:40.439   909-939   bauth_FPBAuthService    ven...iometrics.fingerprint-service  I  thread id : 2, preenroll_flag : 0, nd cnt : 1, cso : 1, et : 0
2026-02-22 13:05:40.439   909-939   bauth_FPBAuthService    ven...iometrics.fingerprint-service  I  FPBAuthService::timerHandler complete
2026-02-22 13:05:40.515  1021-2859  SemWifiUsa...atsMonitor system_server                        D  onWifiUsabilityStats - seqNum 30345, isSameBssidAndFreq true
2026-02-22 13:05:40.517  1021-1359  SemWifiLin...ityMonitor system_server                        I  Link stat: 2894 / 0 / 1,33 (187) / 65 / -61.0 || 100.0 : 65,00 / B (B) || 0,20 ms / 41,01 Mbps / N || 0 / N / 0 N / 0 Y
2026-02-22 13:05:40.624   751-751   SurfaceFlinger          surfaceflinger                       D  GPIS:: requestGPISForClientComposition
2026-02-22 13:05:40.772   462-462   io_stats                iod                                  D  !@   8,0 r 160429813 2507978998 w 50452086 423266536 d 3106897 371800756 f 1474931 4717324 iot 59801620 0 th 0 0 0 pt 0 inp 0 0 248564.331
2026-02-22 13:05:40.781  1478-1478  StatusBarIconController com.android.systemui                 D  ignoring old pipeline callbacks, because the new mobile icons are enabled
2026-02-22 13:05:40.999  1021-1201  InputReader             system_server                        D  Btn_touch(7): value=1 when=248564.558156
2026-02-22 13:05:41.000  1021-1201  InputReader             system_server                        I  Touch event's action is 0x0 (id=3, t=0) [pCnt=1, s=0.31960 ] when=248564.558156
2026-02-22 13:05:41.001  1021-1021  InputDispatcher         system_server                        D  Inject motion (0/0): action=0x0, time=248564558156000, f=0x0, d=0 dsdx=1.000000 dtdx=0.000000
2026-02-22 13:05:41.002  1021-1200  InputDispatcher         system_server                        I  Delivering touch to (1478): action: 0x4, f=0x0, d=0, '168efb ', t=1 
2026-02-22 13:05:41.002  1021-1200  InputDispatcher         system_server                        I  Delivering touch to (8764): action: 0x0, f=0x0, d=0, '81cdcc1', t=1 
2026-02-22 13:05:41.002  8764-8764  ViewRootIm...tyDefault] com.linkedin.android                 I  ViewPostIme pointer 0
2026-02-22 13:05:41.003  1988-1988  HoneySpace...putHandler com.sec.android.app.launcher         I  inputConsumers = [com.honeyspace.gesture.inputconsumer.InputConsumer$Companion$NO_OP$1@c9d3a01]
2026-02-22 13:05:41.003  1021-1200  PowerManagerService     system_server                        D  [api] userActivityFromNative : touch displayId=0 eventTime=248564558
2026-02-22 13:05:41.004  1988-1988  HoneySpace.InputSession com.sec.android.app.launcher         I  inputConsumers = NO_OP
2026-02-22 13:05:41.004  1021-1065  GestureDetector         system_server                        I  obtain mCurrentDownEvent. id: 861242122 caller: com.android.server.wm.SystemGesturesPointerEventListener.onPointerEvent:204 com.android.server.wm.PointerEventDispatcher.onInputEvent:53 android.view.InputEventReceiver.dispatchInputEvent:337 
2026-02-22 13:05:41.004  1021-1065  GestureDetector         system_server                        I  obtain mCurrentDownEvent. id: 861242122 caller: com.android.server.wm.SystemPerformancePointerEventListener.onPointerEvent:89 com.android.server.wm.PointerEventDispatcher.onInputEvent:53 android.view.InputEventReceiver.dispatchInputEvent:337 
2026-02-22 13:05:41.005  1988-1988  HoneySpace.InputSession com.sec.android.app.launcher         I  open
2026-02-22 13:05:41.020   751-751   Layer                   surfaceflinger                       I  Layer [Sprite#54446] hidden!! flag(0)
2026-02-22 13:05:41.036   751-751   SurfaceFlinger          surfaceflinger                       D  Display 4633128672291735931 HWC layers:
                                                                                                         DEVICE | 0xb4000073ee4d8300 | 0102 | RGBA_8888    |    0.0    0.0 1080.0 2408.0 |    0    0 1080 2408 | com.linkedin.android/com.linkedin.an[...]or.LaunchActivityDefault$_8764#57070
                                                                                                         DEVICE | 0xb4000073ea0e5d80 | 0100 | RGBA_8888    |    0.0    0.0 1080.0   65.0 |    0    0 1080   65 | StatusBar$_1478#89
                                                                                                         DEVICE | 0xb4000074016e2d00 | 0100 | RGBA_8888    |    0.0    0.0  388.0   90.0 |  692 2318 1080 2408 | SGestureOverlayWindow$_1988#56576
                                                                                                         DEVICE | 0xb4000073ee4d8600 | 0100 | RGBA_8888    |    0.0    0.0 1080.0  135.0 |    0 2273 1080 2408 | NavigationBar0$_1478#81
                                                                                                         DEVICE | 0xb4000074146ac180 | 0100 | RGBA_8888    |    0.0    0.0   68.0   68.0 |  553  451  621  519 | bbq-wrapper#54449
2026-02-22 13:05:41.041   683-14333 BufferPoolAccessor2.0   sam...hardware.media.c2@1.2-service  D  bufferpool2 0xb4000073a9e01628 : 3(7801920 size) total buffers - 1(2600640 size) used buffers - 358/361 (recycle/alloc) - 0/0 (fetch/transfer)
2026-02-22 13:05:41.071   683-14349 BufferPoolAccessor2.0   sam...hardware.media.c2@1.2-service  D  bufferpool2 0xb4000073ab844828 : 5(19506080 size) total buffers - 4(15604864 size) used buffers - 360/365 (recycle/alloc) - 12/360 (fetch/transfer)
2026-02-22 13:05:41.081  1021-1201  InputReader             system_server                        D  Btn_touch(7): value=0 when=248564.640680
2026-02-22 13:05:41.081  1021-1201  InputReader             system_server                        I  Touch event's action is 0x1 (id=3, t=0) [pCnt=1, s=] when=248564.640680
2026-02-22 13:05:41.082  1021-1021  InputDispatcher         system_server                        D  Inject motion (0/0): action=0x1, time=248564640680000, f=0x0, d=0 dsdx=1.000000 dtdx=0.000000
2026-02-22 13:05:41.083  1021-1200  InputDispatcher         system_server                        I  Delivering touch to (8764): action: 0x1, f=0x0, d=0, '81cdcc1', t=1 
2026-02-22 13:05:41.083  8764-8764  ViewRootIm...tyDefault] com.linkedin.android                 I  ViewPostIme pointer 1
2026-02-22 13:05:41.084  1988-1988  HoneySpace...putHandler com.sec.android.app.launcher         I  reset
2026-02-22 13:05:41.084  1988-1988  HoneySpace.InputSession com.sec.android.app.launcher         I  close
2026-02-22 13:05:41.084  1021-1065  GestureDetector         system_server                        I  obtain mCurrentMotionEventRaw. action: 1 id: 754219667
2026-02-22 13:05:41.084  1021-1065  GestureDetector         system_server                        I  obtain mCurrentMotionEventRaw. action: 1 id: 754219667
2026-02-22 13:05:41.099  8764-8772  inkedin.android         com.linkedin.android                 I  Method exceeds compiler instruction limit: 26034 in com.google.common.collect.RegularImmutableMap com.linkedin.android.infra.components.DaggerApplicationComponent$ConstructorInjectingFragmentSubcomponentImplShard.mapOfPresenterKeyAndProviderOfPresenterOf()
2026-02-22 13:05:41.118   751-2377  NativeSemDvfsManager    surfaceflinger                       D  acquire:: timeout = 2000 mIsAcquired = 1  mTagName : SurfaceFlinger 
2026-02-22 13:05:41.118   751-2377  NativeCust...ncyManager surfaceflinger                       E  [NativeCFMS] BpCustomFrequencyManager::acquire()
2026-02-22 13:05:41.119   676-723   HYPER-HAL               ven...amsung.hardware.hyper-service  I  [RequestManager.cpp]acquire(): Acquired ID : 1534876  [751 / 1000]    HINT : SF_GPU_MINLOCK    list : [TIMEOUT / 2000] 
2026-02-22 13:05:41.128  1021-1358  SemWifiServiceDetector  system_server                        I  NSD results: [0, 0, 2, 0, 0, 1, 2, 1, 0] Traff. type 1 Thr 18
2026-02-22 13:05:41.142   751-751   SurfaceFlinger          surfaceflinger                       D  GPIS:: requestGPISForClientComposition
2026-02-22 13:05:41.143  8764-8961  ConnectivityManager     com.linkedin.android                 D  StackLog: [android.net.ConnectivityManager.sendRequestForNetwork(ConnectivityManager.java:4359)] [android.net.ConnectivityManager.registerDefaultNetworkCallbackForUid(ConnectivityManager.java:4923)] [android.net.ConnectivityManager.registerDefaultNetworkCallback(ConnectivityManager.java:4890)] [android.net.ConnectivityManager.registerDefaultNetworkCallback(ConnectivityManager.java:4864)] [androidx.work.impl.utils.NetworkApi24.registerDefaultNetworkCallbackCompat(NetworkApi24.kt:1)] [androidx.work.impl.constraints.trackers.NetworkStateTracker24.startTracking(NetworkStateTracker.kt:18)] [androidx.work.impl.constraints.controllers.ConstraintController$track$1.invokeSuspend(ContraintControllers.kt:103)] [androidx.work.impl.constraints.controllers.ConstraintController$track$1.invoke(ContraintControllers.kt:13)] [kotlinx.coroutines.flow.ChannelFlowBuilder.collectTo(Builders.kt:3)] [kotlinx.coroutines.flow.CallbackFlowBuilder.collectTo(Builders.kt:59)] [kotlinx.coroutines.flow.internal.ChannelFlow$collectToFun$1.invokeSuspend(ChannelFlow.kt:33)] [kotlin.coroutines.jvm.internal.BaseContinuationImpl.resumeWith(ContinuationImpl.kt:6)] [kotlinx.coroutines.DispatchedTask.run(DispatchedTask.kt:118)] [androidx.work.impl.utils.SerialExecutorImpl$Task.run(SerialExecutorImpl.java:3)] [java.util.concurrent.ThreadPoolExecutor.runWorker(ThreadPoolExecutor.java:1145)] [java.util.concurrent.ThreadPoolExecutor$Worker.run(ThreadPoolExecutor.java:644)] [java.lang.Thread.run(Thread.java:1012)]
2026-02-22 13:05:41.147  1021-2648  ConnectivityService     system_server                        D  requestNetwork for uid/pid:10238/8764 activeRequest: null callbackRequest: 26671 [NetworkRequest [ REQUEST id=26672, [ Capabilities: INTERNET&NOT_RESTRICTED&TRUSTED&NOT_VCN_MANAGED Uid: 10238 RequestorUid: 10238 RequestorPkg: com.linkedin.android UnderlyingNetworks: Null] ]] callback flags: 0 order: 2147483647
2026-02-22 13:05:41.149  1021-1289  ConnectivityService     system_server                        D     accepting network in place of null
2026-02-22 13:05:41.158  1021-1257  WifiNetworkFactory      system_server                        D  got request NetworkRequest [ REQUEST id=26672, [ Capabilities: INTERNET&NOT_RESTRICTED&TRUSTED&NOT_VCN_MANAGED Uid: 10238 RequestorUid: 10238 RequestorPkg: com.linkedin.android UnderlyingNetworks: Null] ]
2026-02-22 13:05:41.158  1021-1257  UntrustedW...orkFactory system_server                        D  got request NetworkRequest [ REQUEST id=26672, [ Capabilities: INTERNET&NOT_RESTRICTED&TRUSTED&NOT_VCN_MANAGED Uid: 10238 RequestorUid: 10238 RequestorPkg: com.linkedin.android UnderlyingNetworks: Null] ]
2026-02-22 13:05:41.160  1021-1257  OemPaidWif...orkFactory system_server                        D  got request NetworkRequest [ REQUEST id=26672, [ Capabilities: INTERNET&NOT_RESTRICTED&TRUSTED&NOT_VCN_MANAGED Uid: 10238 RequestorUid: 10238 RequestorPkg: com.linkedin.android UnderlyingNetworks: Null] ]
2026-02-22 13:05:41.160  1021-1289  ConnectivityService     system_server                        D  Rematched networks [computed 0ms] [applied 2ms] [issued 10]
2026-02-22 13:05:41.161  1021-1289  ConnectivityService     system_server                        D  NetworkReassignment :
                                                                                                      26672 : null → 311
2026-02-22 13:05:41.161  1021-1257  MultiInter...orkFactory system_server                        D  got request NetworkRequest [ REQUEST id=26672, [ Capabilities: INTERNET&NOT_RESTRICTED&TRUSTED&NOT_VCN_MANAGED Uid: 10238 RequestorUid: 10238 RequestorPkg: com.linkedin.android UnderlyingNetworks: Null] ]
2026-02-22 13:05:41.304  1021-1021  GestureDetector         system_server                        I  handleMessage TAP
2026-02-22 13:05:41.304  1021-1065  GestureDetector         system_server                        I  handleMessage TAP
2026-02-22 13:05:41.320   751-751   Layer                   surfaceflinger                       I  Layer [Sprite#54446] hidden!! flag(1)
2026-02-22 13:05:41.336   751-751   SurfaceFlinger          surfaceflinger                       D  Display 4633128672291735931 HWC layers:
                                                                                                         DEVICE | 0xb4000073ea0e7100 | 0102 | RGBA_8888    |    0.0    0.0 1080.0 2408.0 |    0    0 1080 2408 | com.linkedin.android/com.linkedin.an[...]or.LaunchActivityDefault$_8764#57070
                                                                                                         DEVICE | 0xb4000073ea0e5d80 | 0100 | RGBA_8888    |    0.0    0.0 1080.0   65.0 |    0    0 1080   65 | StatusBar$_1478#89
                                                                                                         DEVICE | 0xb4000074016e2d00 | 0100 | RGBA_8888    |    0.0    0.0  388.0   90.0 |  692 2318 1080 2408 | SGestureOverlayWindow$_1988#56576
                                                                                                         DEVICE | 0xb4000073ee4d8600 | 0100 | RGBA_8888    |    0.0    0.0 1080.0  135.0 |    0 2273 1080 2408 | NavigationBar0$_1478#81
2026-02-22 13:05:41.383  8764-8888  WM-WorkerWrapper        com.linkedin.android                 I  Worker result SUCCESS for Work [ id=51cf150d-6844-4555-83c1-fcf2a9318431, tags={ com.linkedin.android.litrackinglib.network.SendTrackingEventWorker, send_one_batch_events_work } ]
2026-02-22 13:05:41.396  8764-8962  ConnectivityManager     com.linkedin.android                 D  StackLog: [android.net.ConnectivityManager.unregisterNetworkCallback(ConnectivityManager.java:5033)] [androidx.work.impl.utils.NetworkApi21.unregisterNetworkCallbackCompat(NetworkApi21.kt:1)] [androidx.work.impl.constraints.trackers.NetworkStateTracker24.stopTracking(NetworkStateTracker.kt:18)] [androidx.work.impl.constraints.controllers.ConstraintController$track$1$1.invoke(ContraintControllers.kt:26)] [kotlinx.coroutines.channels.ProduceKt.awaitClose(Produce.kt:106)] [kotlinx.coroutines.channels.ProduceKt$awaitClose$1.invokeSuspend(Produce.kt:11)] [kotlin.coroutines.jvm.internal.BaseContinuationImpl.resumeWith(ContinuationImpl.kt:6)] [kotlinx.coroutines.DispatchedTask.run(DispatchedTask.kt:108)] [androidx.work.impl.utils.SerialExecutorImpl$Task.run(SerialExecutorImpl.java:3)] [java.util.concurrent.ThreadPoolExecutor.runWorker(ThreadPoolExecutor.java:1145)] [java.util.concurrent.ThreadPoolExecutor$Worker.run(ThreadPoolExecutor.java:644)] [java.lang.Thread.run(Thread.java:1012)]
2026-02-22 13:05:41.399  1021-1289  ConnectivityService     system_server                        D   Removing from current network [311 WIFI], leaving 207 requests.
2026-02-22 13:05:41.439   909-939   bauth_FPBAuthService    ven...iometrics.fingerprint-service  I  pcf : 0x1012, 0 ,2 ,0 ,0 ,0 ,2, 8.0.0.3
2026-02-22 13:05:41.439   909-939   bauth_FPBAuthService    ven...iometrics.fingerprint-service  I  thread id : 2, preenroll_flag : 0, nd cnt : 1, cso : 1, et : 0
2026-02-22 13:05:41.439   909-939   bauth_FPBAuthService    ven...iometrics.fingerprint-service  I  FPBAuthService::timerHandler complete
